Archive member included to satisfy reference by file (symbol)

c:/st/stm32cubeide_1.4.0/stm32cubeide/plugins/com.st.stm32cube.ide.mcu.externaltools.gnu-tools-for-stm32.7-2018-q2-update.win32_1.4.0.202007081208/tools/bin/../lib/gcc/arm-none-eabi/7.3.1/../../../../arm-none-eabi/lib/thumb/v7e-m/fpv4-sp/hard\libc_nano.a(lib_a-errno.o)
                              Core/Src/syscalls.o (__errno)
c:/st/stm32cubeide_1.4.0/stm32cubeide/plugins/com.st.stm32cube.ide.mcu.externaltools.gnu-tools-for-stm32.7-2018-q2-update.win32_1.4.0.202007081208/tools/bin/../lib/gcc/arm-none-eabi/7.3.1/../../../../arm-none-eabi/lib/thumb/v7e-m/fpv4-sp/hard\libc_nano.a(lib_a-exit.o)
                              c:/st/stm32cubeide_1.4.0/stm32cubeide/plugins/com.st.stm32cube.ide.mcu.externaltools.gnu-tools-for-stm32.7-2018-q2-update.win32_1.4.0.202007081208/tools/bin/../lib/gcc/arm-none-eabi/7.3.1/../../../../arm-none-eabi/lib/thumb/v7e-m/fpv4-sp/hard/crt0.o (exit)
c:/st/stm32cubeide_1.4.0/stm32cubeide/plugins/com.st.stm32cube.ide.mcu.externaltools.gnu-tools-for-stm32.7-2018-q2-update.win32_1.4.0.202007081208/tools/bin/../lib/gcc/arm-none-eabi/7.3.1/../../../../arm-none-eabi/lib/thumb/v7e-m/fpv4-sp/hard\libc_nano.a(lib_a-impure.o)
                              c:/st/stm32cubeide_1.4.0/stm32cubeide/plugins/com.st.stm32cube.ide.mcu.externaltools.gnu-tools-for-stm32.7-2018-q2-update.win32_1.4.0.202007081208/tools/bin/../lib/gcc/arm-none-eabi/7.3.1/../../../../arm-none-eabi/lib/thumb/v7e-m/fpv4-sp/hard\libc_nano.a(lib_a-exit.o) (_global_impure_ptr)
c:/st/stm32cubeide_1.4.0/stm32cubeide/plugins/com.st.stm32cube.ide.mcu.externaltools.gnu-tools-for-stm32.7-2018-q2-update.win32_1.4.0.202007081208/tools/bin/../lib/gcc/arm-none-eabi/7.3.1/../../../../arm-none-eabi/lib/thumb/v7e-m/fpv4-sp/hard\libc_nano.a(lib_a-init.o)
                              c:/st/stm32cubeide_1.4.0/stm32cubeide/plugins/com.st.stm32cube.ide.mcu.externaltools.gnu-tools-for-stm32.7-2018-q2-update.win32_1.4.0.202007081208/tools/bin/../lib/gcc/arm-none-eabi/7.3.1/../../../../arm-none-eabi/lib/thumb/v7e-m/fpv4-sp/hard/crt0.o (__libc_init_array)
c:/st/stm32cubeide_1.4.0/stm32cubeide/plugins/com.st.stm32cube.ide.mcu.externaltools.gnu-tools-for-stm32.7-2018-q2-update.win32_1.4.0.202007081208/tools/bin/../lib/gcc/arm-none-eabi/7.3.1/../../../../arm-none-eabi/lib/thumb/v7e-m/fpv4-sp/hard\libc_nano.a(lib_a-memcpy-stub.o)
                              Middlewares/Third_Party/FreeRTOS/Source/queue.o (memcpy)
c:/st/stm32cubeide_1.4.0/stm32cubeide/plugins/com.st.stm32cube.ide.mcu.externaltools.gnu-tools-for-stm32.7-2018-q2-update.win32_1.4.0.202007081208/tools/bin/../lib/gcc/arm-none-eabi/7.3.1/../../../../arm-none-eabi/lib/thumb/v7e-m/fpv4-sp/hard\libc_nano.a(lib_a-memset.o)
                              c:/st/stm32cubeide_1.4.0/stm32cubeide/plugins/com.st.stm32cube.ide.mcu.externaltools.gnu-tools-for-stm32.7-2018-q2-update.win32_1.4.0.202007081208/tools/bin/../lib/gcc/arm-none-eabi/7.3.1/../../../../arm-none-eabi/lib/thumb/v7e-m/fpv4-sp/hard/crt0.o (memset)
c:/st/stm32cubeide_1.4.0/stm32cubeide/plugins/com.st.stm32cube.ide.mcu.externaltools.gnu-tools-for-stm32.7-2018-q2-update.win32_1.4.0.202007081208/tools/bin/../lib/gcc/arm-none-eabi/7.3.1/thumb/v7e-m/fpv4-sp/hard\libgcc.a(_arm_addsubdf3.o)
                              Core/Src/main.o (__aeabi_f2d)
c:/st/stm32cubeide_1.4.0/stm32cubeide/plugins/com.st.stm32cube.ide.mcu.externaltools.gnu-tools-for-stm32.7-2018-q2-update.win32_1.4.0.202007081208/tools/bin/../lib/gcc/arm-none-eabi/7.3.1/thumb/v7e-m/fpv4-sp/hard\libgcc.a(_arm_muldivdf3.o)
                              Core/Src/main.o (__aeabi_dmul)
c:/st/stm32cubeide_1.4.0/stm32cubeide/plugins/com.st.stm32cube.ide.mcu.externaltools.gnu-tools-for-stm32.7-2018-q2-update.win32_1.4.0.202007081208/tools/bin/../lib/gcc/arm-none-eabi/7.3.1/thumb/v7e-m/fpv4-sp/hard\libgcc.a(_arm_truncdfsf2.o)
                              Core/Src/main.o (__aeabi_d2f)

Allocating common symbols
Common symbol       size              file

TaskUartSendHandle  0x4               Core/Src/main.o
binSem1Handle       0x4               Core/Src/main.o
tickCounter         0x4               Core/Src/main.o
MutexEncoderHandle  0x4               Core/Src/main.o
uwTick              0x4               Drivers/STM32F3xx_HAL_Driver/Src/stm32f3xx_hal.o
xQueueRegistry      0x40              Middlewares/Third_Party/FreeRTOS/Source/queue.o
pFlash              0x20              Drivers/STM32F3xx_HAL_Driver/Src/stm32f3xx_hal_flash.o
htim3               0x4c              Core/Src/main.o
DataSendUart        0x14              Core/Src/main.o
MotorA_EncB         0x18              Core/Src/main.o
QueueUARTSendHandle
                    0x4               Core/Src/main.o
TaskPWMHandle       0x4               Core/Src/main.o
TaskVelRefHandle    0x4               Core/Src/main.o
BinSemPWMHandle     0x4               Core/Src/main.o
os_mailQ_cb_QueueUARTSnd
                    0x4               Core/Src/main.o
[...]
Memory Configuration

Name             Origin             Length             Attributes
CCMRAM           0x0000000010000000 0x0000000000004000 xrw
RAM              0x0000000020000000 0x0000000000010000 xrw
FLASH            0x0000000008000000 0x0000000000080000 xr
*default*        0x0000000000000000 0xffffffffffffffff

Linker script and memory map

LOAD c:/st/stm32cubeide_1.4.0/stm32cubeide/plugins/com.st.stm32cube.ide.mcu.externaltools.gnu-tools-for-stm32.7-2018-q2-update.win32_1.4.0.202007081208/tools/bin/../lib/gcc/arm-none-eabi/7.3.1/thumb/v7e-m/fpv4-sp/hard/crti.o
LOAD c:/st/stm32cubeide_1.4.0/stm32cubeide/plugins/com.st.stm32cube.ide.mcu.externaltools.gnu-tools-for-stm32.7-2018-q2-update.win32_1.4.0.202007081208/tools/bin/../lib/gcc/arm-none-eabi/7.3.1/thumb/v7e-m/fpv4-sp/hard/crtbegin.o
LOAD c:/st/stm32cubeide_1.4.0/stm32cubeide/plugins/com.st.stm32cube.ide.mcu.externaltools.gnu-tools-for-stm32.7-2018-q2-update.win32_1.4.0.202007081208/tools/bin/../lib/gcc/arm-none-eabi/7.3.1/../../../../arm-none-eabi/lib/thumb/v7e-m/fpv4-sp/hard/crt0.o
LOAD Core/Src/freertos.o
LOAD Core/Src/main.o
LOAD Core/Src/stm32f3xx_hal_msp.o
LOAD Core/Src/stm32f3xx_hal_timebase_tim.o
LOAD Core/Src/stm32f3xx_it.o
LOAD Core/Src/syscalls.o
LOAD Core/Src/sysmem.o
LOAD Core/Src/system_stm32f3xx.o
LOAD Core/Startup/startup_stm32f303retx.o
LOAD Drivers/STM32F3xx_HAL_Driver/Src/stm32f3xx_hal.o
LOAD Drivers/STM32F3xx_HAL_Driver/Src/stm32f3xx_hal_cortex.o
LOAD Drivers/STM32F3xx_HAL_Driver/Src/stm32f3xx_hal_dma.o
LOAD Drivers/STM32F3xx_HAL_Driver/Src/stm32f3xx_hal_exti.o
LOAD Drivers/STM32F3xx_HAL_Driver/Src/stm32f3xx_hal_flash.o
LOAD Drivers/STM32F3xx_HAL_Driver/Src/stm32f3xx_hal_flash_ex.o
LOAD Drivers/STM32F3xx_HAL_Driver/Src/stm32f3xx_hal_gpio.o
LOAD Drivers/STM32F3xx_HAL_Driver/Src/stm32f3xx_hal_i2c.o
LOAD Drivers/STM32F3xx_HAL_Driver/Src/stm32f3xx_hal_i2c_ex.o
LOAD Drivers/STM32F3xx_HAL_Driver/Src/stm32f3xx_hal_pwr.o
LOAD Drivers/STM32F3xx_HAL_Driver/Src/stm32f3xx_hal_pwr_ex.o
LOAD Drivers/STM32F3xx_HAL_Driver/Src/stm32f3xx_hal_rcc.o
LOAD Drivers/STM32F3xx_HAL_Driver/Src/stm32f3xx_hal_rcc_ex.o
LOAD Drivers/STM32F3xx_HAL_Driver/Src/stm32f3xx_hal_tim.o
LOAD Drivers/STM32F3xx_HAL_Driver/Src/stm32f3xx_hal_tim_ex.o
LOAD Drivers/STM32F3xx_HAL_Driver/Src/stm32f3xx_hal_uart.o
LOAD Drivers/STM32F3xx_HAL_Driver/Src/stm32f3xx_hal_uart_ex.o
LOAD Middlewares/Third_Party/FreeRTOS/Source/CMSIS_RTOS/cmsis_os.o
LOAD Middlewares/Third_Party/FreeRTOS/Source/croutine.o
LOAD Middlewares/Third_Party/FreeRTOS/Source/event_groups.o
LOAD Middlewares/Third_Party/FreeRTOS/Source/list.o
LOAD Middlewares/Third_Party/FreeRTOS/Source/queue.o
LOAD Middlewares/Third_Party/FreeRTOS/Source/stream_buffer.o
LOAD Middlewares/Third_Party/FreeRTOS/Source/tasks.o
LOAD Middlewares/Third_Party/FreeRTOS/Source/timers.o
LOAD Middlewares/Third_Party/FreeRTOS/Source/portable/GCC/ARM_CM4F/port.o
LOAD Middlewares/Third_Party/FreeRTOS/Source/portable/MemMang/heap_4.o
START GROUP
LOAD c:/st/stm32cubeide_1.4.0/stm32cubeide/plugins/com.st.stm32cube.ide.mcu.externaltools.gnu-tools-for-stm32.7-2018-q2-update.win32_1.4.0.202007081208/tools/bin/../lib/gcc/arm-none-eabi/7.3.1/../../../../arm-none-eabi/lib/thumb/v7e-m/fpv4-sp/hard\libc_nano.a
LOAD c:/st/stm32cubeide_1.4.0/stm32cubeide/plugins/com.st.stm32cube.ide.mcu.externaltools.gnu-tools-for-stm32.7-2018-q2-update.win32_1.4.0.202007081208/tools/bin/../lib/gcc/arm-none-eabi/7.3.1/../../../../arm-none-eabi/lib/thumb/v7e-m/fpv4-sp/hard\libm.a
END GROUP
START GROUP
LOAD c:/st/stm32cubeide_1.4.0/stm32cubeide/plugins/com.st.stm32cube.ide.mcu.externaltools.gnu-tools-for-stm32.7-2018-q2-update.win32_1.4.0.202007081208/tools/bin/../lib/gcc/arm-none-eabi/7.3.1/thumb/v7e-m/fpv4-sp/hard\libgcc.a
LOAD c:/st/stm32cubeide_1.4.0/stm32cubeide/plugins/com.st.stm32cube.ide.mcu.externaltools.gnu-tools-for-stm32.7-2018-q2-update.win32_1.4.0.202007081208/tools/bin/../lib/gcc/arm-none-eabi/7.3.1/../../../../arm-none-eabi/lib/thumb/v7e-m/fpv4-sp/hard\libc_nano.a
END GROUP
START GROUP
LOAD c:/st/stm32cubeide_1.4.0/stm32cubeide/plugins/com.st.stm32cube.ide.mcu.externaltools.gnu-tools-for-stm32.7-2018-q2-update.win32_1.4.0.202007081208/tools/bin/../lib/gcc/arm-none-eabi/7.3.1/thumb/v7e-m/fpv4-sp/hard\libgcc.a
LOAD c:/st/stm32cubeide_1.4.0/stm32cubeide/plugins/com.st.stm32cube.ide.mcu.externaltools.gnu-tools-for-stm32.7-2018-q2-update.win32_1.4.0.202007081208/tools/bin/../lib/gcc/arm-none-eabi/7.3.1/../../../../arm-none-eabi/lib/thumb/v7e-m/fpv4-sp/hard\libc_nano.a
LOAD c:/st/stm32cubeide_1.4.0/stm32cubeide/plugins/com.st.stm32cube.ide.mcu.externaltools.gnu-tools-for-stm32.7-2018-q2-update.win32_1.4.0.202007081208/tools/bin/../lib/gcc/arm-none-eabi/7.3.1/../../../../arm-none-eabi/lib/thumb/v7e-m/fpv4-sp/hard\libnosys.a
END GROUP
START GROUP
LOAD c:/st/stm32cubeide_1.4.0/stm32cubeide/plugins/com.st.stm32cube.ide.mcu.externaltools.gnu-tools-for-stm32.7-2018-q2-update.win32_1.4.0.202007081208/tools/bin/../lib/gcc/arm-none-eabi/7.3.1/thumb/v7e-m/fpv4-sp/hard\libgcc.a
LOAD c:/st/stm32cubeide_1.4.0/stm32cubeide/plugins/com.st.stm32cube.ide.mcu.externaltools.gnu-tools-for-stm32.7-2018-q2-update.win32_1.4.0.202007081208/tools/bin/../lib/gcc/arm-none-eabi/7.3.1/../../../../arm-none-eabi/lib/thumb/v7e-m/fpv4-sp/hard\libc_nano.a
LOAD c:/st/stm32cubeide_1.4.0/stm32cubeide/plugins/com.st.stm32cube.ide.mcu.externaltools.gnu-tools-for-stm32.7-2018-q2-update.win32_1.4.0.202007081208/tools/bin/../lib/gcc/arm-none-eabi/7.3.1/../../../../arm-none-eabi/lib/thumb/v7e-m/fpv4-sp/hard\libnosys.a
END GROUP
LOAD c:/st/stm32cubeide_1.4.0/stm32cubeide/plugins/com.st.stm32cube.ide.mcu.externaltools.gnu-tools-for-stm32.7-2018-q2-update.win32_1.4.0.202007081208/tools/bin/../lib/gcc/arm-none-eabi/7.3.1/thumb/v7e-m/fpv4-sp/hard/crtend.o
LOAD c:/st/stm32cubeide_1.4.0/stm32cubeide/plugins/com.st.stm32cube.ide.mcu.externaltools.gnu-tools-for-stm32.7-2018-q2-update.win32_1.4.0.202007081208/tools/bin/../lib/gcc/arm-none-eabi/7.3.1/thumb/v7e-m/fpv4-sp/hard/crtn.o
                0x0000000020010000                _estack = (ORIGIN (RAM) + LENGTH (RAM))
                0x0000000000000200                _Min_Heap_Size = 0x200
                0x0000000000000400                _Min_Stack_Size = 0x400

.isr_vector     0x0000000008000000      0x194
                0x0000000008000000                . = ALIGN (0x4)
 *(.isr_vector)
 .isr_vector    0x0000000008000000      0x194 Core/Startup/startup_stm32f303retx.o
                0x0000000008000000                g_pfnVectors
                0x0000000008000194                . = ALIGN (0x4)

.text           0x00000000080001a0     0x8c74
                0x00000000080001a0                . = ALIGN (0x4)
 *(.text)
 .text          0x00000000080001a0       0x40 c:/st/stm32cubeide_1.4.0/stm32cubeide/plugins/com.st.stm32cube.ide.mcu.externaltools.gnu-tools-for-stm32.7-2018-q2-update.win32_1.4.0.202007081208/tools/bin/../lib/gcc/arm-none-eabi/7.3.1/thumb/v7e-m/fpv4-sp/hard/crtbegin.o
 .text          0x00000000080001e0      0x378 c:/st/stm32cubeide_1.4.0/stm32cubeide/plugins/com.st.stm32cube.ide.mcu.externaltools.gnu-tools-for-stm32.7-2018-q2-update.win32_1.4.0.202007081208/tools/bin/../lib/gcc/arm-none-eabi/7.3.1/thumb/v7e-m/fpv4-sp/hard\libgcc.a(_arm_addsubdf3.o)
                0x00000000080001e0                __aeabi_drsub
                0x00000000080001e8                __aeabi_dsub
                0x00000000080001e8                __subdf3
                0x00000000080001ec                __aeabi_dadd
                0x00000000080001ec                __adddf3
                0x0000000008000464                __floatunsidf
                0x0000000008000464                __aeabi_ui2d
                0x0000000008000484                __floatsidf
                0x0000000008000484                __aeabi_i2d
                0x00000000080004a8                __aeabi_f2d
                0x00000000080004a8                __extendsfdf2
                0x00000000080004ec                __floatundidf
                0x00000000080004ec                __aeabi_ul2d
                0x00000000080004fc                __floatdidf
                0x00000000080004fc                __aeabi_l2d
 .text          0x0000000008000558      0x424 c:/st/stm32cubeide_1.4.0/stm32cubeide/plugins/com.st.stm32cube.ide.mcu.externaltools.gnu-tools-for-stm32.7-2018-q2-update.win32_1.4.0.202007081208/tools/bin/../lib/gcc/arm-none-eabi/7.3.1/thumb/v7e-m/fpv4-sp/hard\libgcc.a(_arm_muldivdf3.o)
                0x0000000008000558                __aeabi_dmul
                0x0000000008000558                __muldf3
                0x00000000080007ac                __divdf3
                0x00000000080007ac                __aeabi_ddiv
 .text          0x000000000800097c       0xa0 c:/st/stm32cubeide_1.4.0/stm32cubeide/plugins/com.st.stm32cube.ide.mcu.externaltools.gnu-tools-for-stm32.7-2018-q2-update.win32_1.4.0.202007081208/tools/bin/../lib/gcc/arm-none-eabi/7.3.1/thumb/v7e-m/fpv4-sp/hard\libgcc.a(_arm_truncdfsf2.o)
                0x000000000800097c                __truncdfsf2
                0x000000000800097c                __aeabi_d2f
 *(.text*)
 .text.vApplicationGetIdleTaskMemory
                0x0000000008000a1c       0x34 Core/Src/freertos.o
                0x0000000008000a1c                vApplicationGetIdleTaskMemory
 .text.main     0x0000000008000a50      0x1a8 Core/Src/main.o
                0x0000000008000a50                main
 .text.SystemClock_Config
                0x0000000008000bf8       0xc8 Core/Src/main.o
                0x0000000008000bf8                SystemClock_Config
 .text.MX_TIM1_Init
                0x0000000008000cc0      0x104 Core/Src/main.o
 .text.MX_TIM3_Init
                0x0000000008000dc4      0x10c Core/Src/main.o
 .text.MX_USART2_UART_Init
                0x0000000008000ed0       0x60 Core/Src/main.o
 .text.MX_GPIO_Init
                0x0000000008000f30       0xfc Core/Src/main.o
 .text.set_PWM  0x000000000800102c       0x5e Core/Src/main.o
                0x000000000800102c                set_PWM
 *fill*         0x000000000800108a        0x2 
 .text.HAL_TIM_IC_CaptureCallback
                0x000000000800108c      0x140 Core/Src/main.o
                0x000000000800108c                HAL_TIM_IC_CaptureCallback
 .text.HAL_GPIO_EXTI_Callback
                0x00000000080011cc       0x28 Core/Src/main.o
                0x00000000080011cc                HAL_GPIO_EXTI_Callback
 .text.TaskVelRef_App
                0x00000000080011f4       0xc8 Core/Src/main.o
                0x00000000080011f4                TaskVelRef_App
 *fill*         0x00000000080012bc        0x4 
 .text.TaskControl_App
                0x00000000080012c0      0x278 Core/Src/main.o
                0x00000000080012c0                TaskControl_App
 .text.TaskPWM_App
                0x0000000008001538      0x138 Core/Src/main.o
                0x0000000008001538                TaskPWM_App
 .text.TaskMotorSpeed_App
                0x0000000008001670      0x110 Core/Src/main.o
                0x0000000008001670                TaskMotorSpeed_App
 .text.TaskUartSend_App
                0x0000000008001780       0x98 Core/Src/main.o
                0x0000000008001780                TaskUartSend_App
 .text.HAL_TIM_PeriodElapsedCallback
                0x0000000008001818       0x30 Core/Src/main.o
                0x0000000008001818                HAL_TIM_PeriodElapsedCallback
 .text.Error_Handler
                0x0000000008001848        0xe Core/Src/main.o
                0x0000000008001848                Error_Handler
 *fill*         0x0000000008001856        0x2 
 .text.HAL_MspInit
                0x0000000008001858       0x48 Core/Src/stm32f3xx_hal_msp.o
                0x0000000008001858                HAL_MspInit
 .text.HAL_TIM_Base_MspInit
                0x00000000080018a0       0xc0 Core/Src/stm32f3xx_hal_msp.o
                0x00000000080018a0                HAL_TIM_Base_MspInit
 .text.HAL_TIM_MspPostInit
                0x0000000008001960       0x6c Core/Src/stm32f3xx_hal_msp.o
                0x0000000008001960                HAL_TIM_MspPostInit
 .text.HAL_UART_MspInit
                0x00000000080019cc       0x84 Core/Src/stm32f3xx_hal_msp.o
                0x00000000080019cc                HAL_UART_MspInit
 .text.HAL_InitTick
                0x0000000008001a50       0xb0 Core/Src/stm32f3xx_hal_timebase_tim.o
                0x0000000008001a50                HAL_InitTick
 .text.NMI_Handler
                0x0000000008001b00        0xe Core/Src/stm32f3xx_it.o
                0x0000000008001b00                NMI_Handler
 .text.HardFault_Handler
                0x0000000008001b0e        0x6 Core/Src/stm32f3xx_it.o
                0x0000000008001b0e                HardFault_Handler
 .text.MemManage_Handler
                0x0000000008001b14        0x6 Core/Src/stm32f3xx_it.o
                0x0000000008001b14                MemManage_Handler
 .text.BusFault_Handler
                0x0000000008001b1a        0x6 Core/Src/stm32f3xx_it.o
                0x0000000008001b1a                BusFault_Handler
 .text.UsageFault_Handler
                0x0000000008001b20        0x6 Core/Src/stm32f3xx_it.o
                0x0000000008001b20                UsageFault_Handler
 .text.DebugMon_Handler
                0x0000000008001b26        0xe Core/Src/stm32f3xx_it.o
                0x0000000008001b26                DebugMon_Handler
 .text.TIM1_CC_IRQHandler
                0x0000000008001b34       0x14 Core/Src/stm32f3xx_it.o
                0x0000000008001b34                TIM1_CC_IRQHandler
 .text.EXTI15_10_IRQHandler
                0x0000000008001b48       0x10 Core/Src/stm32f3xx_it.o
                0x0000000008001b48                EXTI15_10_IRQHandler
 .text.TIM6_DAC_IRQHandler
                0x0000000008001b58       0x14 Core/Src/stm32f3xx_it.o
                0x0000000008001b58                TIM6_DAC_IRQHandler
 .text.SystemInit
                0x0000000008001b6c       0x24 Core/Src/system_stm32f3xx.o
                0x0000000008001b6c                SystemInit
 .text.Reset_Handler
                0x0000000008001b90       0x50 Core/Startup/startup_stm32f303retx.o
                0x0000000008001b90                Reset_Handler
 .text.Default_Handler
                0x0000000008001be0        0x2 Core/Startup/startup_stm32f303retx.o
                0x0000000008001be0                RTC_Alarm_IRQHandler
                0x0000000008001be0                TIM8_TRG_COM_IRQHandler
                0x0000000008001be0                TIM8_CC_IRQHandler
                0x0000000008001be0                SPI4_IRQHandler
                0x0000000008001be0                USB_HP_IRQHandler
                0x0000000008001be0                PVD_IRQHandler
                0x0000000008001be0                TAMP_STAMP_IRQHandler
                0x0000000008001be0                EXTI3_IRQHandler
                0x0000000008001be0                I2C3_ER_IRQHandler
                0x0000000008001be0                USB_HP_CAN_TX_IRQHandler
                0x0000000008001be0                EXTI0_IRQHandler
                0x0000000008001be0                I2C2_EV_IRQHandler
                0x0000000008001be0                FPU_IRQHandler
                0x0000000008001be0                TIM1_UP_TIM16_IRQHandler
                0x0000000008001be0                ADC1_2_IRQHandler
                0x0000000008001be0                SPI1_IRQHandler
                0x0000000008001be0                CAN_SCE_IRQHandler
                0x0000000008001be0                TIM8_UP_IRQHandler
                0x0000000008001be0                DMA2_Channel2_IRQHandler
                0x0000000008001be0                DMA1_Channel4_IRQHandler
                0x0000000008001be0                TIM20_TRG_COM_IRQHandler
                0x0000000008001be0                USART3_IRQHandler
                0x0000000008001be0                DMA1_Channel7_IRQHandler
                0x0000000008001be0                UART5_IRQHandler
                0x0000000008001be0                ADC3_IRQHandler
                0x0000000008001be0                TIM4_IRQHandler
                0x0000000008001be0                CAN_RX1_IRQHandler
                0x0000000008001be0                DMA2_Channel1_IRQHandler
                0x0000000008001be0                I2C1_EV_IRQHandler
                0x0000000008001be0                DMA1_Channel6_IRQHandler
                0x0000000008001be0                UART4_IRQHandler
                0x0000000008001be0                DMA2_Channel4_IRQHandler
                0x0000000008001be0                TIM3_IRQHandler
                0x0000000008001be0                RCC_IRQHandler
                0x0000000008001be0                TIM20_UP_IRQHandler
                0x0000000008001be0                DMA1_Channel1_IRQHandler
                0x0000000008001be0                Default_Handler
                0x0000000008001be0                USBWakeUp_RMP_IRQHandler
                0x0000000008001be0                TIM7_IRQHandler
                0x0000000008001be0                I2C3_EV_IRQHandler
                0x0000000008001be0                EXTI9_5_IRQHandler
                0x0000000008001be0                RTC_WKUP_IRQHandler
                0x0000000008001be0                SPI2_IRQHandler
                0x0000000008001be0                USB_LP_CAN_RX0_IRQHandler
                0x0000000008001be0                DMA2_Channel5_IRQHandler
                0x0000000008001be0                DMA1_Channel5_IRQHandler
                0x0000000008001be0                USB_LP_IRQHandler
                0x0000000008001be0                EXTI4_IRQHandler
                0x0000000008001be0                TIM1_TRG_COM_TIM17_IRQHandler
                0x0000000008001be0                DMA1_Channel3_IRQHandler
                0x0000000008001be0                ADC4_IRQHandler
                0x0000000008001be0                WWDG_IRQHandler
                0x0000000008001be0                TIM2_IRQHandler
                0x0000000008001be0                COMP7_IRQHandler
                0x0000000008001be0                COMP1_2_3_IRQHandler
                0x0000000008001be0                EXTI1_IRQHandler
                0x0000000008001be0                USART2_IRQHandler
                0x0000000008001be0                COMP4_5_6_IRQHandler
                0x0000000008001be0                TIM20_BRK_IRQHandler
                0x0000000008001be0                I2C2_ER_IRQHandler
                0x0000000008001be0                DMA1_Channel2_IRQHandler
                0x0000000008001be0                TIM8_BRK_IRQHandler
                0x0000000008001be0                FLASH_IRQHandler
                0x0000000008001be0                TIM20_CC_IRQHandler
                0x0000000008001be0                USART1_IRQHandler
                0x0000000008001be0                SPI3_IRQHandler
                0x0000000008001be0                I2C1_ER_IRQHandler
                0x0000000008001be0                FMC_IRQHandler
                0x0000000008001be0                USBWakeUp_IRQHandler
                0x0000000008001be0                DMA2_Channel3_IRQHandler
                0x0000000008001be0                EXTI2_TSC_IRQHandler
                0x0000000008001be0                TIM1_BRK_TIM15_IRQHandler
 *fill*         0x0000000008001be2        0x2 
 .text.HAL_Init
                0x0000000008001be4       0x2c Drivers/STM32F3xx_HAL_Driver/Src/stm32f3xx_hal.o
                0x0000000008001be4                HAL_Init
 .text.HAL_IncTick
                0x0000000008001c10       0x28 Drivers/STM32F3xx_HAL_Driver/Src/stm32f3xx_hal.o
                0x0000000008001c10                HAL_IncTick
 .text.HAL_GetTick
                0x0000000008001c38       0x18 Drivers/STM32F3xx_HAL_Driver/Src/stm32f3xx_hal.o
                0x0000000008001c38                HAL_GetTick
 .text.__NVIC_SetPriorityGrouping
                0x0000000008001c50       0x48 Drivers/STM32F3xx_HAL_Driver/Src/stm32f3xx_hal_cortex.o
 .text.__NVIC_GetPriorityGrouping
                0x0000000008001c98       0x1c Drivers/STM32F3xx_HAL_Driver/Src/stm32f3xx_hal_cortex.o
 .text.__NVIC_EnableIRQ
                0x0000000008001cb4       0x3c Drivers/STM32F3xx_HAL_Driver/Src/stm32f3xx_hal_cortex.o
 .text.__NVIC_SetPriority
                0x0000000008001cf0       0x54 Drivers/STM32F3xx_HAL_Driver/Src/stm32f3xx_hal_cortex.o
 .text.NVIC_EncodePriority
                0x0000000008001d44       0x66 Drivers/STM32F3xx_HAL_Driver/Src/stm32f3xx_hal_cortex.o
 .text.HAL_NVIC_SetPriorityGrouping
                0x0000000008001daa       0x16 Drivers/STM32F3xx_HAL_Driver/Src/stm32f3xx_hal_cortex.o
                0x0000000008001daa                HAL_NVIC_SetPriorityGrouping
 .text.HAL_NVIC_SetPriority
                0x0000000008001dc0       0x38 Drivers/STM32F3xx_HAL_Driver/Src/stm32f3xx_hal_cortex.o
                0x0000000008001dc0                HAL_NVIC_SetPriority
 .text.HAL_NVIC_EnableIRQ
                0x0000000008001df8       0x1c Drivers/STM32F3xx_HAL_Driver/Src/stm32f3xx_hal_cortex.o
                0x0000000008001df8                HAL_NVIC_EnableIRQ
 .text.HAL_GPIO_Init
                0x0000000008001e14      0x314 Drivers/STM32F3xx_HAL_Driver/Src/stm32f3xx_hal_gpio.o
                0x0000000008001e14                HAL_GPIO_Init
 .text.HAL_GPIO_ReadPin
                0x0000000008002128       0x30 Drivers/STM32F3xx_HAL_Driver/Src/stm32f3xx_hal_gpio.o
                0x0000000008002128                HAL_GPIO_ReadPin
 .text.HAL_GPIO_WritePin
                0x0000000008002158       0x30 Drivers/STM32F3xx_HAL_Driver/Src/stm32f3xx_hal_gpio.o
                0x0000000008002158                HAL_GPIO_WritePin
 .text.HAL_GPIO_EXTI_IRQHandler
                0x0000000008002188       0x30 Drivers/STM32F3xx_HAL_Driver/Src/stm32f3xx_hal_gpio.o
                0x0000000008002188                HAL_GPIO_EXTI_IRQHandler
 .text.HAL_RCC_OscConfig
                0x00000000080021b8      0xe2c Drivers/STM32F3xx_HAL_Driver/Src/stm32f3xx_hal_rcc.o
                0x00000000080021b8                HAL_RCC_OscConfig
 .text.HAL_RCC_ClockConfig
                0x0000000008002fe4      0x2f8 Drivers/STM32F3xx_HAL_Driver/Src/stm32f3xx_hal_rcc.o
                0x0000000008002fe4                HAL_RCC_ClockConfig
 .text.HAL_RCC_GetSysClockFreq
                0x00000000080032dc       0xd4 Drivers/STM32F3xx_HAL_Driver/Src/stm32f3xx_hal_rcc.o
                0x00000000080032dc                HAL_RCC_GetSysClockFreq
 .text.HAL_RCC_GetHCLKFreq
                0x00000000080033b0       0x18 Drivers/STM32F3xx_HAL_Driver/Src/stm32f3xx_hal_rcc.o
                0x00000000080033b0                HAL_RCC_GetHCLKFreq
 .text.HAL_RCC_GetPCLK1Freq
                0x00000000080033c8       0x44 Drivers/STM32F3xx_HAL_Driver/Src/stm32f3xx_hal_rcc.o
                0x00000000080033c8                HAL_RCC_GetPCLK1Freq
 .text.HAL_RCC_GetPCLK2Freq
                0x000000000800340c       0x44 Drivers/STM32F3xx_HAL_Driver/Src/stm32f3xx_hal_rcc.o
                0x000000000800340c                HAL_RCC_GetPCLK2Freq
 .text.HAL_RCC_GetClockConfig
                0x0000000008003450       0x64 Drivers/STM32F3xx_HAL_Driver/Src/stm32f3xx_hal_rcc.o
                0x0000000008003450                HAL_RCC_GetClockConfig
 .text.HAL_RCCEx_PeriphCLKConfig
                0x00000000080034b4      0x43c Drivers/STM32F3xx_HAL_Driver/Src/stm32f3xx_hal_rcc_ex.o
                0x00000000080034b4                HAL_RCCEx_PeriphCLKConfig
 .text.HAL_TIM_Base_Init
                0x00000000080038f0       0xae Drivers/STM32F3xx_HAL_Driver/Src/stm32f3xx_hal_tim.o
                0x00000000080038f0                HAL_TIM_Base_Init
 *fill*         0x000000000800399e        0x2 
 .text.HAL_TIM_Base_Start_IT
                0x00000000080039a0       0xe0 Drivers/STM32F3xx_HAL_Driver/Src/stm32f3xx_hal_tim.o
                0x00000000080039a0                HAL_TIM_Base_Start_IT
 .text.HAL_TIM_PWM_Init
                0x0000000008003a80       0xae Drivers/STM32F3xx_HAL_Driver/Src/stm32f3xx_hal_tim.o
                0x0000000008003a80                HAL_TIM_PWM_Init
 .text.HAL_TIM_PWM_MspInit
                0x0000000008003b2e       0x14 Drivers/STM32F3xx_HAL_Driver/Src/stm32f3xx_hal_tim.o
                0x0000000008003b2e                HAL_TIM_PWM_MspInit
 *fill*         0x0000000008003b42        0x2 
 .text.HAL_TIM_PWM_Start
                0x0000000008003b44      0x218 Drivers/STM32F3xx_HAL_Driver/Src/stm32f3xx_hal_tim.o
                0x0000000008003b44                HAL_TIM_PWM_Start
 .text.HAL_TIM_PWM_Stop
                0x0000000008003d5c      0x138 Drivers/STM32F3xx_HAL_Driver/Src/stm32f3xx_hal_tim.o
                0x0000000008003d5c                HAL_TIM_PWM_Stop
 .text.HAL_TIM_IC_Init
                0x0000000008003e94       0xae Drivers/STM32F3xx_HAL_Driver/Src/stm32f3xx_hal_tim.o
                0x0000000008003e94                HAL_TIM_IC_Init
 .text.HAL_TIM_IC_MspInit
                0x0000000008003f42       0x14 Drivers/STM32F3xx_HAL_Driver/Src/stm32f3xx_hal_tim.o
                0x0000000008003f42                HAL_TIM_IC_MspInit
 *fill*         0x0000000008003f56        0x2 
 .text.HAL_TIM_IC_Start_IT
                0x0000000008003f58      0x284 Drivers/STM32F3xx_HAL_Driver/Src/stm32f3xx_hal_tim.o
                0x0000000008003f58                HAL_TIM_IC_Start_IT
 .text.HAL_TIM_IRQHandler
                0x00000000080041dc      0x23e Drivers/STM32F3xx_HAL_Driver/Src/stm32f3xx_hal_tim.o
                0x00000000080041dc                HAL_TIM_IRQHandler
 .text.HAL_TIM_IC_ConfigChannel
                0x000000000800441a      0x128 Drivers/STM32F3xx_HAL_Driver/Src/stm32f3xx_hal_tim.o
                0x000000000800441a                HAL_TIM_IC_ConfigChannel
 *fill*         0x0000000008004542        0x2 
 .text.HAL_TIM_PWM_ConfigChannel
                0x0000000008004544      0x220 Drivers/STM32F3xx_HAL_Driver/Src/stm32f3xx_hal_tim.o
                0x0000000008004544                HAL_TIM_PWM_ConfigChannel
 .text.HAL_TIM_ConfigClockSource
                0x0000000008004764      0x172 Drivers/STM32F3xx_HAL_Driver/Src/stm32f3xx_hal_tim.o
                0x0000000008004764                HAL_TIM_ConfigClockSource
 *fill*         0x00000000080048d6        0x2 
 .text.HAL_TIM_ReadCapturedValue
                0x00000000080048d8       0x88 Drivers/STM32F3xx_HAL_Driver/Src/stm32f3xx_hal_tim.o
                0x00000000080048d8                HAL_TIM_ReadCapturedValue
 .text.HAL_TIM_OC_DelayElapsedCallback
                0x0000000008004960       0x14 Drivers/STM32F3xx_HAL_Driver/Src/stm32f3xx_hal_tim.o
                0x0000000008004960                HAL_TIM_OC_DelayElapsedCallback
 .text.HAL_TIM_PWM_PulseFinishedCallback
                0x0000000008004974       0x14 Drivers/STM32F3xx_HAL_Driver/Src/stm32f3xx_hal_tim.o
                0x0000000008004974                HAL_TIM_PWM_PulseFinishedCallback
 .text.HAL_TIM_TriggerCallback
                0x0000000008004988       0x14 Drivers/STM32F3xx_HAL_Driver/Src/stm32f3xx_hal_tim.o
                0x0000000008004988                HAL_TIM_TriggerCallback
 .text.TIM_Base_SetConfig
                0x000000000800499c      0x13c Drivers/STM32F3xx_HAL_Driver/Src/stm32f3xx_hal_tim.o
                0x000000000800499c                TIM_Base_SetConfig
 .text.TIM_OC1_SetConfig
                0x0000000008004ad8      0x134 Drivers/STM32F3xx_HAL_Driver/Src/stm32f3xx_hal_tim.o
 .text.TIM_OC2_SetConfig
                0x0000000008004c0c      0x128 Drivers/STM32F3xx_HAL_Driver/Src/stm32f3xx_hal_tim.o
                0x0000000008004c0c                TIM_OC2_SetConfig
 .text.TIM_OC3_SetConfig
                0x0000000008004d34      0x124 Drivers/STM32F3xx_HAL_Driver/Src/stm32f3xx_hal_tim.o
 .text.TIM_OC4_SetConfig
                0x0000000008004e58       0xe0 Drivers/STM32F3xx_HAL_Driver/Src/stm32f3xx_hal_tim.o
 .text.TIM_OC5_SetConfig
                0x0000000008004f38       0xd4 Drivers/STM32F3xx_HAL_Driver/Src/stm32f3xx_hal_tim.o
 .text.TIM_OC6_SetConfig
                0x000000000800500c       0xd8 Drivers/STM32F3xx_HAL_Driver/Src/stm32f3xx_hal_tim.o
 .text.TIM_TI1_SetConfig
                0x00000000080050e4       0xdc Drivers/STM32F3xx_HAL_Driver/Src/stm32f3xx_hal_tim.o
                0x00000000080050e4                TIM_TI1_SetConfig
 .text.TIM_TI1_ConfigInputStage
                0x00000000080051c0       0x5e Drivers/STM32F3xx_HAL_Driver/Src/stm32f3xx_hal_tim.o
 .text.TIM_TI2_SetConfig
                0x000000000800521e       0x7a Drivers/STM32F3xx_HAL_Driver/Src/stm32f3xx_hal_tim.o
 .text.TIM_TI2_ConfigInputStage
                0x0000000008005298       0x60 Drivers/STM32F3xx_HAL_Driver/Src/stm32f3xx_hal_tim.o
 .text.TIM_TI3_SetConfig
                0x00000000080052f8       0x78 Drivers/STM32F3xx_HAL_Driver/Src/stm32f3xx_hal_tim.o
 .text.TIM_TI4_SetConfig
                0x0000000008005370       0x7a Drivers/STM32F3xx_HAL_Driver/Src/stm32f3xx_hal_tim.o
 .text.TIM_ITRx_SetConfig
                0x00000000080053ea       0x36 Drivers/STM32F3xx_HAL_Driver/Src/stm32f3xx_hal_tim.o
 .text.TIM_ETR_SetConfig
                0x0000000008005420       0x40 Drivers/STM32F3xx_HAL_Driver/Src/stm32f3xx_hal_tim.o
                0x0000000008005420                TIM_ETR_SetConfig
 .text.TIM_CCxChannelCmd
                0x0000000008005460       0x4a Drivers/STM32F3xx_HAL_Driver/Src/stm32f3xx_hal_tim.o
                0x0000000008005460                TIM_CCxChannelCmd
 *fill*         0x00000000080054aa        0x2 
 .text.HAL_TIMEx_MasterConfigSynchronization
                0x00000000080054ac      0x118 Drivers/STM32F3xx_HAL_Driver/Src/stm32f3xx_hal_tim_ex.o
                0x00000000080054ac                HAL_TIMEx_MasterConfigSynchronization
 .text.HAL_TIMEx_CommutCallback
                0x00000000080055c4       0x14 Drivers/STM32F3xx_HAL_Driver/Src/stm32f3xx_hal_tim_ex.o
                0x00000000080055c4                HAL_TIMEx_CommutCallback
 .text.HAL_TIMEx_BreakCallback
                0x00000000080055d8       0x14 Drivers/STM32F3xx_HAL_Driver/Src/stm32f3xx_hal_tim_ex.o
                0x00000000080055d8                HAL_TIMEx_BreakCallback
 .text.HAL_TIMEx_Break2Callback
                0x00000000080055ec       0x14 Drivers/STM32F3xx_HAL_Driver/Src/stm32f3xx_hal_tim_ex.o
                0x00000000080055ec                HAL_TIMEx_Break2Callback
 .text.HAL_UART_Init
                0x0000000008005600       0x9c Drivers/STM32F3xx_HAL_Driver/Src/stm32f3xx_hal_uart.o
                0x0000000008005600                HAL_UART_Init
 .text.HAL_UART_Transmit
                0x000000000800569c      0x128 Drivers/STM32F3xx_HAL_Driver/Src/stm32f3xx_hal_uart.o
                0x000000000800569c                HAL_UART_Transmit
 .text.UART_SetConfig
                0x00000000080057c4      0x3a8 Drivers/STM32F3xx_HAL_Driver/Src/stm32f3xx_hal_uart.o
                0x00000000080057c4                UART_SetConfig
 .text.UART_AdvFeatureConfig
                0x0000000008005b6c      0x144 Drivers/STM32F3xx_HAL_Driver/Src/stm32f3xx_hal_uart.o
                0x0000000008005b6c                UART_AdvFeatureConfig
 .text.UART_CheckIdleState
                0x0000000008005cb0       0x92 Drivers/STM32F3xx_HAL_Driver/Src/stm32f3xx_hal_uart.o
                0x0000000008005cb0                UART_CheckIdleState
 .text.UART_WaitOnFlagUntilTimeout
                0x0000000008005d42       0xf8 Drivers/STM32F3xx_HAL_Driver/Src/stm32f3xx_hal_uart.o
                0x0000000008005d42                UART_WaitOnFlagUntilTimeout
 .text.makeFreeRtosPriority
                0x0000000008005e3a       0x30 Middlewares/Third_Party/FreeRTOS/Source/CMSIS_RTOS/cmsis_os.o
 .text.inHandlerMode
                0x0000000008005e6a       0x24 Middlewares/Third_Party/FreeRTOS/Source/CMSIS_RTOS/cmsis_os.o
 .text.osKernelStart
                0x0000000008005e8e        0xe Middlewares/Third_Party/FreeRTOS/Source/CMSIS_RTOS/cmsis_os.o
                0x0000000008005e8e                osKernelStart
 .text.osThreadCreate
                0x0000000008005e9c       0x98 Middlewares/Third_Party/FreeRTOS/Source/CMSIS_RTOS/cmsis_os.o
                0x0000000008005e9c                osThreadCreate
 .text.osDelay  0x0000000008005f34       0x28 Middlewares/Third_Party/FreeRTOS/Source/CMSIS_RTOS/cmsis_os.o
                0x0000000008005f34                osDelay
 .text.osMutexCreate
                0x0000000008005f5c       0x30 Middlewares/Third_Party/FreeRTOS/Source/CMSIS_RTOS/cmsis_os.o
                0x0000000008005f5c                osMutexCreate
 .text.osSemaphoreCreate
                0x0000000008005f8c       0x66 Middlewares/Third_Party/FreeRTOS/Source/CMSIS_RTOS/cmsis_os.o
                0x0000000008005f8c                osSemaphoreCreate
 *fill*         0x0000000008005ff2        0x2 
 .text.osSemaphoreWait
                0x0000000008005ff4       0x9c Middlewares/Third_Party/FreeRTOS/Source/CMSIS_RTOS/cmsis_os.o
                0x0000000008005ff4                osSemaphoreWait
 .text.osSemaphoreRelease
                0x0000000008006090       0x6c Middlewares/Third_Party/FreeRTOS/Source/CMSIS_RTOS/cmsis_os.o
                0x0000000008006090                osSemaphoreRelease
 .text.osPoolCreate
                0x00000000080060fc       0xba Middlewares/Third_Party/FreeRTOS/Source/CMSIS_RTOS/cmsis_os.o
                0x00000000080060fc                osPoolCreate
 .text.osPoolAlloc
                0x00000000080061b6       0xc4 Middlewares/Third_Party/FreeRTOS/Source/CMSIS_RTOS/cmsis_os.o
                0x00000000080061b6                osPoolAlloc
 .text.osPoolFree
                0x000000000800627a       0x82 Middlewares/Third_Party/FreeRTOS/Source/CMSIS_RTOS/cmsis_os.o
                0x000000000800627a                osPoolFree
 .text.osMessageCreate
                0x00000000080062fc       0x52 Middlewares/Third_Party/FreeRTOS/Source/CMSIS_RTOS/cmsis_os.o
                0x00000000080062fc                osMessageCreate
 .text.osMailCreate
                0x000000000800634e       0xb0 Middlewares/Third_Party/FreeRTOS/Source/CMSIS_RTOS/cmsis_os.o
                0x000000000800634e                osMailCreate
 .text.osMailAlloc
                0x00000000080063fe       0x2a Middlewares/Third_Party/FreeRTOS/Source/CMSIS_RTOS/cmsis_os.o
                0x00000000080063fe                osMailAlloc
 .text.osMailPut
                0x0000000008006428       0x7c Middlewares/Third_Party/FreeRTOS/Source/CMSIS_RTOS/cmsis_os.o
                0x0000000008006428                osMailPut
 .text.osMailGet
                0x00000000080064a4       0xe8 Middlewares/Third_Party/FreeRTOS/Source/CMSIS_RTOS/cmsis_os.o
                0x00000000080064a4                osMailGet
 .text.osMailFree
                0x000000000800658c       0x2a Middlewares/Third_Party/FreeRTOS/Source/CMSIS_RTOS/cmsis_os.o
                0x000000000800658c                osMailFree
 .text.vListInitialise
                0x00000000080065b6       0x40 Middlewares/Third_Party/FreeRTOS/Source/list.o
                0x00000000080065b6                vListInitialise
 .text.vListInitialiseItem
                0x00000000080065f6       0x1a Middlewares/Third_Party/FreeRTOS/Source/list.o
                0x00000000080065f6                vListInitialiseItem
 .text.vListInsertEnd
                0x0000000008006610       0x48 Middlewares/Third_Party/FreeRTOS/Source/list.o
                0x0000000008006610                vListInsertEnd
 .text.vListInsert
                0x0000000008006658       0x72 Middlewares/Third_Party/FreeRTOS/Source/list.o
                0x0000000008006658                vListInsert
 .text.uxListRemove
                0x00000000080066ca       0x54 Middlewares/Third_Party/FreeRTOS/Source/list.o
                0x00000000080066ca                uxListRemove
 *fill*         0x000000000800671e        0x2 
 .text.xQueueGenericReset
                0x0000000008006720       0xd0 Middlewares/Third_Party/FreeRTOS/Source/queue.o
                0x0000000008006720                xQueueGenericReset
 .text.xQueueGenericCreateStatic
                0x00000000080067f0       0xe4 Middlewares/Third_Party/FreeRTOS/Source/queue.o
                0x00000000080067f0                xQueueGenericCreateStatic
 .text.xQueueGenericCreate
                0x00000000080068d4       0x7a Middlewares/Third_Party/FreeRTOS/Source/queue.o
                0x00000000080068d4                xQueueGenericCreate
 .text.prvInitialiseNewQueue
                0x000000000800694e       0x3e Middlewares/Third_Party/FreeRTOS/Source/queue.o
 .text.prvInitialiseMutex
                0x000000000800698c       0x34 Middlewares/Third_Party/FreeRTOS/Source/queue.o
 .text.xQueueCreateMutex
                0x00000000080069c0       0x30 Middlewares/Third_Party/FreeRTOS/Source/queue.o
                0x00000000080069c0                xQueueCreateMutex
 .text.xQueueCreateMutexStatic
                0x00000000080069f0       0x36 Middlewares/Third_Party/FreeRTOS/Source/queue.o
                0x00000000080069f0                xQueueCreateMutexStatic
 *fill*         0x0000000008006a26        0x2 
 .text.xQueueGenericSend
                0x0000000008006a28      0x1f4 Middlewares/Third_Party/FreeRTOS/Source/queue.o
                0x0000000008006a28                xQueueGenericSend
 .text.xQueueGenericSendFromISR
                0x0000000008006c1c      0x128 Middlewares/Third_Party/FreeRTOS/Source/queue.o
                0x0000000008006c1c                xQueueGenericSendFromISR
 .text.xQueueGiveFromISR
                0x0000000008006d44      0x112 Middlewares/Third_Party/FreeRTOS/Source/queue.o
                0x0000000008006d44                xQueueGiveFromISR
 *fill*         0x0000000008006e56        0x2 
 .text.xQueueReceive
                0x0000000008006e58      0x1b8 Middlewares/Third_Party/FreeRTOS/Source/queue.o
                0x0000000008006e58                xQueueReceive
 .text.xQueueSemaphoreTake
                0x0000000008007010      0x210 Middlewares/Third_Party/FreeRTOS/Source/queue.o
                0x0000000008007010                xQueueSemaphoreTake
 .text.xQueueReceiveFromISR
                0x0000000008007220       0xfa Middlewares/Third_Party/FreeRTOS/Source/queue.o
                0x0000000008007220                xQueueReceiveFromISR
 .text.prvGetDisinheritPriorityAfterTimeout
                0x000000000800731a       0x30 Middlewares/Third_Party/FreeRTOS/Source/queue.o
 .text.prvCopyDataToQueue
                0x000000000800734a       0xd4 Middlewares/Third_Party/FreeRTOS/Source/queue.o
 .text.prvCopyDataFromQueue
                0x000000000800741e       0x4c Middlewares/Third_Party/FreeRTOS/Source/queue.o
 .text.prvUnlockQueue
                0x000000000800746a       0xa4 Middlewares/Third_Party/FreeRTOS/Source/queue.o
 .text.prvIsQueueEmpty
                0x000000000800750e       0x2c Middlewares/Third_Party/FreeRTOS/Source/queue.o
 .text.prvIsQueueFull
                0x000000000800753a       0x30 Middlewares/Third_Party/FreeRTOS/Source/queue.o
 .text.xTaskCreateStatic
                0x000000000800756a       0xb2 Middlewares/Third_Party/FreeRTOS/Source/tasks.o
                0x000000000800756a                xTaskCreateStatic
 .text.xTaskCreate
                0x000000000800761c       0x8a Middlewares/Third_Party/FreeRTOS/Source/tasks.o
                0x000000000800761c                xTaskCreate
 .text.prvInitialiseNewTask
                0x00000000080076a6       0xfc Middlewares/Third_Party/FreeRTOS/Source/tasks.o
 *fill*         0x00000000080077a2        0x2 
 .text.prvAddNewTaskToReadyList
                0x00000000080077a4       0xd4 Middlewares/Third_Party/FreeRTOS/Source/tasks.o
 .text.vTaskDelay
                0x0000000008007878       0x68 Middlewares/Third_Party/FreeRTOS/Source/tasks.o
                0x0000000008007878                vTaskDelay
 .text.vTaskStartScheduler
                0x00000000080078e0       0xbc Middlewares/Third_Party/FreeRTOS/Source/tasks.o
                0x00000000080078e0                vTaskStartScheduler
 .text.vTaskSuspendAll
                0x000000000800799c       0x1c Middlewares/Third_Party/FreeRTOS/Source/tasks.o
                0x000000000800799c                vTaskSuspendAll
 .text.xTaskResumeAll
                0x00000000080079b8      0x138 Middlewares/Third_Party/FreeRTOS/Source/tasks.o
                0x00000000080079b8                xTaskResumeAll
 .text.xTaskIncrementTick
                0x0000000008007af0      0x178 Middlewares/Third_Party/FreeRTOS/Source/tasks.o
                0x0000000008007af0                xTaskIncrementTick
 .text.vTaskSwitchContext
                0x0000000008007c68       0xb4 Middlewares/Third_Party/FreeRTOS/Source/tasks.o
                0x0000000008007c68                vTaskSwitchContext
 .text.vTaskPlaceOnEventList
                0x0000000008007d1c       0x48 Middlewares/Third_Party/FreeRTOS/Source/tasks.o
                0x0000000008007d1c                vTaskPlaceOnEventList
 .text.xTaskRemoveFromEventList
                0x0000000008007d64       0xc4 Middlewares/Third_Party/FreeRTOS/Source/tasks.o
                0x0000000008007d64                xTaskRemoveFromEventList
 .text.vTaskInternalSetTimeOutState
                0x0000000008007e28       0x2c Middlewares/Third_Party/FreeRTOS/Source/tasks.o
                0x0000000008007e28                vTaskInternalSetTimeOutState
 .text.xTaskCheckForTimeOut
                0x0000000008007e54       0xc0 Middlewares/Third_Party/FreeRTOS/Source/tasks.o
                0x0000000008007e54                xTaskCheckForTimeOut
 .text.vTaskMissedYield
                0x0000000008007f14       0x18 Middlewares/Third_Party/FreeRTOS/Source/tasks.o
                0x0000000008007f14                vTaskMissedYield
 .text.prvIdleTask
                0x0000000008007f2c       0x30 Middlewares/Third_Party/FreeRTOS/Source/tasks.o
 .text.prvInitialiseTaskLists
                0x0000000008007f5c       0x80 Middlewares/Third_Party/FreeRTOS/Source/tasks.o
 .text.prvCheckTasksWaitingTermination
                0x0000000008007fdc       0x58 Middlewares/Third_Party/FreeRTOS/Source/tasks.o
 .text.prvDeleteTCB
                0x0000000008008034       0x5c Middlewares/Third_Party/FreeRTOS/Source/tasks.o
 .text.prvResetNextTaskUnblockTime
                0x0000000008008090       0x4c Middlewares/Third_Party/FreeRTOS/Source/tasks.o
 .text.xTaskGetSchedulerState
                0x00000000080080dc       0x3c Middlewares/Third_Party/FreeRTOS/Source/tasks.o
                0x00000000080080dc                xTaskGetSchedulerState
 .text.xTaskPriorityInherit
                0x0000000008008118      0x10c Middlewares/Third_Party/FreeRTOS/Source/tasks.o
                0x0000000008008118                xTaskPriorityInherit
 .text.xTaskPriorityDisinherit
                0x0000000008008224      0x108 Middlewares/Third_Party/FreeRTOS/Source/tasks.o
                0x0000000008008224                xTaskPriorityDisinherit
 .text.vTaskPriorityDisinheritAfterTimeout
                0x000000000800832c      0x13c Middlewares/Third_Party/FreeRTOS/Source/tasks.o
                0x000000000800832c                vTaskPriorityDisinheritAfterTimeout
 .text.pvTaskIncrementMutexHeldCount
                0x0000000008008468       0x28 Middlewares/Third_Party/FreeRTOS/Source/tasks.o
                0x0000000008008468                pvTaskIncrementMutexHeldCount
 .text.prvAddCurrentTaskToDelayedList
                0x0000000008008490       0xcc Middlewares/Third_Party/FreeRTOS/Source/tasks.o
 .text.pxPortInitialiseStack
                0x000000000800855c       0x68 Middlewares/Third_Party/FreeRTOS/Source/portable/GCC/ARM_CM4F/port.o
                0x000000000800855c                pxPortInitialiseStack
 .text.prvTaskExitError
                0x00000000080085c4       0x54 Middlewares/Third_Party/FreeRTOS/Source/portable/GCC/ARM_CM4F/port.o
 *fill*         0x0000000008008618        0x8 
 .text.SVC_Handler
                0x0000000008008620       0x28 Middlewares/Third_Party/FreeRTOS/Source/portable/GCC/ARM_CM4F/port.o
                0x0000000008008620                SVC_Handler
 .text.prvPortStartFirstTask
                0x0000000008008648       0x28 Middlewares/Third_Party/FreeRTOS/Source/portable/GCC/ARM_CM4F/port.o
 .text.xPortStartScheduler
                0x0000000008008670      0x13c Middlewares/Third_Party/FreeRTOS/Source/portable/GCC/ARM_CM4F/port.o
                0x0000000008008670                xPortStartScheduler
 .text.vPortEnterCritical
                0x00000000080087ac       0x5c Middlewares/Third_Party/FreeRTOS/Source/portable/GCC/ARM_CM4F/port.o
                0x00000000080087ac                vPortEnterCritical
 .text.vPortExitCritical
                0x0000000008008808       0x50 Middlewares/Third_Party/FreeRTOS/Source/portable/GCC/ARM_CM4F/port.o
                0x0000000008008808                vPortExitCritical
 *fill*         0x0000000008008858        0x8 
 .text.PendSV_Handler
                0x0000000008008860       0x68 Middlewares/Third_Party/FreeRTOS/Source/portable/GCC/ARM_CM4F/port.o
                0x0000000008008860                PendSV_Handler
 .text.SysTick_Handler
                0x00000000080088c8       0x40 Middlewares/Third_Party/FreeRTOS/Source/portable/GCC/ARM_CM4F/port.o
                0x00000000080088c8                SysTick_Handler
 .text.vPortSetupTimerInterrupt
                0x0000000008008908       0x48 Middlewares/Third_Party/FreeRTOS/Source/portable/GCC/ARM_CM4F/port.o
                0x0000000008008908                vPortSetupTimerInterrupt
 .text.vPortEnableVFP
                0x0000000008008950       0x14 Middlewares/Third_Party/FreeRTOS/Source/portable/GCC/ARM_CM4F/port.o
 .text.vPortValidateInterruptPriority
                0x0000000008008964       0x7c Middlewares/Third_Party/FreeRTOS/Source/portable/GCC/ARM_CM4F/port.o
                0x0000000008008964                vPortValidateInterruptPriority
 .text.pvPortMalloc
                0x00000000080089e0      0x184 Middlewares/Third_Party/FreeRTOS/Source/portable/MemMang/heap_4.o
                0x00000000080089e0                pvPortMalloc
 .text.vPortFree
                0x0000000008008b64       0xb0 Middlewares/Third_Party/FreeRTOS/Source/portable/MemMang/heap_4.o
                0x0000000008008b64                vPortFree
 .text.prvHeapInit
                0x0000000008008c14       0xc4 Middlewares/Third_Party/FreeRTOS/Source/portable/MemMang/heap_4.o
 .text.prvInsertBlockIntoFreeList
                0x0000000008008cd8       0xb4 Middlewares/Third_Party/FreeRTOS/Source/portable/MemMang/heap_4.o
 .text.__libc_init_array
                0x0000000008008d8c       0x48 c:/st/stm32cubeide_1.4.0/stm32cubeide/plugins/com.st.stm32cube.ide.mcu.externaltools.gnu-tools-for-stm32.7-2018-q2-update.win32_1.4.0.202007081208/tools/bin/../lib/gcc/arm-none-eabi/7.3.1/../../../../arm-none-eabi/lib/thumb/v7e-m/fpv4-sp/hard\libc_nano.a(lib_a-init.o)
                0x0000000008008d8c                __libc_init_array
 .text.memcpy   0x0000000008008dd4       0x16 c:/st/stm32cubeide_1.4.0/stm32cubeide/plugins/com.st.stm32cube.ide.mcu.externaltools.gnu-tools-for-stm32.7-2018-q2-update.win32_1.4.0.202007081208/tools/bin/../lib/gcc/arm-none-eabi/7.3.1/../../../../arm-none-eabi/lib/thumb/v7e-m/fpv4-sp/hard\libc_nano.a(lib_a-memcpy-stub.o)
                0x0000000008008dd4                memcpy
 .text.memset   0x0000000008008dea       0x10 c:/st/stm32cubeide_1.4.0/stm32cubeide/plugins/com.st.stm32cube.ide.mcu.externaltools.gnu-tools-for-stm32.7-2018-q2-update.win32_1.4.0.202007081208/tools/bin/../lib/gcc/arm-none-eabi/7.3.1/../../../../arm-none-eabi/lib/thumb/v7e-m/fpv4-sp/hard\libc_nano.a(lib_a-memset.o)
                0x0000000008008dea                memset
 *(.glue_7)
 .glue_7        0x0000000008008dfa        0x0 linker stubs
 *(.glue_7t)
 .glue_7t       0x0000000008008dfa        0x0 linker stubs
 *(.eh_frame)
 *fill*         0x0000000008008dfa        0x2 
 .eh_frame      0x0000000008008dfc        0x0 c:/st/stm32cubeide_1.4.0/stm32cubeide/plugins/com.st.stm32cube.ide.mcu.externaltools.gnu-tools-for-stm32.7-2018-q2-update.win32_1.4.0.202007081208/tools/bin/../lib/gcc/arm-none-eabi/7.3.1/thumb/v7e-m/fpv4-sp/hard/crtbegin.o
 *(.init)
 .init          0x0000000008008dfc        0x4 c:/st/stm32cubeide_1.4.0/stm32cubeide/plugins/com.st.stm32cube.ide.mcu.externaltools.gnu-tools-for-stm32.7-2018-q2-update.win32_1.4.0.202007081208/tools/bin/../lib/gcc/arm-none-eabi/7.3.1/thumb/v7e-m/fpv4-sp/hard/crti.o
                0x0000000008008dfc                _init
 .init          0x0000000008008e00        0x8 c:/st/stm32cubeide_1.4.0/stm32cubeide/plugins/com.st.stm32cube.ide.mcu.externaltools.gnu-tools-for-stm32.7-2018-q2-update.win32_1.4.0.202007081208/tools/bin/../lib/gcc/arm-none-eabi/7.3.1/thumb/v7e-m/fpv4-sp/hard/crtn.o
 *(.fini)
 .fini          0x0000000008008e08        0x4 c:/st/stm32cubeide_1.4.0/stm32cubeide/plugins/com.st.stm32cube.ide.mcu.externaltools.gnu-tools-for-stm32.7-2018-q2-update.win32_1.4.0.202007081208/tools/bin/../lib/gcc/arm-none-eabi/7.3.1/thumb/v7e-m/fpv4-sp/hard/crti.o
                0x0000000008008e08                _fini
 .fini          0x0000000008008e0c        0x8 c:/st/stm32cubeide_1.4.0/stm32cubeide/plugins/com.st.stm32cube.ide.mcu.externaltools.gnu-tools-for-stm32.7-2018-q2-update.win32_1.4.0.202007081208/tools/bin/../lib/gcc/arm-none-eabi/7.3.1/thumb/v7e-m/fpv4-sp/hard/crtn.o
                0x0000000008008e14                . = ALIGN (0x4)
                0x0000000008008e14                _etext = .

.vfp11_veneer   0x0000000008008e14        0x0
 .vfp11_veneer  0x0000000008008e14        0x0 linker stubs

.v4_bx          0x0000000008008e14        0x0
 .v4_bx         0x0000000008008e14        0x0 linker stubs

.iplt           0x0000000008008e14        0x0
 .iplt          0x0000000008008e14        0x0 c:/st/stm32cubeide_1.4.0/stm32cubeide/plugins/com.st.stm32cube.ide.mcu.externaltools.gnu-tools-for-stm32.7-2018-q2-update.win32_1.4.0.202007081208/tools/bin/../lib/gcc/arm-none-eabi/7.3.1/thumb/v7e-m/fpv4-sp/hard/crtbegin.o

.rodata         0x0000000008008e14      0x128
                0x0000000008008e14                . = ALIGN (0x4)
 *(.rodata)
 .rodata        0x0000000008008e14       0xdc Core/Src/main.o
 .rodata        0x0000000008008ef0        0x5 Middlewares/Third_Party/FreeRTOS/Source/tasks.o
 *(.rodata*)
 *fill*         0x0000000008008ef5        0x3 
 .rodata.os_mailQ_def_QueueUARTSnd
                0x0000000008008ef8        0xc Core/Src/main.o
                0x0000000008008ef8                os_mailQ_def_QueueUARTSnd
 .rodata.AHBPrescTable
                0x0000000008008f04       0x10 Core/Src/system_stm32f3xx.o
                0x0000000008008f04                AHBPrescTable
 .rodata.APBPrescTable
                0x0000000008008f14        0x8 Core/Src/system_stm32f3xx.o
                0x0000000008008f14                APBPrescTable
 .rodata.aPLLMULFactorTable
                0x0000000008008f1c       0x10 Drivers/STM32F3xx_HAL_Driver/Src/stm32f3xx_hal_rcc.o
                0x0000000008008f1c                aPLLMULFactorTable
 .rodata.aPredivFactorTable
                0x0000000008008f2c       0x10 Drivers/STM32F3xx_HAL_Driver/Src/stm32f3xx_hal_rcc.o
                0x0000000008008f2c                aPredivFactorTable
                0x0000000008008f3c                . = ALIGN (0x4)

.rel.dyn        0x0000000008008f3c        0x0
 .rel.iplt      0x0000000008008f3c        0x0 c:/st/stm32cubeide_1.4.0/stm32cubeide/plugins/com.st.stm32cube.ide.mcu.externaltools.gnu-tools-for-stm32.7-2018-q2-update.win32_1.4.0.202007081208/tools/bin/../lib/gcc/arm-none-eabi/7.3.1/thumb/v7e-m/fpv4-sp/hard/crtbegin.o

.ARM.extab      0x0000000008008f3c        0x0
                0x0000000008008f3c                . = ALIGN (0x4)
 *(.ARM.extab* .gnu.linkonce.armextab.*)
                0x0000000008008f3c                . = ALIGN (0x4)

.ARM            0x0000000008008f3c        0x0
                0x0000000008008f3c                . = ALIGN (0x4)
                0x0000000008008f3c                __exidx_start = .
 *(.ARM.exidx*)
                0x0000000008008f3c                __exidx_end = .
                0x0000000008008f3c                . = ALIGN (0x4)

.preinit_array  0x0000000008008f3c        0x0
                0x0000000008008f3c                . = ALIGN (0x4)
                0x0000000008008f3c                PROVIDE (__preinit_array_start = .)
 *(.preinit_array*)
                0x0000000008008f3c                PROVIDE (__preinit_array_end = .)
                0x0000000008008f3c                . = ALIGN (0x4)

.init_array     0x0000000008008f3c        0x4
                0x0000000008008f3c                . = ALIGN (0x4)
                0x0000000008008f3c                PROVIDE (__init_array_start = .)
 *(SORT_BY_NAME(.init_array.*))
 *(.init_array*)
 .init_array    0x0000000008008f3c        0x4 c:/st/stm32cubeide_1.4.0/stm32cubeide/plugins/com.st.stm32cube.ide.mcu.externaltools.gnu-tools-for-stm32.7-2018-q2-update.win32_1.4.0.202007081208/tools/bin/../lib/gcc/arm-none-eabi/7.3.1/thumb/v7e-m/fpv4-sp/hard/crtbegin.o
                0x0000000008008f40                PROVIDE (__init_array_end = .)
                0x0000000008008f40                . = ALIGN (0x4)

.fini_array     0x0000000008008f40        0x4
                0x0000000008008f40                . = ALIGN (0x4)
                [!provide]                        PROVIDE (__fini_array_start = .)
 *(SORT_BY_NAME(.fini_array.*))
 *(.fini_array*)
 .fini_array    0x0000000008008f40        0x4 c:/st/stm32cubeide_1.4.0/stm32cubeide/plugins/com.st.stm32cube.ide.mcu.externaltools.gnu-tools-for-stm32.7-2018-q2-update.win32_1.4.0.202007081208/tools/bin/../lib/gcc/arm-none-eabi/7.3.1/thumb/v7e-m/fpv4-sp/hard/crtbegin.o
                [!provide]                        PROVIDE (__fini_array_end = .)
                0x0000000008008f44                . = ALIGN (0x4)
                0x0000000008008f44                _sidata = LOADADDR (.data)

.data           0x0000000020000000       0x10 load address 0x0000000008008f44
                0x0000000020000000                . = ALIGN (0x4)
                0x0000000020000000                _sdata = .
 *(.data)
 *(.data*)
 .data.SystemCoreClock
                0x0000000020000000        0x4 Core/Src/system_stm32f3xx.o
                0x0000000020000000                SystemCoreClock
 .data.uwTickPrio
                0x0000000020000004        0x4 Drivers/STM32F3xx_HAL_Driver/Src/stm32f3xx_hal.o
                0x0000000020000004                uwTickPrio
 .data.uwTickFreq
                0x0000000020000008        0x1 Drivers/STM32F3xx_HAL_Driver/Src/stm32f3xx_hal.o
                0x0000000020000008                uwTickFreq
 *fill*         0x0000000020000009        0x3 
 .data.uxCriticalNesting
                0x000000002000000c        0x4 Middlewares/Third_Party/FreeRTOS/Source/portable/GCC/ARM_CM4F/port.o
                0x0000000020000010                . = ALIGN (0x4)
                0x0000000020000010                _edata = .

.igot.plt       0x0000000020000010        0x0 load address 0x0000000008008f54
 .igot.plt      0x0000000020000010        0x0 c:/st/stm32cubeide_1.4.0/stm32cubeide/plugins/com.st.stm32cube.ide.mcu.externaltools.gnu-tools-for-stm32.7-2018-q2-update.win32_1.4.0.202007081208/tools/bin/../lib/gcc/arm-none-eabi/7.3.1/thumb/v7e-m/fpv4-sp/hard/crtbegin.o
                0x0000000020000010                . = ALIGN (0x4)

.bss            0x0000000020000010     0x2628 load address 0x0000000008008f54
                0x0000000020000010                _sbss = .
                0x0000000020000010                __bss_start__ = _sbss
 *(.bss)
 .bss           0x0000000020000010       0x1c c:/st/stm32cubeide_1.4.0/stm32cubeide/plugins/com.st.stm32cube.ide.mcu.externaltools.gnu-tools-for-stm32.7-2018-q2-update.win32_1.4.0.202007081208/tools/bin/../lib/gcc/arm-none-eabi/7.3.1/thumb/v7e-m/fpv4-sp/hard/crtbegin.o
 *(.bss*)
 .bss.xIdleTaskTCBBuffer
                0x000000002000002c       0x5c Core/Src/freertos.o
 .bss.xIdleStack
                0x0000000020000088      0x200 Core/Src/freertos.o
 .bss.pxCurrentTCB
                0x0000000020000288        0x4 Middlewares/Third_Party/FreeRTOS/Source/tasks.o
                0x0000000020000288                pxCurrentTCB
 .bss.pxReadyTasksLists
                0x000000002000028c       0x8c Middlewares/Third_Party/FreeRTOS/Source/tasks.o
 .bss.xDelayedTaskList1
                0x0000000020000318       0x14 Middlewares/Third_Party/FreeRTOS/Source/tasks.o
 .bss.xDelayedTaskList2
                0x000000002000032c       0x14 Middlewares/Third_Party/FreeRTOS/Source/tasks.o
 .bss.pxDelayedTaskList
                0x0000000020000340        0x4 Middlewares/Third_Party/FreeRTOS/Source/tasks.o
 .bss.pxOverflowDelayedTaskList
                0x0000000020000344        0x4 Middlewares/Third_Party/FreeRTOS/Source/tasks.o
 .bss.xPendingReadyList
                0x0000000020000348       0x14 Middlewares/Third_Party/FreeRTOS/Source/tasks.o
 .bss.xTasksWaitingTermination
                0x000000002000035c       0x14 Middlewares/Third_Party/FreeRTOS/Source/tasks.o
 .bss.uxDeletedTasksWaitingCleanUp
                0x0000000020000370        0x4 Middlewares/Third_Party/FreeRTOS/Source/tasks.o
 .bss.xSuspendedTaskList
                0x0000000020000374       0x14 Middlewares/Third_Party/FreeRTOS/Source/tasks.o
 .bss.uxCurrentNumberOfTasks
                0x0000000020000388        0x4 Middlewares/Third_Party/FreeRTOS/Source/tasks.o
 .bss.xTickCount
                0x000000002000038c        0x4 Middlewares/Third_Party/FreeRTOS/Source/tasks.o
 .bss.uxTopReadyPriority
                0x0000000020000390        0x4 Middlewares/Third_Party/FreeRTOS/Source/tasks.o
 .bss.xSchedulerRunning
                0x0000000020000394        0x4 Middlewares/Third_Party/FreeRTOS/Source/tasks.o
 .bss.uxPendedTicks
                0x0000000020000398        0x4 Middlewares/Third_Party/FreeRTOS/Source/tasks.o
 .bss.xYieldPending
                0x000000002000039c        0x4 Middlewares/Third_Party/FreeRTOS/Source/tasks.o
 .bss.xNumOfOverflows
                0x00000000200003a0        0x4 Middlewares/Third_Party/FreeRTOS/Source/tasks.o
 .bss.uxTaskNumber
                0x00000000200003a4        0x4 Middlewares/Third_Party/FreeRTOS/Source/tasks.o
 .bss.xNextTaskUnblockTime
                0x00000000200003a8        0x4 Middlewares/Third_Party/FreeRTOS/Source/tasks.o
 .bss.xIdleTaskHandle
                0x00000000200003ac        0x4 Middlewares/Third_Party/FreeRTOS/Source/tasks.o
 .bss.uxSchedulerSuspended
                0x00000000200003b0        0x4 Middlewares/Third_Party/FreeRTOS/Source/tasks.o
 .bss.ucMaxSysCallPriority
                0x00000000200003b4        0x1 Middlewares/Third_Party/FreeRTOS/Source/portable/GCC/ARM_CM4F/port.o
 *fill*         0x00000000200003b5        0x3 
 .bss.ulMaxPRIGROUPValue
                0x00000000200003b8        0x4 Middlewares/Third_Party/FreeRTOS/Source/portable/GCC/ARM_CM4F/port.o
 .bss.ucHeap    0x00000000200003bc     0x2000 Middlewares/Third_Party/FreeRTOS/Source/portable/MemMang/heap_4.o
 .bss.xStart    0x00000000200023bc        0x8 Middlewares/Third_Party/FreeRTOS/Source/portable/MemMang/heap_4.o
 .bss.pxEnd     0x00000000200023c4        0x4 Middlewares/Third_Party/FreeRTOS/Source/portable/MemMang/heap_4.o
 .bss.xFreeBytesRemaining
                0x00000000200023c8        0x4 Middlewares/Third_Party/FreeRTOS/Source/portable/MemMang/heap_4.o
 .bss.xMinimumEverFreeBytesRemaining
                0x00000000200023cc        0x4 Middlewares/Third_Party/FreeRTOS/Source/portable/MemMang/heap_4.o
 .bss.xBlockAllocatedBit
                0x00000000200023d0        0x4 Middlewares/Third_Party/FreeRTOS/Source/portable/MemMang/heap_4.o
 *(COMMON)
 COMMON         0x00000000200023d4      0x214 Core/Src/main.o
                0x00000000200023d4                TaskUartSendHandle
                0x00000000200023d8                binSem1Handle
                0x00000000200023dc                tickCounter
                0x00000000200023e0                MutexEncoderHandle
                0x00000000200023e4                htim3
                0x0000000020002430                DataSendUart
                0x0000000020002444                MotorA_EncB
                0x000000002000245c                QueueUARTSendHandle
                0x0000000020002460                TaskPWMHandle
                0x0000000020002464                TaskVelRefHandle
                0x0000000020002468                BinSemPWMHandle
                0x000000002000246c                os_mailQ_cb_QueueUARTSnd
                0x0000000020002470                htim1
                0x00000000200024bc                huart2
                0x0000000020002540                TaskControlHandle
                0x0000000020002544                MotorA_EncA
                0x000000002000255c                MC
                0x00000000200025e0                TaskMotorSpeedHandle
                0x00000000200025e4                QueueUARTSndHandle
 COMMON         0x00000000200025e8       0x4c Core/Src/stm32f3xx_hal_timebase_tim.o
                0x00000000200025e8                htim6
 COMMON         0x0000000020002634        0x4 Drivers/STM32F3xx_HAL_Driver/Src/stm32f3xx_hal.o
                0x0000000020002634                uwTick
                0x0000000020002638                . = ALIGN (0x4)
                0x0000000020002638                _ebss = .
                0x0000000020002638                __bss_end__ = _ebss

._user_heap_stack
                0x0000000020002638      0x600 load address 0x0000000008008f54
                0x0000000020002638                . = ALIGN (0x8)
                [!provide]                        PROVIDE (end = .)
                0x0000000020002638                PROVIDE (_end = .)
                0x0000000020002838                . = (. + _Min_Heap_Size)
 *fill*         0x0000000020002638      0x200 
                0x0000000020002c38                . = (. + _Min_Stack_Size)
 *fill*         0x0000000020002838      0x400 
                0x0000000020002c38                . = ALIGN (0x8)

/DISCARD/
 libc.a(*)
 libm.a(*)
 libgcc.a(*)

.ARM.attributes
                0x0000000000000000       0x30
 *(.ARM.attributes)
 .ARM.attributes
                0x0000000000000000       0x22 c:/st/stm32cubeide_1.4.0/stm32cubeide/plugins/com.st.stm32cube.ide.mcu.externaltools.gnu-tools-for-stm32.7-2018-q2-update.win32_1.4.0.202007081208/tools/bin/../lib/gcc/arm-none-eabi/7.3.1/thumb/v7e-m/fpv4-sp/hard/crti.o
 .ARM.attributes
                0x0000000000000022       0x34 c:/st/stm32cubeide_1.4.0/stm32cubeide/plugins/com.st.stm32cube.ide.mcu.externaltools.gnu-tools-for-stm32.7-2018-q2-update.win32_1.4.0.202007081208/tools/bin/../lib/gcc/arm-none-eabi/7.3.1/thumb/v7e-m/fpv4-sp/hard/crtbegin.o
 .ARM.attributes
                0x0000000000000056       0x39 Core/Src/freertos.o
 .ARM.attributes
                0x000000000000008f       0x39 Core/Src/main.o
 .ARM.attributes
                0x00000000000000c8       0x39 Core/Src/stm32f3xx_hal_msp.o
 .ARM.attributes
                0x0000000000000101       0x39 Core/Src/stm32f3xx_hal_timebase_tim.o
 .ARM.attributes
                0x000000000000013a       0x39 Core/Src/stm32f3xx_it.o
 .ARM.attributes
                0x0000000000000173       0x39 Core/Src/system_stm32f3xx.o
 .ARM.attributes
                0x00000000000001ac       0x21 Core/Startup/startup_stm32f303retx.o
 .ARM.attributes
                0x00000000000001cd       0x39 Drivers/STM32F3xx_HAL_Driver/Src/stm32f3xx_hal.o
 .ARM.attributes
                0x0000000000000206       0x39 Drivers/STM32F3xx_HAL_Driver/Src/stm32f3xx_hal_cortex.o
 .ARM.attributes
                0x000000000000023f       0x39 Drivers/STM32F3xx_HAL_Driver/Src/stm32f3xx_hal_gpio.o
 .ARM.attributes
                0x0000000000000278       0x39 Drivers/STM32F3xx_HAL_Driver/Src/stm32f3xx_hal_rcc.o
 .ARM.attributes
                0x00000000000002b1       0x39 Drivers/STM32F3xx_HAL_Driver/Src/stm32f3xx_hal_rcc_ex.o
 .ARM.attributes
                0x00000000000002ea       0x39 Drivers/STM32F3xx_HAL_Driver/Src/stm32f3xx_hal_tim.o
 .ARM.attributes
                0x0000000000000323       0x39 Drivers/STM32F3xx_HAL_Driver/Src/stm32f3xx_hal_tim_ex.o
 .ARM.attributes
                0x000000000000035c       0x39 Drivers/STM32F3xx_HAL_Driver/Src/stm32f3xx_hal_uart.o
 .ARM.attributes
                0x0000000000000395       0x39 Middlewares/Third_Party/FreeRTOS/Source/CMSIS_RTOS/cmsis_os.o
 .ARM.attributes
                0x00000000000003ce       0x39 Middlewares/Third_Party/FreeRTOS/Source/list.o
 .ARM.attributes
                0x0000000000000407       0x39 Middlewares/Third_Party/FreeRTOS/Source/queue.o
 .ARM.attributes
                0x0000000000000440       0x39 Middlewares/Third_Party/FreeRTOS/Source/tasks.o
 .ARM.attributes
                0x0000000000000479       0x39 Middlewares/Third_Party/FreeRTOS/Source/portable/GCC/ARM_CM4F/port.o
 .ARM.attributes
                0x00000000000004b2       0x39 Middlewares/Third_Party/FreeRTOS/Source/portable/MemMang/heap_4.o
 .ARM.attributes
                0x00000000000004eb       0x34 c:/st/stm32cubeide_1.4.0/stm32cubeide/plugins/com.st.stm32cube.ide.mcu.externaltools.gnu-tools-for-stm32.7-2018-q2-update.win32_1.4.0.202007081208/tools/bin/../lib/gcc/arm-none-eabi/7.3.1/../../../../arm-none-eabi/lib/thumb/v7e-m/fpv4-sp/hard\libc_nano.a(lib_a-init.o)
 .ARM.attributes
                0x000000000000051f       0x34 c:/st/stm32cubeide_1.4.0/stm32cubeide/plugins/com.st.stm32cube.ide.mcu.externaltools.gnu-tools-for-stm32.7-2018-q2-update.win32_1.4.0.202007081208/tools/bin/../lib/gcc/arm-none-eabi/7.3.1/../../../../arm-none-eabi/lib/thumb/v7e-m/fpv4-sp/hard\libc_nano.a(lib_a-memcpy-stub.o)
 .ARM.attributes
                0x0000000000000553       0x34 c:/st/stm32cubeide_1.4.0/stm32cubeide/plugins/com.st.stm32cube.ide.mcu.externaltools.gnu-tools-for-stm32.7-2018-q2-update.win32_1.4.0.202007081208/tools/bin/../lib/gcc/arm-none-eabi/7.3.1/../../../../arm-none-eabi/lib/thumb/v7e-m/fpv4-sp/hard\libc_nano.a(lib_a-memset.o)
 .ARM.attributes
                0x0000000000000587       0x22 c:/st/stm32cubeide_1.4.0/stm32cubeide/plugins/com.st.stm32cube.ide.mcu.externaltools.gnu-tools-for-stm32.7-2018-q2-update.win32_1.4.0.202007081208/tools/bin/../lib/gcc/arm-none-eabi/7.3.1/thumb/v7e-m/fpv4-sp/hard\libgcc.a(_arm_addsubdf3.o)
 .ARM.attributes
                0x00000000000005a9       0x22 c:/st/stm32cubeide_1.4.0/stm32cubeide/plugins/com.st.stm32cube.ide.mcu.externaltools.gnu-tools-for-stm32.7-2018-q2-update.win32_1.4.0.202007081208/tools/bin/../lib/gcc/arm-none-eabi/7.3.1/thumb/v7e-m/fpv4-sp/hard\libgcc.a(_arm_muldivdf3.o)
 .ARM.attributes
                0x00000000000005cb       0x22 c:/st/stm32cubeide_1.4.0/stm32cubeide/plugins/com.st.stm32cube.ide.mcu.externaltools.gnu-tools-for-stm32.7-2018-q2-update.win32_1.4.0.202007081208/tools/bin/../lib/gcc/arm-none-eabi/7.3.1/thumb/v7e-m/fpv4-sp/hard\libgcc.a(_arm_truncdfsf2.o)
 .ARM.attributes
                0x00000000000005ed       0x22 c:/st/stm32cubeide_1.4.0/stm32cubeide/plugins/com.st.stm32cube.ide.mcu.externaltools.gnu-tools-for-stm32.7-2018-q2-update.win32_1.4.0.202007081208/tools/bin/../lib/gcc/arm-none-eabi/7.3.1/thumb/v7e-m/fpv4-sp/hard/crtn.o
OUTPUT(RTOS_002.elf elf32-littlearm)

.debug_info     0x0000000000000000    0x1579f
 .debug_info    0x0000000000000000      0x34e Core/Src/freertos.o
 .debug_info    0x000000000000034e     0x1f8d Core/Src/main.o
 .debug_info    0x00000000000022db      0xf81 Core/Src/stm32f3xx_hal_msp.o
 .debug_info    0x000000000000325c      0xac6 Core/Src/stm32f3xx_hal_timebase_tim.o
 .debug_info    0x0000000000003d22      0x7a5 Core/Src/stm32f3xx_it.o
 .debug_info    0x00000000000044c7      0x45c Core/Src/system_stm32f3xx.o
 .debug_info    0x0000000000004923       0x22 Core/Startup/startup_stm32f303retx.o
 .debug_info    0x0000000000004945      0x812 Drivers/STM32F3xx_HAL_Driver/Src/stm32f3xx_hal.o
 .debug_info    0x0000000000005157      0xdc9 Drivers/STM32F3xx_HAL_Driver/Src/stm32f3xx_hal_cortex.o
 .debug_info    0x0000000000005f20      0x7c1 Drivers/STM32F3xx_HAL_Driver/Src/stm32f3xx_hal_gpio.o
 .debug_info    0x00000000000066e1     0x181f Drivers/STM32F3xx_HAL_Driver/Src/stm32f3xx_hal_rcc.o
 .debug_info    0x0000000000007f00      0x708 Drivers/STM32F3xx_HAL_Driver/Src/stm32f3xx_hal_rcc_ex.o
 .debug_info    0x0000000000008608     0x2901 Drivers/STM32F3xx_HAL_Driver/Src/stm32f3xx_hal_tim.o
 .debug_info    0x000000000000af09     0x144c Drivers/STM32F3xx_HAL_Driver/Src/stm32f3xx_hal_tim_ex.o
 .debug_info    0x000000000000c355     0x16a2 Drivers/STM32F3xx_HAL_Driver/Src/stm32f3xx_hal_uart.o
 .debug_info    0x000000000000d9f7     0x1e5d Middlewares/Third_Party/FreeRTOS/Source/CMSIS_RTOS/cmsis_os.o
 .debug_info    0x000000000000f854      0xac5 Middlewares/Third_Party/FreeRTOS/Source/list.o
 .debug_info    0x0000000000010319     0x1f2d Middlewares/Third_Party/FreeRTOS/Source/queue.o
 .debug_info    0x0000000000012246     0x243c Middlewares/Third_Party/FreeRTOS/Source/tasks.o
 .debug_info    0x0000000000014682      0x533 Middlewares/Third_Party/FreeRTOS/Source/portable/GCC/ARM_CM4F/port.o
 .debug_info    0x0000000000014bb5      0xbea Middlewares/Third_Party/FreeRTOS/Source/portable/MemMang/heap_4.o

.debug_abbrev   0x0000000000000000     0x2bc6
 .debug_abbrev  0x0000000000000000      0x109 Core/Src/freertos.o
 .debug_abbrev  0x0000000000000109      0x2c0 Core/Src/main.o
 .debug_abbrev  0x00000000000003c9      0x1a6 Core/Src/stm32f3xx_hal_msp.o
 .debug_abbrev  0x000000000000056f      0x19d Core/Src/stm32f3xx_hal_timebase_tim.o
 .debug_abbrev  0x000000000000070c      0x15a Core/Src/stm32f3xx_it.o
 .debug_abbrev  0x0000000000000866      0x12b Core/Src/system_stm32f3xx.o
 .debug_abbrev  0x0000000000000991       0x12 Core/Startup/startup_stm32f303retx.o
 .debug_abbrev  0x00000000000009a3      0x1c7 Drivers/STM32F3xx_HAL_Driver/Src/stm32f3xx_hal.o
 .debug_abbrev  0x0000000000000b6a      0x2fa Drivers/STM32F3xx_HAL_Driver/Src/stm32f3xx_hal_cortex.o
 .debug_abbrev  0x0000000000000e64      0x1c0 Drivers/STM32F3xx_HAL_Driver/Src/stm32f3xx_hal_gpio.o
 .debug_abbrev  0x0000000000001024      0x28c Drivers/STM32F3xx_HAL_Driver/Src/stm32f3xx_hal_rcc.o
 .debug_abbrev  0x00000000000012b0      0x219 Drivers/STM32F3xx_HAL_Driver/Src/stm32f3xx_hal_rcc_ex.o
 .debug_abbrev  0x00000000000014c9      0x230 Drivers/STM32F3xx_HAL_Driver/Src/stm32f3xx_hal_tim.o
 .debug_abbrev  0x00000000000016f9      0x236 Drivers/STM32F3xx_HAL_Driver/Src/stm32f3xx_hal_tim_ex.o
 .debug_abbrev  0x000000000000192f      0x215 Drivers/STM32F3xx_HAL_Driver/Src/stm32f3xx_hal_uart.o
 .debug_abbrev  0x0000000000001b44      0x379 Middlewares/Third_Party/FreeRTOS/Source/CMSIS_RTOS/cmsis_os.o
 .debug_abbrev  0x0000000000001ebd      0x1cf Middlewares/Third_Party/FreeRTOS/Source/list.o
 .debug_abbrev  0x000000000000208c      0x354 Middlewares/Third_Party/FreeRTOS/Source/queue.o
 .debug_abbrev  0x00000000000023e0      0x338 Middlewares/Third_Party/FreeRTOS/Source/tasks.o
 .debug_abbrev  0x0000000000002718      0x210 Middlewares/Third_Party/FreeRTOS/Source/portable/GCC/ARM_CM4F/port.o
 .debug_abbrev  0x0000000000002928      0x29e Middlewares/Third_Party/FreeRTOS/Source/portable/MemMang/heap_4.o

.debug_aranges  0x0000000000000000     0x1208
 .debug_aranges
                0x0000000000000000       0x20 Core/Src/freertos.o
 .debug_aranges
                0x0000000000000020       0x98 Core/Src/main.o
 .debug_aranges
                0x00000000000000b8       0x48 Core/Src/stm32f3xx_hal_msp.o
 .debug_aranges
                0x0000000000000100       0x30 Core/Src/stm32f3xx_hal_timebase_tim.o
 .debug_aranges
                0x0000000000000130       0x60 Core/Src/stm32f3xx_it.o
 .debug_aranges
                0x0000000000000190       0x28 Core/Src/system_stm32f3xx.o
 .debug_aranges
                0x00000000000001b8       0x28 Core/Startup/startup_stm32f303retx.o
 .debug_aranges
                0x00000000000001e0       0xe0 Drivers/STM32F3xx_HAL_Driver/Src/stm32f3xx_hal.o
 .debug_aranges
                0x00000000000002c0      0x118 Drivers/STM32F3xx_HAL_Driver/Src/stm32f3xx_hal_cortex.o
 .debug_aranges
                0x00000000000003d8       0x58 Drivers/STM32F3xx_HAL_Driver/Src/stm32f3xx_hal_gpio.o
 .debug_aranges
                0x0000000000000430       0x88 Drivers/STM32F3xx_HAL_Driver/Src/stm32f3xx_hal_rcc.o
 .debug_aranges
                0x00000000000004b8       0x38 Drivers/STM32F3xx_HAL_Driver/Src/stm32f3xx_hal_rcc_ex.o
 .debug_aranges
                0x00000000000004f0      0x3e0 Drivers/STM32F3xx_HAL_Driver/Src/stm32f3xx_hal_tim.o
 .debug_aranges
                0x00000000000008d0      0x178 Drivers/STM32F3xx_HAL_Driver/Src/stm32f3xx_hal_tim_ex.o
 .debug_aranges
                0x0000000000000a48      0x228 Drivers/STM32F3xx_HAL_Driver/Src/stm32f3xx_hal_uart.o
 .debug_aranges
                0x0000000000000c70      0x1d8 Middlewares/Third_Party/FreeRTOS/Source/CMSIS_RTOS/cmsis_os.o
 .debug_aranges
                0x0000000000000e48       0x40 Middlewares/Third_Party/FreeRTOS/Source/list.o
 .debug_aranges
                0x0000000000000e88      0x108 Middlewares/Third_Party/FreeRTOS/Source/queue.o
 .debug_aranges
                0x0000000000000f90      0x1a8 Middlewares/Third_Party/FreeRTOS/Source/tasks.o
 .debug_aranges
                0x0000000000001138       0x80 Middlewares/Third_Party/FreeRTOS/Source/portable/GCC/ARM_CM4F/port.o
 .debug_aranges
                0x00000000000011b8       0x50 Middlewares/Third_Party/FreeRTOS/Source/portable/MemMang/heap_4.o

.debug_ranges   0x0000000000000000     0x10f0
 .debug_ranges  0x0000000000000000       0x10 Core/Src/freertos.o
 .debug_ranges  0x0000000000000010       0x88 Core/Src/main.o
 .debug_ranges  0x0000000000000098       0x38 Core/Src/stm32f3xx_hal_msp.o
 .debug_ranges  0x00000000000000d0       0x20 Core/Src/stm32f3xx_hal_timebase_tim.o
 .debug_ranges  0x00000000000000f0       0x50 Core/Src/stm32f3xx_it.o
 .debug_ranges  0x0000000000000140       0x18 Core/Src/system_stm32f3xx.o
 .debug_ranges  0x0000000000000158       0x20 Core/Startup/startup_stm32f303retx.o
 .debug_ranges  0x0000000000000178       0xd0 Drivers/STM32F3xx_HAL_Driver/Src/stm32f3xx_hal.o
 .debug_ranges  0x0000000000000248      0x108 Drivers/STM32F3xx_HAL_Driver/Src/stm32f3xx_hal_cortex.o
 .debug_ranges  0x0000000000000350       0x48 Drivers/STM32F3xx_HAL_Driver/Src/stm32f3xx_hal_gpio.o
 .debug_ranges  0x0000000000000398       0x78 Drivers/STM32F3xx_HAL_Driver/Src/stm32f3xx_hal_rcc.o
 .debug_ranges  0x0000000000000410       0x28 Drivers/STM32F3xx_HAL_Driver/Src/stm32f3xx_hal_rcc_ex.o
 .debug_ranges  0x0000000000000438      0x3d0 Drivers/STM32F3xx_HAL_Driver/Src/stm32f3xx_hal_tim.o
 .debug_ranges  0x0000000000000808      0x168 Drivers/STM32F3xx_HAL_Driver/Src/stm32f3xx_hal_tim_ex.o
 .debug_ranges  0x0000000000000970      0x248 Drivers/STM32F3xx_HAL_Driver/Src/stm32f3xx_hal_uart.o
 .debug_ranges  0x0000000000000bb8      0x1c8 Middlewares/Third_Party/FreeRTOS/Source/CMSIS_RTOS/cmsis_os.o
 .debug_ranges  0x0000000000000d80       0x30 Middlewares/Third_Party/FreeRTOS/Source/list.o
 .debug_ranges  0x0000000000000db0       0xf8 Middlewares/Third_Party/FreeRTOS/Source/queue.o
 .debug_ranges  0x0000000000000ea8      0x198 Middlewares/Third_Party/FreeRTOS/Source/tasks.o
 .debug_ranges  0x0000000000001040       0x70 Middlewares/Third_Party/FreeRTOS/Source/portable/GCC/ARM_CM4F/port.o
 .debug_ranges  0x00000000000010b0       0x40 Middlewares/Third_Party/FreeRTOS/Source/portable/MemMang/heap_4.o

.debug_macro    0x0000000000000000    0x21a01
 .debug_macro   0x0000000000000000      0x24e Core/Src/freertos.o
 .debug_macro   0x000000000000024e      0xa5a Core/Src/freertos.o
 .debug_macro   0x0000000000000ca8      0x174 Core/Src/freertos.o
 .debug_macro   0x0000000000000e1c       0x22 Core/Src/freertos.o
 .debug_macro   0x0000000000000e3e       0x8e Core/Src/freertos.o
 .debug_macro   0x0000000000000ecc       0x51 Core/Src/freertos.o
 .debug_macro   0x0000000000000f1d       0xef Core/Src/freertos.o
 .debug_macro   0x000000000000100c       0x6a Core/Src/freertos.o
 .debug_macro   0x0000000000001076      0x1df Core/Src/freertos.o
 .debug_macro   0x0000000000001255       0xd6 Core/Src/freertos.o
 .debug_macro   0x000000000000132b      0x15a Core/Src/freertos.o
 .debug_macro   0x0000000000001485       0xd7 Core/Src/freertos.o
 .debug_macro   0x000000000000155c       0x10 Core/Src/freertos.o
 .debug_macro   0x000000000000156c       0x1f Core/Src/freertos.o
 .debug_macro   0x000000000000158b      0x4b7 Core/Src/freertos.o
 .debug_macro   0x0000000000001a42       0xb5 Core/Src/freertos.o
 .debug_macro   0x0000000000001af7       0x8c Core/Src/freertos.o
 .debug_macro   0x0000000000001b83      0x157 Core/Src/freertos.o
 .debug_macro   0x0000000000001cda       0x2e Core/Src/freertos.o
 .debug_macro   0x0000000000001d08       0x28 Core/Src/freertos.o
 .debug_macro   0x0000000000001d30       0x1c Core/Src/freertos.o
 .debug_macro   0x0000000000001d4c       0x22 Core/Src/freertos.o
 .debug_macro   0x0000000000001d6e       0xdf Core/Src/freertos.o
 .debug_macro   0x0000000000001e4d     0x102d Core/Src/freertos.o
 .debug_macro   0x0000000000002e7a      0x11f Core/Src/freertos.o
 .debug_macro   0x0000000000002f99    0x15353 Core/Src/freertos.o
 .debug_macro   0x00000000000182ec       0x43 Core/Src/freertos.o
 .debug_macro   0x000000000001832f     0x35e9 Core/Src/freertos.o
 .debug_macro   0x000000000001b918       0x55 Core/Src/freertos.o
 .debug_macro   0x000000000001b96d      0x954 Core/Src/freertos.o
 .debug_macro   0x000000000001c2c1      0x84a Core/Src/freertos.o
 .debug_macro   0x000000000001cb0b      0x12f Core/Src/freertos.o
 .debug_macro   0x000000000001cc3a      0x23a Core/Src/freertos.o
 .debug_macro   0x000000000001ce74      0x1ea Core/Src/freertos.o
 .debug_macro   0x000000000001d05e      0x1bc Core/Src/freertos.o
 .debug_macro   0x000000000001d21a       0x30 Core/Src/freertos.o
 .debug_macro   0x000000000001d24a       0x3c Core/Src/freertos.o
 .debug_macro   0x000000000001d286      0x236 Core/Src/freertos.o
 .debug_macro   0x000000000001d4bc       0xc5 Core/Src/freertos.o
 .debug_macro   0x000000000001d581      0x21d Core/Src/freertos.o
 .debug_macro   0x000000000001d79e      0x22c Core/Src/freertos.o
 .debug_macro   0x000000000001d9ca       0x5b Core/Src/freertos.o
 .debug_macro   0x000000000001da25       0xa5 Core/Src/freertos.o
 .debug_macro   0x000000000001daca       0x81 Core/Src/freertos.o
 .debug_macro   0x000000000001db4b       0xd3 Core/Src/freertos.o
 .debug_macro   0x000000000001dc1e      0xa3d Core/Src/freertos.o
 .debug_macro   0x000000000001e65b       0xbb Core/Src/freertos.o
 .debug_macro   0x000000000001e716      0x5a5 Core/Src/freertos.o
 .debug_macro   0x000000000001ecbb       0x44 Core/Src/freertos.o
 .debug_macro   0x000000000001ecff      0x347 Core/Src/freertos.o
 .debug_macro   0x000000000001f046       0x94 Core/Src/freertos.o
 .debug_macro   0x000000000001f0da      0x299 Core/Src/main.o
 .debug_macro   0x000000000001f373       0xd6 Core/Src/main.o
 .debug_macro   0x000000000001f449       0x91 Core/Src/main.o
 .debug_macro   0x000000000001f4da       0x8d Core/Src/main.o
 .debug_macro   0x000000000001f567       0x7e Core/Src/main.o
 .debug_macro   0x000000000001f5e5       0x19 Core/Src/main.o
 .debug_macro   0x000000000001f5fe       0xf2 Core/Src/main.o
 .debug_macro   0x000000000001f6f0      0x1e6 Core/Src/stm32f3xx_hal_msp.o
 .debug_macro   0x000000000001f8d6      0x1d7 Core/Src/stm32f3xx_hal_timebase_tim.o
 .debug_macro   0x000000000001faad      0x1f0 Core/Src/stm32f3xx_it.o
 .debug_macro   0x000000000001fc9d      0x1d7 Core/Src/system_stm32f3xx.o
 .debug_macro   0x000000000001fe74      0x1fb Drivers/STM32F3xx_HAL_Driver/Src/stm32f3xx_hal.o
 .debug_macro   0x000000000002006f      0x1d7 Drivers/STM32F3xx_HAL_Driver/Src/stm32f3xx_hal_cortex.o
 .debug_macro   0x0000000000020246      0x20f Drivers/STM32F3xx_HAL_Driver/Src/stm32f3xx_hal_gpio.o
 .debug_macro   0x0000000000020455      0x1fb Drivers/STM32F3xx_HAL_Driver/Src/stm32f3xx_hal_rcc.o
 .debug_macro   0x0000000000020650      0x1d7 Drivers/STM32F3xx_HAL_Driver/Src/stm32f3xx_hal_rcc_ex.o
 .debug_macro   0x0000000000020827      0x1d8 Drivers/STM32F3xx_HAL_Driver/Src/stm32f3xx_hal_tim.o
 .debug_macro   0x00000000000209ff      0x1d7 Drivers/STM32F3xx_HAL_Driver/Src/stm32f3xx_hal_tim_ex.o
 .debug_macro   0x0000000000020bd6      0x1f4 Drivers/STM32F3xx_HAL_Driver/Src/stm32f3xx_hal_uart.o
 .debug_macro   0x0000000000020dca      0x1f1 Middlewares/Third_Party/FreeRTOS/Source/CMSIS_RTOS/cmsis_os.o
 .debug_macro   0x0000000000020fbb       0x10 Middlewares/Third_Party/FreeRTOS/Source/CMSIS_RTOS/cmsis_os.o
 .debug_macro   0x0000000000020fcb       0x20 Middlewares/Third_Party/FreeRTOS/Source/CMSIS_RTOS/cmsis_os.o
 .debug_macro   0x0000000000020feb       0xc7 Middlewares/Third_Party/FreeRTOS/Source/CMSIS_RTOS/cmsis_os.o
 .debug_macro   0x00000000000210b2      0x17a Middlewares/Third_Party/FreeRTOS/Source/list.o
 .debug_macro   0x000000000002122c      0x205 Middlewares/Third_Party/FreeRTOS/Source/queue.o
 .debug_macro   0x0000000000021431       0x16 Middlewares/Third_Party/FreeRTOS/Source/queue.o
 .debug_macro   0x0000000000021447      0x273 Middlewares/Third_Party/FreeRTOS/Source/tasks.o
 .debug_macro   0x00000000000216ba       0x10 Middlewares/Third_Party/FreeRTOS/Source/tasks.o
 .debug_macro   0x00000000000216ca      0x196 Middlewares/Third_Party/FreeRTOS/Source/portable/GCC/ARM_CM4F/port.o
 .debug_macro   0x0000000000021860      0x1a1 Middlewares/Third_Party/FreeRTOS/Source/portable/MemMang/heap_4.o

.debug_line     0x0000000000000000     0xf69a
 .debug_line    0x0000000000000000      0x7e6 Core/Src/freertos.o
 .debug_line    0x00000000000007e6      0xafc Core/Src/main.o
 .debug_line    0x00000000000012e2      0x775 Core/Src/stm32f3xx_hal_msp.o
 .debug_line    0x0000000000001a57      0x720 Core/Src/stm32f3xx_hal_timebase_tim.o
 .debug_line    0x0000000000002177      0x792 Core/Src/stm32f3xx_it.o
 .debug_line    0x0000000000002909      0x70b Core/Src/system_stm32f3xx.o
 .debug_line    0x0000000000003014       0x88 Core/Startup/startup_stm32f303retx.o
 .debug_line    0x000000000000309c      0x8c7 Drivers/STM32F3xx_HAL_Driver/Src/stm32f3xx_hal.o
 .debug_line    0x0000000000003963      0x9fc Drivers/STM32F3xx_HAL_Driver/Src/stm32f3xx_hal_cortex.o
 .debug_line    0x000000000000435f      0x8a2 Drivers/STM32F3xx_HAL_Driver/Src/stm32f3xx_hal_gpio.o
 .debug_line    0x0000000000004c01      0xe42 Drivers/STM32F3xx_HAL_Driver/Src/stm32f3xx_hal_rcc.o
 .debug_line    0x0000000000005a43      0xa6a Drivers/STM32F3xx_HAL_Driver/Src/stm32f3xx_hal_rcc_ex.o
 .debug_line    0x00000000000064ad     0x282a Drivers/STM32F3xx_HAL_Driver/Src/stm32f3xx_hal_tim.o
 .debug_line    0x0000000000008cd7     0x1520 Drivers/STM32F3xx_HAL_Driver/Src/stm32f3xx_hal_tim_ex.o
 .debug_line    0x000000000000a1f7     0x12a2 Drivers/STM32F3xx_HAL_Driver/Src/stm32f3xx_hal_uart.o
 .debug_line    0x000000000000b499      0xcc0 Middlewares/Third_Party/FreeRTOS/Source/CMSIS_RTOS/cmsis_os.o
 .debug_line    0x000000000000c159      0x66c Middlewares/Third_Party/FreeRTOS/Source/list.o
 .debug_line    0x000000000000c7c5      0xf6d Middlewares/Third_Party/FreeRTOS/Source/queue.o
 .debug_line    0x000000000000d732     0x1173 Middlewares/Third_Party/FreeRTOS/Source/tasks.o
 .debug_line    0x000000000000e8a5      0x6a3 Middlewares/Third_Party/FreeRTOS/Source/portable/GCC/ARM_CM4F/port.o
 .debug_line    0x000000000000ef48      0x752 Middlewares/Third_Party/FreeRTOS/Source/portable/MemMang/heap_4.o

.debug_str      0x0000000000000000    0xd1e2c
 .debug_str     0x0000000000000000    0xc5fb8 Core/Src/freertos.o
                                      0xc6695 (size before relaxing)
 .debug_str     0x00000000000c5fb8     0x38d1 Core/Src/main.o
                                      0xca16c (size before relaxing)
 .debug_str     0x00000000000c9889       0xa0 Core/Src/stm32f3xx_hal_msp.o
                                      0xc386d (size before relaxing)
 .debug_str     0x00000000000c9929       0xaa Core/Src/stm32f3xx_hal_timebase_tim.o
                                      0xc3441 (size before relaxing)
 .debug_str     0x00000000000c99d3       0xa7 Core/Src/stm32f3xx_it.o
                                      0xc312e (size before relaxing)
 .debug_str     0x00000000000c9a7a       0xbd Core/Src/system_stm32f3xx.o
                                      0xc2a3e (size before relaxing)
 .debug_str     0x00000000000c9b37       0x36 Core/Startup/startup_stm32f303retx.o
                                         0x6b (size before relaxing)
 .debug_str     0x00000000000c9b6d      0x2cc Drivers/STM32F3xx_HAL_Driver/Src/stm32f3xx_hal.o
                                      0xc3245 (size before relaxing)
 .debug_str     0x00000000000c9e39      0x3a1 Drivers/STM32F3xx_HAL_Driver/Src/stm32f3xx_hal_cortex.o
                                      0xc3353 (size before relaxing)
 .debug_str     0x00000000000ca1da      0x25e Drivers/STM32F3xx_HAL_Driver/Src/stm32f3xx_hal_gpio.o
                                      0xc2d1c (size before relaxing)
 .debug_str     0x00000000000ca438      0x2f2 Drivers/STM32F3xx_HAL_Driver/Src/stm32f3xx_hal_rcc.o
                                      0xc2eb0 (size before relaxing)
 .debug_str     0x00000000000ca72a       0xd8 Drivers/STM32F3xx_HAL_Driver/Src/stm32f3xx_hal_rcc_ex.o
                                      0xc2cfa (size before relaxing)
 .debug_str     0x00000000000ca802      0xd5d Drivers/STM32F3xx_HAL_Driver/Src/stm32f3xx_hal_tim.o
                                      0xc3dfa (size before relaxing)
 .debug_str     0x00000000000cb55f      0x579 Drivers/STM32F3xx_HAL_Driver/Src/stm32f3xx_hal_tim_ex.o
                                      0xc3627 (size before relaxing)
 .debug_str     0x00000000000cbad8      0x867 Drivers/STM32F3xx_HAL_Driver/Src/stm32f3xx_hal_uart.o
                                      0xc3699 (size before relaxing)
 .debug_str     0x00000000000cc33f     0x34d7 Middlewares/Third_Party/FreeRTOS/Source/CMSIS_RTOS/cmsis_os.o
                                       0xdd97 (size before relaxing)
 .debug_str     0x00000000000cf816      0x225 Middlewares/Third_Party/FreeRTOS/Source/list.o
                                       0xa4df (size before relaxing)
 .debug_str     0x00000000000cfa3b      0x7ca Middlewares/Third_Party/FreeRTOS/Source/queue.o
                                       0xbb93 (size before relaxing)
 .debug_str     0x00000000000d0205     0x11ca Middlewares/Third_Party/FreeRTOS/Source/tasks.o
                                       0xc6cc (size before relaxing)
 .debug_str     0x00000000000d13cf      0x803 Middlewares/Third_Party/FreeRTOS/Source/portable/GCC/ARM_CM4F/port.o
                                       0x81d8 (size before relaxing)
 .debug_str     0x00000000000d1bd2      0x25a Middlewares/Third_Party/FreeRTOS/Source/portable/MemMang/heap_4.o
                                       0xac02 (size before relaxing)

.comment        0x0000000000000000       0x7b
 .comment       0x0000000000000000       0x7b Core/Src/freertos.o
                                         0x7c (size before relaxing)
 .comment       0x000000000000007b       0x7c Core/Src/main.o
 .comment       0x000000000000007b       0x7c Core/Src/stm32f3xx_hal_msp.o
 .comment       0x000000000000007b       0x7c Core/Src/stm32f3xx_hal_timebase_tim.o
 .comment       0x000000000000007b       0x7c Core/Src/stm32f3xx_it.o
 .comment       0x000000000000007b       0x7c Core/Src/system_stm32f3xx.o
 .comment       0x000000000000007b       0x7c Drivers/STM32F3xx_HAL_Driver/Src/stm32f3xx_hal.o
 .comment       0x000000000000007b       0x7c Drivers/STM32F3xx_HAL_Driver/Src/stm32f3xx_hal_cortex.o
 .comment       0x000000000000007b       0x7c Drivers/STM32F3xx_HAL_Driver/Src/stm32f3xx_hal_gpio.o
 .comment       0x000000000000007b       0x7c Drivers/STM32F3xx_HAL_Driver/Src/stm32f3xx_hal_rcc.o
 .comment       0x000000000000007b       0x7c Drivers/STM32F3xx_HAL_Driver/Src/stm32f3xx_hal_rcc_ex.o
 .comment       0x000000000000007b       0x7c Drivers/STM32F3xx_HAL_Driver/Src/stm32f3xx_hal_tim.o
 .comment       0x000000000000007b       0x7c Drivers/STM32F3xx_HAL_Driver/Src/stm32f3xx_hal_tim_ex.o
 .comment       0x000000000000007b       0x7c Drivers/STM32F3xx_HAL_Driver/Src/stm32f3xx_hal_uart.o
 .comment       0x000000000000007b       0x7c Middlewares/Third_Party/FreeRTOS/Source/CMSIS_RTOS/cmsis_os.o
 .comment       0x000000000000007b       0x7c Middlewares/Third_Party/FreeRTOS/Source/list.o
 .comment       0x000000000000007b       0x7c Middlewares/Third_Party/FreeRTOS/Source/queue.o
 .comment       0x000000000000007b       0x7c Middlewares/Third_Party/FreeRTOS/Source/tasks.o
 .comment       0x000000000000007b       0x7c Middlewares/Third_Party/FreeRTOS/Source/portable/GCC/ARM_CM4F/port.o
 .comment       0x000000000000007b       0x7c Middlewares/Third_Party/FreeRTOS/Source/portable/MemMang/heap_4.o

.debug_frame    0x0000000000000000     0x4c64
 .debug_frame   0x0000000000000000       0x38 Core/Src/freertos.o
 .debug_frame   0x0000000000000038      0x244 Core/Src/main.o
 .debug_frame   0x000000000000027c       0xec Core/Src/stm32f3xx_hal_msp.o
 .debug_frame   0x0000000000000368       0x74 Core/Src/stm32f3xx_hal_timebase_tim.o
 .debug_frame   0x00000000000003dc      0x104 Core/Src/stm32f3xx_it.o
 .debug_frame   0x00000000000004e0       0x58 Core/Src/system_stm32f3xx.o
 .debug_frame   0x0000000000000538      0x334 Drivers/STM32F3xx_HAL_Driver/Src/stm32f3xx_hal.o
 .debug_frame   0x000000000000086c      0x498 Drivers/STM32F3xx_HAL_Driver/Src/stm32f3xx_hal_cortex.o
 .debug_frame   0x0000000000000d04      0x14c Drivers/STM32F3xx_HAL_Driver/Src/stm32f3xx_hal_gpio.o
 .debug_frame   0x0000000000000e50      0x214 Drivers/STM32F3xx_HAL_Driver/Src/stm32f3xx_hal_rcc.o
 .debug_frame   0x0000000000001064       0xb4 Drivers/STM32F3xx_HAL_Driver/Src/stm32f3xx_hal_rcc_ex.o
 .debug_frame   0x0000000000001118     0x121c Drivers/STM32F3xx_HAL_Driver/Src/stm32f3xx_hal_tim.o
 .debug_frame   0x0000000000002334      0x688 Drivers/STM32F3xx_HAL_Driver/Src/stm32f3xx_hal_tim_ex.o
 .debug_frame   0x00000000000029bc      0x9e0 Drivers/STM32F3xx_HAL_Driver/Src/stm32f3xx_hal_uart.o
 .debug_frame   0x000000000000339c      0x80c Middlewares/Third_Party/FreeRTOS/Source/CMSIS_RTOS/cmsis_os.o
 .debug_frame   0x0000000000003ba8       0xd8 Middlewares/Third_Party/FreeRTOS/Source/list.o
 .debug_frame   0x0000000000003c80      0x46c Middlewares/Third_Party/FreeRTOS/Source/queue.o
 .debug_frame   0x00000000000040ec      0x734 Middlewares/Third_Party/FreeRTOS/Source/tasks.o
 .debug_frame   0x0000000000004820      0x1a8 Middlewares/Third_Party/FreeRTOS/Source/portable/GCC/ARM_CM4F/port.o
 .debug_frame   0x00000000000049c8      0x108 Middlewares/Third_Party/FreeRTOS/Source/portable/MemMang/heap_4.o
 .debug_frame   0x0000000000004ad0       0x2c c:/st/stm32cubeide_1.4.0/stm32cubeide/plugins/com.st.stm32cube.ide.mcu.externaltools.gnu-tools-for-stm32.7-2018-q2-update.win32_1.4.0.202007081208/tools/bin/../lib/gcc/arm-none-eabi/7.3.1/../../../../arm-none-eabi/lib/thumb/v7e-m/fpv4-sp/hard\libc_nano.a(lib_a-init.o)
 .debug_frame   0x0000000000004afc       0x28 c:/st/stm32cubeide_1.4.0/stm32cubeide/plugins/com.st.stm32cube.ide.mcu.externaltools.gnu-tools-for-stm32.7-2018-q2-update.win32_1.4.0.202007081208/tools/bin/../lib/gcc/arm-none-eabi/7.3.1/../../../../arm-none-eabi/lib/thumb/v7e-m/fpv4-sp/hard\libc_nano.a(lib_a-memcpy-stub.o)
 .debug_frame   0x0000000000004b24       0x20 c:/st/stm32cubeide_1.4.0/stm32cubeide/plugins/com.st.stm32cube.ide.mcu.externaltools.gnu-tools-for-stm32.7-2018-q2-update.win32_1.4.0.202007081208/tools/bin/../lib/gcc/arm-none-eabi/7.3.1/../../../../arm-none-eabi/lib/thumb/v7e-m/fpv4-sp/hard\libc_nano.a(lib_a-memset.o)
 .debug_frame   0x0000000000004b44       0xac c:/st/stm32cubeide_1.4.0/stm32cubeide/plugins/com.st.stm32cube.ide.mcu.externaltools.gnu-tools-for-stm32.7-2018-q2-update.win32_1.4.0.202007081208/tools/bin/../lib/gcc/arm-none-eabi/7.3.1/thumb/v7e-m/fpv4-sp/hard\libgcc.a(_arm_addsubdf3.o)
 .debug_frame   0x0000000000004bf0       0x50 c:/st/stm32cubeide_1.4.0/stm32cubeide/plugins/com.st.stm32cube.ide.mcu.externaltools.gnu-tools-for-stm32.7-2018-q2-update.win32_1.4.0.202007081208/tools/bin/../lib/gcc/arm-none-eabi/7.3.1/thumb/v7e-m/fpv4-sp/hard\libgcc.a(_arm_muldivdf3.o)
 .debug_frame   0x0000000000004c40       0x24 c:/st/stm32cubeide_1.4.0/stm32cubeide/plugins/com.st.stm32cube.ide.mcu.externaltools.gnu-tools-for-stm32.7-2018-q2-update.win32_1.4.0.202007081208/tools/bin/../lib/gcc/arm-none-eabi/7.3.1/thumb/v7e-m/fpv4-sp/hard\libgcc.a(_arm_truncdfsf2.o)
