Archive member included to satisfy reference by file (symbol)

c:/st/stm32cubeide_1.4.0/stm32cubeide/plugins/com.st.stm32cube.ide.mcu.externaltools.gnu-tools-for-stm32.7-2018-q2-update.win32_1.4.0.202007081208/tools/bin/../lib/gcc/arm-none-eabi/7.3.1/../../../../arm-none-eabi/lib/thumb/v7e-m/fpv4-sp/hard\libc_nano.a(lib_a-errno.o)
                              Core/Src/syscalls.o (__errno)
c:/st/stm32cubeide_1.4.0/stm32cubeide/plugins/com.st.stm32cube.ide.mcu.externaltools.gnu-tools-for-stm32.7-2018-q2-update.win32_1.4.0.202007081208/tools/bin/../lib/gcc/arm-none-eabi/7.3.1/../../../../arm-none-eabi/lib/thumb/v7e-m/fpv4-sp/hard\libc_nano.a(lib_a-exit.o)
                              c:/st/stm32cubeide_1.4.0/stm32cubeide/plugins/com.st.stm32cube.ide.mcu.externaltools.gnu-tools-for-stm32.7-2018-q2-update.win32_1.4.0.202007081208/tools/bin/../lib/gcc/arm-none-eabi/7.3.1/../../../../arm-none-eabi/lib/thumb/v7e-m/fpv4-sp/hard/crt0.o (exit)
c:/st/stm32cubeide_1.4.0/stm32cubeide/plugins/com.st.stm32cube.ide.mcu.externaltools.gnu-tools-for-stm32.7-2018-q2-update.win32_1.4.0.202007081208/tools/bin/../lib/gcc/arm-none-eabi/7.3.1/../../../../arm-none-eabi/lib/thumb/v7e-m/fpv4-sp/hard\libc_nano.a(lib_a-impure.o)
                              c:/st/stm32cubeide_1.4.0/stm32cubeide/plugins/com.st.stm32cube.ide.mcu.externaltools.gnu-tools-for-stm32.7-2018-q2-update.win32_1.4.0.202007081208/tools/bin/../lib/gcc/arm-none-eabi/7.3.1/../../../../arm-none-eabi/lib/thumb/v7e-m/fpv4-sp/hard\libc_nano.a(lib_a-exit.o) (_global_impure_ptr)
c:/st/stm32cubeide_1.4.0/stm32cubeide/plugins/com.st.stm32cube.ide.mcu.externaltools.gnu-tools-for-stm32.7-2018-q2-update.win32_1.4.0.202007081208/tools/bin/../lib/gcc/arm-none-eabi/7.3.1/../../../../arm-none-eabi/lib/thumb/v7e-m/fpv4-sp/hard\libc_nano.a(lib_a-init.o)
                              c:/st/stm32cubeide_1.4.0/stm32cubeide/plugins/com.st.stm32cube.ide.mcu.externaltools.gnu-tools-for-stm32.7-2018-q2-update.win32_1.4.0.202007081208/tools/bin/../lib/gcc/arm-none-eabi/7.3.1/../../../../arm-none-eabi/lib/thumb/v7e-m/fpv4-sp/hard/crt0.o (__libc_init_array)
c:/st/stm32cubeide_1.4.0/stm32cubeide/plugins/com.st.stm32cube.ide.mcu.externaltools.gnu-tools-for-stm32.7-2018-q2-update.win32_1.4.0.202007081208/tools/bin/../lib/gcc/arm-none-eabi/7.3.1/../../../../arm-none-eabi/lib/thumb/v7e-m/fpv4-sp/hard\libc_nano.a(lib_a-memcpy-stub.o)
                              Middlewares/Third_Party/FreeRTOS/Source/queue.o (memcpy)
c:/st/stm32cubeide_1.4.0/stm32cubeide/plugins/com.st.stm32cube.ide.mcu.externaltools.gnu-tools-for-stm32.7-2018-q2-update.win32_1.4.0.202007081208/tools/bin/../lib/gcc/arm-none-eabi/7.3.1/../../../../arm-none-eabi/lib/thumb/v7e-m/fpv4-sp/hard\libc_nano.a(lib_a-memset.o)
                              c:/st/stm32cubeide_1.4.0/stm32cubeide/plugins/com.st.stm32cube.ide.mcu.externaltools.gnu-tools-for-stm32.7-2018-q2-update.win32_1.4.0.202007081208/tools/bin/../lib/gcc/arm-none-eabi/7.3.1/../../../../arm-none-eabi/lib/thumb/v7e-m/fpv4-sp/hard/crt0.o (memset)

Allocating common symbols
Common symbol       size              file

binSem1Handle       0x4               Core/Src/main.o
uwTick              0x4               Drivers/STM32F3xx_HAL_Driver/Src/stm32f3xx_hal.o
xQueueRegistry      0x40              Middlewares/Third_Party/FreeRTOS/Source/queue.o
pFlash              0x20              Drivers/STM32F3xx_HAL_Driver/Src/stm32f3xx_hal_flash.o
htim3               0x4c              Core/Src/main.o
readMotorSpeedHandle
                    0x4               Core/Src/main.o
Task1Handle         0x4               Core/Src/main.o
TaskPWMHandle       0x4               Core/Src/main.o
htim6               0x4c              Core/Src/stm32f3xx_hal_timebase_tim.o
Task2Handle         0x4               Core/Src/main.o

Discarded input sections

 .text          0x0000000000000000        0x0 c:/st/stm32cubeide_1.4.0/stm32cubeide/plugins/com.st.stm32cube.ide.mcu.externaltools.gnu-tools-for-stm32.7-2018-q2-update.win32_1.4.0.202007081208/tools/bin/../lib/gcc/arm-none-eabi/7.3.1/thumb/v7e-m/fpv4-sp/hard/crti.o
 .data          0x0000000000000000        0x0 c:/st/stm32cubeide_1.4.0/stm32cubeide/plugins/com.st.stm32cube.ide.mcu.externaltools.gnu-tools-for-stm32.7-2018-q2-update.win32_1.4.0.202007081208/tools/bin/../lib/gcc/arm-none-eabi/7.3.1/thumb/v7e-m/fpv4-sp/hard/crti.o
 .bss           0x0000000000000000        0x0 c:/st/stm32cubeide_1.4.0/stm32cubeide/plugins/com.st.stm32cube.ide.mcu.externaltools.gnu-tools-for-stm32.7-2018-q2-update.win32_1.4.0.202007081208/tools/bin/../lib/gcc/arm-none-eabi/7.3.1/thumb/v7e-m/fpv4-sp/hard/crti.o
 .data          0x0000000000000000        0x4 c:/st/stm32cubeide_1.4.0/stm32cubeide/plugins/com.st.stm32cube.ide.mcu.externaltools.gnu-tools-for-stm32.7-2018-q2-update.win32_1.4.0.202007081208/tools/bin/../lib/gcc/arm-none-eabi/7.3.1/thumb/v7e-m/fpv4-sp/hard/crtbegin.o
[...]
Memory Configuration

Name             Origin             Length             Attributes
CCMRAM           0x0000000010000000 0x0000000000004000 xrw
RAM              0x0000000020000000 0x0000000000010000 xrw
FLASH            0x0000000008000000 0x0000000000080000 xr
*default*        0x0000000000000000 0xffffffffffffffff

Linker script and memory map

LOAD c:/st/stm32cubeide_1.4.0/stm32cubeide/plugins/com.st.stm32cube.ide.mcu.externaltools.gnu-tools-for-stm32.7-2018-q2-update.win32_1.4.0.202007081208/tools/bin/../lib/gcc/arm-none-eabi/7.3.1/thumb/v7e-m/fpv4-sp/hard/crti.o
LOAD c:/st/stm32cubeide_1.4.0/stm32cubeide/plugins/com.st.stm32cube.ide.mcu.externaltools.gnu-tools-for-stm32.7-2018-q2-update.win32_1.4.0.202007081208/tools/bin/../lib/gcc/arm-none-eabi/7.3.1/thumb/v7e-m/fpv4-sp/hard/crtbegin.o
LOAD c:/st/stm32cubeide_1.4.0/stm32cubeide/plugins/com.st.stm32cube.ide.mcu.externaltools.gnu-tools-for-stm32.7-2018-q2-update.win32_1.4.0.202007081208/tools/bin/../lib/gcc/arm-none-eabi/7.3.1/../../../../arm-none-eabi/lib/thumb/v7e-m/fpv4-sp/hard/crt0.o
LOAD Core/Src/freertos.o
LOAD Core/Src/main.o
LOAD Core/Src/stm32f3xx_hal_msp.o
LOAD Core/Src/stm32f3xx_hal_timebase_tim.o
LOAD Core/Src/stm32f3xx_it.o
LOAD Core/Src/syscalls.o
LOAD Core/Src/sysmem.o
LOAD Core/Src/system_stm32f3xx.o
LOAD Core/Startup/startup_stm32f303retx.o
LOAD Drivers/STM32F3xx_HAL_Driver/Src/stm32f3xx_hal.o
LOAD Drivers/STM32F3xx_HAL_Driver/Src/stm32f3xx_hal_cortex.o
LOAD Drivers/STM32F3xx_HAL_Driver/Src/stm32f3xx_hal_dma.o
LOAD Drivers/STM32F3xx_HAL_Driver/Src/stm32f3xx_hal_exti.o
LOAD Drivers/STM32F3xx_HAL_Driver/Src/stm32f3xx_hal_flash.o
LOAD Drivers/STM32F3xx_HAL_Driver/Src/stm32f3xx_hal_flash_ex.o
LOAD Drivers/STM32F3xx_HAL_Driver/Src/stm32f3xx_hal_gpio.o
LOAD Drivers/STM32F3xx_HAL_Driver/Src/stm32f3xx_hal_i2c.o
LOAD Drivers/STM32F3xx_HAL_Driver/Src/stm32f3xx_hal_i2c_ex.o
LOAD Drivers/STM32F3xx_HAL_Driver/Src/stm32f3xx_hal_pwr.o
LOAD Drivers/STM32F3xx_HAL_Driver/Src/stm32f3xx_hal_pwr_ex.o
LOAD Drivers/STM32F3xx_HAL_Driver/Src/stm32f3xx_hal_rcc.o
LOAD Drivers/STM32F3xx_HAL_Driver/Src/stm32f3xx_hal_rcc_ex.o
LOAD Drivers/STM32F3xx_HAL_Driver/Src/stm32f3xx_hal_tim.o
LOAD Drivers/STM32F3xx_HAL_Driver/Src/stm32f3xx_hal_tim_ex.o
LOAD Middlewares/Third_Party/FreeRTOS/Source/CMSIS_RTOS/cmsis_os.o
LOAD Middlewares/Third_Party/FreeRTOS/Source/croutine.o
LOAD Middlewares/Third_Party/FreeRTOS/Source/event_groups.o
LOAD Middlewares/Third_Party/FreeRTOS/Source/list.o
LOAD Middlewares/Third_Party/FreeRTOS/Source/queue.o
LOAD Middlewares/Third_Party/FreeRTOS/Source/stream_buffer.o
LOAD Middlewares/Third_Party/FreeRTOS/Source/tasks.o
LOAD Middlewares/Third_Party/FreeRTOS/Source/timers.o
LOAD Middlewares/Third_Party/FreeRTOS/Source/portable/GCC/ARM_CM4F/port.o
LOAD Middlewares/Third_Party/FreeRTOS/Source/portable/MemMang/heap_4.o
START GROUP
LOAD c:/st/stm32cubeide_1.4.0/stm32cubeide/plugins/com.st.stm32cube.ide.mcu.externaltools.gnu-tools-for-stm32.7-2018-q2-update.win32_1.4.0.202007081208/tools/bin/../lib/gcc/arm-none-eabi/7.3.1/../../../../arm-none-eabi/lib/thumb/v7e-m/fpv4-sp/hard\libc_nano.a
LOAD c:/st/stm32cubeide_1.4.0/stm32cubeide/plugins/com.st.stm32cube.ide.mcu.externaltools.gnu-tools-for-stm32.7-2018-q2-update.win32_1.4.0.202007081208/tools/bin/../lib/gcc/arm-none-eabi/7.3.1/../../../../arm-none-eabi/lib/thumb/v7e-m/fpv4-sp/hard\libm.a
END GROUP
START GROUP
LOAD c:/st/stm32cubeide_1.4.0/stm32cubeide/plugins/com.st.stm32cube.ide.mcu.externaltools.gnu-tools-for-stm32.7-2018-q2-update.win32_1.4.0.202007081208/tools/bin/../lib/gcc/arm-none-eabi/7.3.1/thumb/v7e-m/fpv4-sp/hard\libgcc.a
LOAD c:/st/stm32cubeide_1.4.0/stm32cubeide/plugins/com.st.stm32cube.ide.mcu.externaltools.gnu-tools-for-stm32.7-2018-q2-update.win32_1.4.0.202007081208/tools/bin/../lib/gcc/arm-none-eabi/7.3.1/../../../../arm-none-eabi/lib/thumb/v7e-m/fpv4-sp/hard\libc_nano.a
END GROUP
START GROUP
LOAD c:/st/stm32cubeide_1.4.0/stm32cubeide/plugins/com.st.stm32cube.ide.mcu.externaltools.gnu-tools-for-stm32.7-2018-q2-update.win32_1.4.0.202007081208/tools/bin/../lib/gcc/arm-none-eabi/7.3.1/thumb/v7e-m/fpv4-sp/hard\libgcc.a
LOAD c:/st/stm32cubeide_1.4.0/stm32cubeide/plugins/com.st.stm32cube.ide.mcu.externaltools.gnu-tools-for-stm32.7-2018-q2-update.win32_1.4.0.202007081208/tools/bin/../lib/gcc/arm-none-eabi/7.3.1/../../../../arm-none-eabi/lib/thumb/v7e-m/fpv4-sp/hard\libc_nano.a
LOAD c:/st/stm32cubeide_1.4.0/stm32cubeide/plugins/com.st.stm32cube.ide.mcu.externaltools.gnu-tools-for-stm32.7-2018-q2-update.win32_1.4.0.202007081208/tools/bin/../lib/gcc/arm-none-eabi/7.3.1/../../../../arm-none-eabi/lib/thumb/v7e-m/fpv4-sp/hard\libnosys.a
END GROUP
START GROUP
LOAD c:/st/stm32cubeide_1.4.0/stm32cubeide/plugins/com.st.stm32cube.ide.mcu.externaltools.gnu-tools-for-stm32.7-2018-q2-update.win32_1.4.0.202007081208/tools/bin/../lib/gcc/arm-none-eabi/7.3.1/thumb/v7e-m/fpv4-sp/hard\libgcc.a
LOAD c:/st/stm32cubeide_1.4.0/stm32cubeide/plugins/com.st.stm32cube.ide.mcu.externaltools.gnu-tools-for-stm32.7-2018-q2-update.win32_1.4.0.202007081208/tools/bin/../lib/gcc/arm-none-eabi/7.3.1/../../../../arm-none-eabi/lib/thumb/v7e-m/fpv4-sp/hard\libc_nano.a
LOAD c:/st/stm32cubeide_1.4.0/stm32cubeide/plugins/com.st.stm32cube.ide.mcu.externaltools.gnu-tools-for-stm32.7-2018-q2-update.win32_1.4.0.202007081208/tools/bin/../lib/gcc/arm-none-eabi/7.3.1/../../../../arm-none-eabi/lib/thumb/v7e-m/fpv4-sp/hard\libnosys.a
END GROUP
LOAD c:/st/stm32cubeide_1.4.0/stm32cubeide/plugins/com.st.stm32cube.ide.mcu.externaltools.gnu-tools-for-stm32.7-2018-q2-update.win32_1.4.0.202007081208/tools/bin/../lib/gcc/arm-none-eabi/7.3.1/thumb/v7e-m/fpv4-sp/hard/crtend.o
LOAD c:/st/stm32cubeide_1.4.0/stm32cubeide/plugins/com.st.stm32cube.ide.mcu.externaltools.gnu-tools-for-stm32.7-2018-q2-update.win32_1.4.0.202007081208/tools/bin/../lib/gcc/arm-none-eabi/7.3.1/thumb/v7e-m/fpv4-sp/hard/crtn.o
                0x0000000020010000                _estack = (ORIGIN (RAM) + LENGTH (RAM))
                0x0000000000000200                _Min_Heap_Size = 0x200
                0x0000000000000400                _Min_Stack_Size = 0x400

.isr_vector     0x0000000008000000      0x194
                0x0000000008000000                . = ALIGN (0x4)
 *(.isr_vector)
 .isr_vector    0x0000000008000000      0x194 Core/Startup/startup_stm32f303retx.o
                0x0000000008000000                g_pfnVectors
                0x0000000008000194                . = ALIGN (0x4)

.text           0x00000000080001a0     0x6334
                0x00000000080001a0                . = ALIGN (0x4)
 *(.text)
 .text          0x00000000080001a0       0x40 c:/st/stm32cubeide_1.4.0/stm32cubeide/plugins/com.st.stm32cube.ide.mcu.externaltools.gnu-tools-for-stm32.7-2018-q2-update.win32_1.4.0.202007081208/tools/bin/../lib/gcc/arm-none-eabi/7.3.1/thumb/v7e-m/fpv4-sp/hard/crtbegin.o
 *(.text*)
 .text.vApplicationGetIdleTaskMemory
                0x00000000080001e0       0x34 Core/Src/freertos.o
                0x00000000080001e0                vApplicationGetIdleTaskMemory
 .text.main     0x0000000008000214       0xf0 Core/Src/main.o
                0x0000000008000214                main
 .text.SystemClock_Config
                0x0000000008000304       0xbe Core/Src/main.o
                0x0000000008000304                SystemClock_Config
 *fill*         0x00000000080003c2        0x2 
 .text.MX_TIM3_Init
                0x00000000080003c4      0x10c Core/Src/main.o
 .text.MX_GPIO_Init
                0x00000000080004d0      0x134 Core/Src/main.o
 .text.HAL_GPIO_EXTI_Callback
                0x0000000008000604       0x54 Core/Src/main.o
                0x0000000008000604                HAL_GPIO_EXTI_Callback
 .text.Task1_App
                0x0000000008000658       0x28 Core/Src/main.o
                0x0000000008000658                Task1_App
 .text.Task2_App
                0x0000000008000680       0x1e Core/Src/main.o
                0x0000000008000680                Task2_App
 *fill*         0x000000000800069e        0x2 
 .text.TaskPWM_App
                0x00000000080006a0       0xb0 Core/Src/main.o
                0x00000000080006a0                TaskPWM_App
 .text.readMotorSpeed_App
                0x0000000008000750       0x44 Core/Src/main.o
                0x0000000008000750                readMotorSpeed_App
 .text.set_PWM  0x0000000008000794       0x60 Core/Src/main.o
                0x0000000008000794                set_PWM
 .text.HAL_TIM_PeriodElapsedCallback
                0x00000000080007f4       0x24 Core/Src/main.o
                0x00000000080007f4                HAL_TIM_PeriodElapsedCallback
 .text.Error_Handler
                0x0000000008000818        0xe Core/Src/main.o
                0x0000000008000818                Error_Handler
 *fill*         0x0000000008000826        0x2 
 .text.HAL_MspInit
                0x0000000008000828       0x48 Core/Src/stm32f3xx_hal_msp.o
                0x0000000008000828                HAL_MspInit
 .text.HAL_TIM_Base_MspInit
                0x0000000008000870       0x40 Core/Src/stm32f3xx_hal_msp.o
                0x0000000008000870                HAL_TIM_Base_MspInit
 .text.HAL_TIM_MspPostInit
                0x00000000080008b0       0x6c Core/Src/stm32f3xx_hal_msp.o
                0x00000000080008b0                HAL_TIM_MspPostInit
 .text.HAL_InitTick
                0x000000000800091c       0xb0 Core/Src/stm32f3xx_hal_timebase_tim.o
                0x000000000800091c                HAL_InitTick
 .text.NMI_Handler
                0x00000000080009cc        0xe Core/Src/stm32f3xx_it.o
                0x00000000080009cc                NMI_Handler
 .text.HardFault_Handler
                0x00000000080009da        0x6 Core/Src/stm32f3xx_it.o
                0x00000000080009da                HardFault_Handler
 .text.MemManage_Handler
                0x00000000080009e0        0x6 Core/Src/stm32f3xx_it.o
                0x00000000080009e0                MemManage_Handler
 .text.BusFault_Handler
                0x00000000080009e6        0x6 Core/Src/stm32f3xx_it.o
                0x00000000080009e6                BusFault_Handler
 .text.UsageFault_Handler
                0x00000000080009ec        0x6 Core/Src/stm32f3xx_it.o
                0x00000000080009ec                UsageFault_Handler
 .text.DebugMon_Handler
                0x00000000080009f2        0xe Core/Src/stm32f3xx_it.o
                0x00000000080009f2                DebugMon_Handler
 .text.EXTI9_5_IRQHandler
                0x0000000008000a00       0x18 Core/Src/stm32f3xx_it.o
                0x0000000008000a00                EXTI9_5_IRQHandler
 .text.EXTI15_10_IRQHandler
                0x0000000008000a18       0x10 Core/Src/stm32f3xx_it.o
                0x0000000008000a18                EXTI15_10_IRQHandler
 .text.TIM6_DAC_IRQHandler
                0x0000000008000a28       0x14 Core/Src/stm32f3xx_it.o
                0x0000000008000a28                TIM6_DAC_IRQHandler
 .text.SystemInit
                0x0000000008000a3c       0x24 Core/Src/system_stm32f3xx.o
                0x0000000008000a3c                SystemInit
 .text.Reset_Handler
                0x0000000008000a60       0x50 Core/Startup/startup_stm32f303retx.o
                0x0000000008000a60                Reset_Handler
 .text.Default_Handler
                0x0000000008000ab0        0x2 Core/Startup/startup_stm32f303retx.o
                0x0000000008000ab0                RTC_Alarm_IRQHandler
                0x0000000008000ab0                TIM8_TRG_COM_IRQHandler
                0x0000000008000ab0                TIM8_CC_IRQHandler
                0x0000000008000ab0                SPI4_IRQHandler
                0x0000000008000ab0                TIM1_CC_IRQHandler
                0x0000000008000ab0                USB_HP_IRQHandler
                0x0000000008000ab0                PVD_IRQHandler
                0x0000000008000ab0                TAMP_STAMP_IRQHandler
                0x0000000008000ab0                EXTI3_IRQHandler
                0x0000000008000ab0                I2C3_ER_IRQHandler
                0x0000000008000ab0                USB_HP_CAN_TX_IRQHandler
                0x0000000008000ab0                EXTI0_IRQHandler
                0x0000000008000ab0                I2C2_EV_IRQHandler
                0x0000000008000ab0                FPU_IRQHandler
                0x0000000008000ab0                TIM1_UP_TIM16_IRQHandler
                0x0000000008000ab0                ADC1_2_IRQHandler
                0x0000000008000ab0                SPI1_IRQHandler
                0x0000000008000ab0                CAN_SCE_IRQHandler
                0x0000000008000ab0                TIM8_UP_IRQHandler
                0x0000000008000ab0                DMA2_Channel2_IRQHandler
                0x0000000008000ab0                DMA1_Channel4_IRQHandler
                0x0000000008000ab0                TIM20_TRG_COM_IRQHandler
                0x0000000008000ab0                USART3_IRQHandler
                0x0000000008000ab0                DMA1_Channel7_IRQHandler
                0x0000000008000ab0                UART5_IRQHandler
                0x0000000008000ab0                ADC3_IRQHandler
                0x0000000008000ab0                TIM4_IRQHandler
                0x0000000008000ab0                CAN_RX1_IRQHandler
                0x0000000008000ab0                DMA2_Channel1_IRQHandler
                0x0000000008000ab0                I2C1_EV_IRQHandler
                0x0000000008000ab0                DMA1_Channel6_IRQHandler
                0x0000000008000ab0                UART4_IRQHandler
                0x0000000008000ab0                DMA2_Channel4_IRQHandler
                0x0000000008000ab0                TIM3_IRQHandler
                0x0000000008000ab0                RCC_IRQHandler
                0x0000000008000ab0                TIM20_UP_IRQHandler
                0x0000000008000ab0                DMA1_Channel1_IRQHandler
                0x0000000008000ab0                Default_Handler
                0x0000000008000ab0                USBWakeUp_RMP_IRQHandler
                0x0000000008000ab0                TIM7_IRQHandler
                0x0000000008000ab0                I2C3_EV_IRQHandler
                0x0000000008000ab0                RTC_WKUP_IRQHandler
                0x0000000008000ab0                SPI2_IRQHandler
                0x0000000008000ab0                USB_LP_CAN_RX0_IRQHandler
                0x0000000008000ab0                DMA2_Channel5_IRQHandler
                0x0000000008000ab0                DMA1_Channel5_IRQHandler
                0x0000000008000ab0                USB_LP_IRQHandler
                0x0000000008000ab0                EXTI4_IRQHandler
                0x0000000008000ab0                TIM1_TRG_COM_TIM17_IRQHandler
                0x0000000008000ab0                DMA1_Channel3_IRQHandler
                0x0000000008000ab0                ADC4_IRQHandler
                0x0000000008000ab0                WWDG_IRQHandler
                0x0000000008000ab0                TIM2_IRQHandler
                0x0000000008000ab0                COMP7_IRQHandler
                0x0000000008000ab0                COMP1_2_3_IRQHandler
                0x0000000008000ab0                EXTI1_IRQHandler
                0x0000000008000ab0                USART2_IRQHandler
                0x0000000008000ab0                COMP4_5_6_IRQHandler
                0x0000000008000ab0                TIM20_BRK_IRQHandler
                0x0000000008000ab0                I2C2_ER_IRQHandler
                0x0000000008000ab0                DMA1_Channel2_IRQHandler
                0x0000000008000ab0                TIM8_BRK_IRQHandler
                0x0000000008000ab0                FLASH_IRQHandler
                0x0000000008000ab0                TIM20_CC_IRQHandler
                0x0000000008000ab0                USART1_IRQHandler
                0x0000000008000ab0                SPI3_IRQHandler
                0x0000000008000ab0                I2C1_ER_IRQHandler
                0x0000000008000ab0                FMC_IRQHandler
                0x0000000008000ab0                USBWakeUp_IRQHandler
                0x0000000008000ab0                DMA2_Channel3_IRQHandler
                0x0000000008000ab0                EXTI2_TSC_IRQHandler
                0x0000000008000ab0                TIM1_BRK_TIM15_IRQHandler
 *fill*         0x0000000008000ab2        0x2 
 .text.HAL_Init
                0x0000000008000ab4       0x2c Drivers/STM32F3xx_HAL_Driver/Src/stm32f3xx_hal.o
                0x0000000008000ab4                HAL_Init
 .text.HAL_IncTick
                0x0000000008000ae0       0x28 Drivers/STM32F3xx_HAL_Driver/Src/stm32f3xx_hal.o
                0x0000000008000ae0                HAL_IncTick
 .text.HAL_GetTick
                0x0000000008000b08       0x18 Drivers/STM32F3xx_HAL_Driver/Src/stm32f3xx_hal.o
                0x0000000008000b08                HAL_GetTick
 .text.__NVIC_SetPriorityGrouping
                0x0000000008000b20       0x48 Drivers/STM32F3xx_HAL_Driver/Src/stm32f3xx_hal_cortex.o
 .text.__NVIC_GetPriorityGrouping
                0x0000000008000b68       0x1c Drivers/STM32F3xx_HAL_Driver/Src/stm32f3xx_hal_cortex.o
 .text.__NVIC_EnableIRQ
                0x0000000008000b84       0x3c Drivers/STM32F3xx_HAL_Driver/Src/stm32f3xx_hal_cortex.o
 .text.__NVIC_SetPriority
                0x0000000008000bc0       0x54 Drivers/STM32F3xx_HAL_Driver/Src/stm32f3xx_hal_cortex.o
 .text.NVIC_EncodePriority
                0x0000000008000c14       0x66 Drivers/STM32F3xx_HAL_Driver/Src/stm32f3xx_hal_cortex.o
 .text.HAL_NVIC_SetPriorityGrouping
                0x0000000008000c7a       0x16 Drivers/STM32F3xx_HAL_Driver/Src/stm32f3xx_hal_cortex.o
                0x0000000008000c7a                HAL_NVIC_SetPriorityGrouping
 .text.HAL_NVIC_SetPriority
                0x0000000008000c90       0x38 Drivers/STM32F3xx_HAL_Driver/Src/stm32f3xx_hal_cortex.o
                0x0000000008000c90                HAL_NVIC_SetPriority
 .text.HAL_NVIC_EnableIRQ
                0x0000000008000cc8       0x1c Drivers/STM32F3xx_HAL_Driver/Src/stm32f3xx_hal_cortex.o
                0x0000000008000cc8                HAL_NVIC_EnableIRQ
 .text.HAL_GPIO_Init
                0x0000000008000ce4      0x314 Drivers/STM32F3xx_HAL_Driver/Src/stm32f3xx_hal_gpio.o
                0x0000000008000ce4                HAL_GPIO_Init
 .text.HAL_GPIO_WritePin
                0x0000000008000ff8       0x30 Drivers/STM32F3xx_HAL_Driver/Src/stm32f3xx_hal_gpio.o
                0x0000000008000ff8                HAL_GPIO_WritePin
 .text.HAL_GPIO_TogglePin
                0x0000000008001028       0x34 Drivers/STM32F3xx_HAL_Driver/Src/stm32f3xx_hal_gpio.o
                0x0000000008001028                HAL_GPIO_TogglePin
 .text.HAL_GPIO_EXTI_IRQHandler
                0x000000000800105c       0x30 Drivers/STM32F3xx_HAL_Driver/Src/stm32f3xx_hal_gpio.o
                0x000000000800105c                HAL_GPIO_EXTI_IRQHandler
 .text.HAL_RCC_OscConfig
                0x000000000800108c      0xe2c Drivers/STM32F3xx_HAL_Driver/Src/stm32f3xx_hal_rcc.o
                0x000000000800108c                HAL_RCC_OscConfig
 .text.HAL_RCC_ClockConfig
                0x0000000008001eb8      0x2f8 Drivers/STM32F3xx_HAL_Driver/Src/stm32f3xx_hal_rcc.o
                0x0000000008001eb8                HAL_RCC_ClockConfig
 .text.HAL_RCC_GetSysClockFreq
                0x00000000080021b0       0xd4 Drivers/STM32F3xx_HAL_Driver/Src/stm32f3xx_hal_rcc.o
                0x00000000080021b0                HAL_RCC_GetSysClockFreq
 .text.HAL_RCC_GetHCLKFreq
                0x0000000008002284       0x18 Drivers/STM32F3xx_HAL_Driver/Src/stm32f3xx_hal_rcc.o
                0x0000000008002284                HAL_RCC_GetHCLKFreq
 .text.HAL_RCC_GetPCLK1Freq
                0x000000000800229c       0x44 Drivers/STM32F3xx_HAL_Driver/Src/stm32f3xx_hal_rcc.o
                0x000000000800229c                HAL_RCC_GetPCLK1Freq
 .text.HAL_RCC_GetClockConfig
                0x00000000080022e0       0x64 Drivers/STM32F3xx_HAL_Driver/Src/stm32f3xx_hal_rcc.o
                0x00000000080022e0                HAL_RCC_GetClockConfig
 .text.HAL_RCCEx_PeriphCLKConfig
                0x0000000008002344      0x43c Drivers/STM32F3xx_HAL_Driver/Src/stm32f3xx_hal_rcc_ex.o
                0x0000000008002344                HAL_RCCEx_PeriphCLKConfig
 .text.HAL_TIM_Base_Init
                0x0000000008002780       0xae Drivers/STM32F3xx_HAL_Driver/Src/stm32f3xx_hal_tim.o
                0x0000000008002780                HAL_TIM_Base_Init
 *fill*         0x000000000800282e        0x2 
 .text.HAL_TIM_Base_Start_IT
                0x0000000008002830       0xe0 Drivers/STM32F3xx_HAL_Driver/Src/stm32f3xx_hal_tim.o
                0x0000000008002830                HAL_TIM_Base_Start_IT
 .text.HAL_TIM_PWM_Init
                0x0000000008002910       0xae Drivers/STM32F3xx_HAL_Driver/Src/stm32f3xx_hal_tim.o
                0x0000000008002910                HAL_TIM_PWM_Init
 .text.HAL_TIM_PWM_MspInit
                0x00000000080029be       0x14 Drivers/STM32F3xx_HAL_Driver/Src/stm32f3xx_hal_tim.o
                0x00000000080029be                HAL_TIM_PWM_MspInit
 *fill*         0x00000000080029d2        0x2 
 .text.HAL_TIM_PWM_Start
                0x00000000080029d4      0x218 Drivers/STM32F3xx_HAL_Driver/Src/stm32f3xx_hal_tim.o
                0x00000000080029d4                HAL_TIM_PWM_Start
 .text.HAL_TIM_PWM_Stop
                0x0000000008002bec      0x138 Drivers/STM32F3xx_HAL_Driver/Src/stm32f3xx_hal_tim.o
                0x0000000008002bec                HAL_TIM_PWM_Stop
 .text.HAL_TIM_IRQHandler
                0x0000000008002d24      0x23e Drivers/STM32F3xx_HAL_Driver/Src/stm32f3xx_hal_tim.o
                0x0000000008002d24                HAL_TIM_IRQHandler
 *fill*         0x0000000008002f62        0x2 
 .text.HAL_TIM_PWM_ConfigChannel
                0x0000000008002f64      0x220 Drivers/STM32F3xx_HAL_Driver/Src/stm32f3xx_hal_tim.o
                0x0000000008002f64                HAL_TIM_PWM_ConfigChannel
 .text.HAL_TIM_ConfigClockSource
                0x0000000008003184      0x172 Drivers/STM32F3xx_HAL_Driver/Src/stm32f3xx_hal_tim.o
                0x0000000008003184                HAL_TIM_ConfigClockSource
 .text.HAL_TIM_OC_DelayElapsedCallback
                0x00000000080032f6       0x14 Drivers/STM32F3xx_HAL_Driver/Src/stm32f3xx_hal_tim.o
                0x00000000080032f6                HAL_TIM_OC_DelayElapsedCallback
 .text.HAL_TIM_IC_CaptureCallback
                0x000000000800330a       0x14 Drivers/STM32F3xx_HAL_Driver/Src/stm32f3xx_hal_tim.o
                0x000000000800330a                HAL_TIM_IC_CaptureCallback
 .text.HAL_TIM_PWM_PulseFinishedCallback
                0x000000000800331e       0x14 Drivers/STM32F3xx_HAL_Driver/Src/stm32f3xx_hal_tim.o
                0x000000000800331e                HAL_TIM_PWM_PulseFinishedCallback
 .text.HAL_TIM_TriggerCallback
                0x0000000008003332       0x14 Drivers/STM32F3xx_HAL_Driver/Src/stm32f3xx_hal_tim.o
                0x0000000008003332                HAL_TIM_TriggerCallback
 *fill*         0x0000000008003346        0x2 
 .text.TIM_Base_SetConfig
                0x0000000008003348      0x13c Drivers/STM32F3xx_HAL_Driver/Src/stm32f3xx_hal_tim.o
                0x0000000008003348                TIM_Base_SetConfig
 .text.TIM_OC1_SetConfig
                0x0000000008003484      0x134 Drivers/STM32F3xx_HAL_Driver/Src/stm32f3xx_hal_tim.o
 .text.TIM_OC2_SetConfig
                0x00000000080035b8      0x128 Drivers/STM32F3xx_HAL_Driver/Src/stm32f3xx_hal_tim.o
                0x00000000080035b8                TIM_OC2_SetConfig
 .text.TIM_OC3_SetConfig
                0x00000000080036e0      0x124 Drivers/STM32F3xx_HAL_Driver/Src/stm32f3xx_hal_tim.o
 .text.TIM_OC4_SetConfig
                0x0000000008003804       0xe0 Drivers/STM32F3xx_HAL_Driver/Src/stm32f3xx_hal_tim.o
 .text.TIM_OC5_SetConfig
                0x00000000080038e4       0xd4 Drivers/STM32F3xx_HAL_Driver/Src/stm32f3xx_hal_tim.o
 .text.TIM_OC6_SetConfig
                0x00000000080039b8       0xd8 Drivers/STM32F3xx_HAL_Driver/Src/stm32f3xx_hal_tim.o
 .text.TIM_TI1_ConfigInputStage
                0x0000000008003a90       0x5e Drivers/STM32F3xx_HAL_Driver/Src/stm32f3xx_hal_tim.o
 .text.TIM_TI2_ConfigInputStage
                0x0000000008003aee       0x60 Drivers/STM32F3xx_HAL_Driver/Src/stm32f3xx_hal_tim.o
 .text.TIM_ITRx_SetConfig
                0x0000000008003b4e       0x36 Drivers/STM32F3xx_HAL_Driver/Src/stm32f3xx_hal_tim.o
 .text.TIM_ETR_SetConfig
                0x0000000008003b84       0x40 Drivers/STM32F3xx_HAL_Driver/Src/stm32f3xx_hal_tim.o
                0x0000000008003b84                TIM_ETR_SetConfig
 .text.TIM_CCxChannelCmd
                0x0000000008003bc4       0x4a Drivers/STM32F3xx_HAL_Driver/Src/stm32f3xx_hal_tim.o
                0x0000000008003bc4                TIM_CCxChannelCmd
 *fill*         0x0000000008003c0e        0x2 
 .text.HAL_TIMEx_MasterConfigSynchronization
                0x0000000008003c10      0x118 Drivers/STM32F3xx_HAL_Driver/Src/stm32f3xx_hal_tim_ex.o
                0x0000000008003c10                HAL_TIMEx_MasterConfigSynchronization
 .text.HAL_TIMEx_CommutCallback
                0x0000000008003d28       0x14 Drivers/STM32F3xx_HAL_Driver/Src/stm32f3xx_hal_tim_ex.o
                0x0000000008003d28                HAL_TIMEx_CommutCallback
 .text.HAL_TIMEx_BreakCallback
                0x0000000008003d3c       0x14 Drivers/STM32F3xx_HAL_Driver/Src/stm32f3xx_hal_tim_ex.o
                0x0000000008003d3c                HAL_TIMEx_BreakCallback
 .text.HAL_TIMEx_Break2Callback
                0x0000000008003d50       0x14 Drivers/STM32F3xx_HAL_Driver/Src/stm32f3xx_hal_tim_ex.o
                0x0000000008003d50                HAL_TIMEx_Break2Callback
 .text.makeFreeRtosPriority
                0x0000000008003d64       0x30 Middlewares/Third_Party/FreeRTOS/Source/CMSIS_RTOS/cmsis_os.o
 .text.inHandlerMode
                0x0000000008003d94       0x24 Middlewares/Third_Party/FreeRTOS/Source/CMSIS_RTOS/cmsis_os.o
 .text.osKernelStart
                0x0000000008003db8        0xe Middlewares/Third_Party/FreeRTOS/Source/CMSIS_RTOS/cmsis_os.o
                0x0000000008003db8                osKernelStart
 .text.osThreadCreate
                0x0000000008003dc6       0x98 Middlewares/Third_Party/FreeRTOS/Source/CMSIS_RTOS/cmsis_os.o
                0x0000000008003dc6                osThreadCreate
 .text.osDelay  0x0000000008003e5e       0x28 Middlewares/Third_Party/FreeRTOS/Source/CMSIS_RTOS/cmsis_os.o
                0x0000000008003e5e                osDelay
 .text.osSemaphoreCreate
                0x0000000008003e86       0x66 Middlewares/Third_Party/FreeRTOS/Source/CMSIS_RTOS/cmsis_os.o
                0x0000000008003e86                osSemaphoreCreate
 .text.osSemaphoreWait
                0x0000000008003eec       0x9c Middlewares/Third_Party/FreeRTOS/Source/CMSIS_RTOS/cmsis_os.o
                0x0000000008003eec                osSemaphoreWait
 .text.osSemaphoreRelease
                0x0000000008003f88       0x6c Middlewares/Third_Party/FreeRTOS/Source/CMSIS_RTOS/cmsis_os.o
                0x0000000008003f88                osSemaphoreRelease
 .text.vListInitialise
                0x0000000008003ff4       0x40 Middlewares/Third_Party/FreeRTOS/Source/list.o
                0x0000000008003ff4                vListInitialise
 .text.vListInitialiseItem
                0x0000000008004034       0x1a Middlewares/Third_Party/FreeRTOS/Source/list.o
                0x0000000008004034                vListInitialiseItem
 .text.vListInsertEnd
                0x000000000800404e       0x48 Middlewares/Third_Party/FreeRTOS/Source/list.o
                0x000000000800404e                vListInsertEnd
 .text.vListInsert
                0x0000000008004096       0x72 Middlewares/Third_Party/FreeRTOS/Source/list.o
                0x0000000008004096                vListInsert
 .text.uxListRemove
                0x0000000008004108       0x54 Middlewares/Third_Party/FreeRTOS/Source/list.o
                0x0000000008004108                uxListRemove
 .text.xQueueGenericReset
                0x000000000800415c       0xd0 Middlewares/Third_Party/FreeRTOS/Source/queue.o
                0x000000000800415c                xQueueGenericReset
 .text.xQueueGenericCreateStatic
                0x000000000800422c       0xe4 Middlewares/Third_Party/FreeRTOS/Source/queue.o
                0x000000000800422c                xQueueGenericCreateStatic
 .text.xQueueGenericCreate
                0x0000000008004310       0x7a Middlewares/Third_Party/FreeRTOS/Source/queue.o
                0x0000000008004310                xQueueGenericCreate
 .text.prvInitialiseNewQueue
                0x000000000800438a       0x3e Middlewares/Third_Party/FreeRTOS/Source/queue.o
 .text.xQueueGenericSend
                0x00000000080043c8      0x1f4 Middlewares/Third_Party/FreeRTOS/Source/queue.o
                0x00000000080043c8                xQueueGenericSend
 .text.xQueueGiveFromISR
                0x00000000080045bc      0x112 Middlewares/Third_Party/FreeRTOS/Source/queue.o
                0x00000000080045bc                xQueueGiveFromISR
 *fill*         0x00000000080046ce        0x2 
 .text.xQueueSemaphoreTake
                0x00000000080046d0      0x210 Middlewares/Third_Party/FreeRTOS/Source/queue.o
                0x00000000080046d0                xQueueSemaphoreTake
 .text.xQueueReceiveFromISR
                0x00000000080048e0       0xfa Middlewares/Third_Party/FreeRTOS/Source/queue.o
                0x00000000080048e0                xQueueReceiveFromISR
 .text.prvGetDisinheritPriorityAfterTimeout
                0x00000000080049da       0x30 Middlewares/Third_Party/FreeRTOS/Source/queue.o
 .text.prvCopyDataToQueue
                0x0000000008004a0a       0xd4 Middlewares/Third_Party/FreeRTOS/Source/queue.o
 .text.prvCopyDataFromQueue
                0x0000000008004ade       0x4c Middlewares/Third_Party/FreeRTOS/Source/queue.o
 .text.prvUnlockQueue
                0x0000000008004b2a       0xa4 Middlewares/Third_Party/FreeRTOS/Source/queue.o
 .text.prvIsQueueEmpty
                0x0000000008004bce       0x2c Middlewares/Third_Party/FreeRTOS/Source/queue.o
 .text.prvIsQueueFull
                0x0000000008004bfa       0x30 Middlewares/Third_Party/FreeRTOS/Source/queue.o
 .text.xTaskCreateStatic
                0x0000000008004c2a       0xb2 Middlewares/Third_Party/FreeRTOS/Source/tasks.o
                0x0000000008004c2a                xTaskCreateStatic
 .text.xTaskCreate
                0x0000000008004cdc       0x8a Middlewares/Third_Party/FreeRTOS/Source/tasks.o
                0x0000000008004cdc                xTaskCreate
 .text.prvInitialiseNewTask
                0x0000000008004d66       0xfc Middlewares/Third_Party/FreeRTOS/Source/tasks.o
 *fill*         0x0000000008004e62        0x2 
 .text.prvAddNewTaskToReadyList
                0x0000000008004e64       0xd4 Middlewares/Third_Party/FreeRTOS/Source/tasks.o
 .text.vTaskDelay
                0x0000000008004f38       0x68 Middlewares/Third_Party/FreeRTOS/Source/tasks.o
                0x0000000008004f38                vTaskDelay
 .text.vTaskStartScheduler
                0x0000000008004fa0       0xbc Middlewares/Third_Party/FreeRTOS/Source/tasks.o
                0x0000000008004fa0                vTaskStartScheduler
 .text.vTaskSuspendAll
                0x000000000800505c       0x1c Middlewares/Third_Party/FreeRTOS/Source/tasks.o
                0x000000000800505c                vTaskSuspendAll
 .text.xTaskResumeAll
                0x0000000008005078      0x138 Middlewares/Third_Party/FreeRTOS/Source/tasks.o
                0x0000000008005078                xTaskResumeAll
 .text.xTaskIncrementTick
                0x00000000080051b0      0x178 Middlewares/Third_Party/FreeRTOS/Source/tasks.o
                0x00000000080051b0                xTaskIncrementTick
 .text.vTaskSwitchContext
                0x0000000008005328       0xb4 Middlewares/Third_Party/FreeRTOS/Source/tasks.o
                0x0000000008005328                vTaskSwitchContext
 .text.vTaskPlaceOnEventList
                0x00000000080053dc       0x48 Middlewares/Third_Party/FreeRTOS/Source/tasks.o
                0x00000000080053dc                vTaskPlaceOnEventList
 .text.xTaskRemoveFromEventList
                0x0000000008005424       0xc4 Middlewares/Third_Party/FreeRTOS/Source/tasks.o
                0x0000000008005424                xTaskRemoveFromEventList
 .text.vTaskInternalSetTimeOutState
                0x00000000080054e8       0x2c Middlewares/Third_Party/FreeRTOS/Source/tasks.o
                0x00000000080054e8                vTaskInternalSetTimeOutState
 .text.xTaskCheckForTimeOut
                0x0000000008005514       0xc0 Middlewares/Third_Party/FreeRTOS/Source/tasks.o
                0x0000000008005514                xTaskCheckForTimeOut
 .text.vTaskMissedYield
                0x00000000080055d4       0x18 Middlewares/Third_Party/FreeRTOS/Source/tasks.o
                0x00000000080055d4                vTaskMissedYield
 .text.prvIdleTask
                0x00000000080055ec       0x30 Middlewares/Third_Party/FreeRTOS/Source/tasks.o
 .text.prvInitialiseTaskLists
                0x000000000800561c       0x80 Middlewares/Third_Party/FreeRTOS/Source/tasks.o
 .text.prvCheckTasksWaitingTermination
                0x000000000800569c       0x58 Middlewares/Third_Party/FreeRTOS/Source/tasks.o
 .text.prvDeleteTCB
                0x00000000080056f4       0x5c Middlewares/Third_Party/FreeRTOS/Source/tasks.o
 .text.prvResetNextTaskUnblockTime
                0x0000000008005750       0x4c Middlewares/Third_Party/FreeRTOS/Source/tasks.o
 .text.xTaskGetSchedulerState
                0x000000000800579c       0x3c Middlewares/Third_Party/FreeRTOS/Source/tasks.o
                0x000000000800579c                xTaskGetSchedulerState
 .text.xTaskPriorityInherit
                0x00000000080057d8      0x10c Middlewares/Third_Party/FreeRTOS/Source/tasks.o
                0x00000000080057d8                xTaskPriorityInherit
 .text.xTaskPriorityDisinherit
                0x00000000080058e4      0x108 Middlewares/Third_Party/FreeRTOS/Source/tasks.o
                0x00000000080058e4                xTaskPriorityDisinherit
 .text.vTaskPriorityDisinheritAfterTimeout
                0x00000000080059ec      0x13c Middlewares/Third_Party/FreeRTOS/Source/tasks.o
                0x00000000080059ec                vTaskPriorityDisinheritAfterTimeout
 .text.pvTaskIncrementMutexHeldCount
                0x0000000008005b28       0x28 Middlewares/Third_Party/FreeRTOS/Source/tasks.o
                0x0000000008005b28                pvTaskIncrementMutexHeldCount
 .text.prvAddCurrentTaskToDelayedList
                0x0000000008005b50       0xcc Middlewares/Third_Party/FreeRTOS/Source/tasks.o
 .text.pxPortInitialiseStack
                0x0000000008005c1c       0x68 Middlewares/Third_Party/FreeRTOS/Source/portable/GCC/ARM_CM4F/port.o
                0x0000000008005c1c                pxPortInitialiseStack
 .text.prvTaskExitError
                0x0000000008005c84       0x54 Middlewares/Third_Party/FreeRTOS/Source/portable/GCC/ARM_CM4F/port.o
 *fill*         0x0000000008005cd8        0x8 
 .text.SVC_Handler
                0x0000000008005ce0       0x28 Middlewares/Third_Party/FreeRTOS/Source/portable/GCC/ARM_CM4F/port.o
                0x0000000008005ce0                SVC_Handler
 .text.prvPortStartFirstTask
                0x0000000008005d08       0x28 Middlewares/Third_Party/FreeRTOS/Source/portable/GCC/ARM_CM4F/port.o
 .text.xPortStartScheduler
                0x0000000008005d30      0x13c Middlewares/Third_Party/FreeRTOS/Source/portable/GCC/ARM_CM4F/port.o
                0x0000000008005d30                xPortStartScheduler
 .text.vPortEnterCritical
                0x0000000008005e6c       0x5c Middlewares/Third_Party/FreeRTOS/Source/portable/GCC/ARM_CM4F/port.o
                0x0000000008005e6c                vPortEnterCritical
 .text.vPortExitCritical
                0x0000000008005ec8       0x50 Middlewares/Third_Party/FreeRTOS/Source/portable/GCC/ARM_CM4F/port.o
                0x0000000008005ec8                vPortExitCritical
 *fill*         0x0000000008005f18        0x8 
 .text.PendSV_Handler
                0x0000000008005f20       0x68 Middlewares/Third_Party/FreeRTOS/Source/portable/GCC/ARM_CM4F/port.o
                0x0000000008005f20                PendSV_Handler
 .text.SysTick_Handler
                0x0000000008005f88       0x40 Middlewares/Third_Party/FreeRTOS/Source/portable/GCC/ARM_CM4F/port.o
                0x0000000008005f88                SysTick_Handler
 .text.vPortSetupTimerInterrupt
                0x0000000008005fc8       0x48 Middlewares/Third_Party/FreeRTOS/Source/portable/GCC/ARM_CM4F/port.o
                0x0000000008005fc8                vPortSetupTimerInterrupt
 .text.vPortEnableVFP
                0x0000000008006010       0x14 Middlewares/Third_Party/FreeRTOS/Source/portable/GCC/ARM_CM4F/port.o
 .text.vPortValidateInterruptPriority
                0x0000000008006024       0x7c Middlewares/Third_Party/FreeRTOS/Source/portable/GCC/ARM_CM4F/port.o
                0x0000000008006024                vPortValidateInterruptPriority
 .text.pvPortMalloc
                0x00000000080060a0      0x184 Middlewares/Third_Party/FreeRTOS/Source/portable/MemMang/heap_4.o
                0x00000000080060a0                pvPortMalloc
 .text.vPortFree
                0x0000000008006224       0xb0 Middlewares/Third_Party/FreeRTOS/Source/portable/MemMang/heap_4.o
                0x0000000008006224                vPortFree
 .text.prvHeapInit
                0x00000000080062d4       0xc4 Middlewares/Third_Party/FreeRTOS/Source/portable/MemMang/heap_4.o
 .text.prvInsertBlockIntoFreeList
                0x0000000008006398       0xb4 Middlewares/Third_Party/FreeRTOS/Source/portable/MemMang/heap_4.o
 .text.__libc_init_array
                0x000000000800644c       0x48 c:/st/stm32cubeide_1.4.0/stm32cubeide/plugins/com.st.stm32cube.ide.mcu.externaltools.gnu-tools-for-stm32.7-2018-q2-update.win32_1.4.0.202007081208/tools/bin/../lib/gcc/arm-none-eabi/7.3.1/../../../../arm-none-eabi/lib/thumb/v7e-m/fpv4-sp/hard\libc_nano.a(lib_a-init.o)
                0x000000000800644c                __libc_init_array
 .text.memcpy   0x0000000008006494       0x16 c:/st/stm32cubeide_1.4.0/stm32cubeide/plugins/com.st.stm32cube.ide.mcu.externaltools.gnu-tools-for-stm32.7-2018-q2-update.win32_1.4.0.202007081208/tools/bin/../lib/gcc/arm-none-eabi/7.3.1/../../../../arm-none-eabi/lib/thumb/v7e-m/fpv4-sp/hard\libc_nano.a(lib_a-memcpy-stub.o)
                0x0000000008006494                memcpy
 .text.memset   0x00000000080064aa       0x10 c:/st/stm32cubeide_1.4.0/stm32cubeide/plugins/com.st.stm32cube.ide.mcu.externaltools.gnu-tools-for-stm32.7-2018-q2-update.win32_1.4.0.202007081208/tools/bin/../lib/gcc/arm-none-eabi/7.3.1/../../../../arm-none-eabi/lib/thumb/v7e-m/fpv4-sp/hard\libc_nano.a(lib_a-memset.o)
                0x00000000080064aa                memset
 *(.glue_7)
 .glue_7        0x00000000080064ba        0x0 linker stubs
 *(.glue_7t)
 .glue_7t       0x00000000080064ba        0x0 linker stubs
 *(.eh_frame)
 *fill*         0x00000000080064ba        0x2 
 .eh_frame      0x00000000080064bc        0x0 c:/st/stm32cubeide_1.4.0/stm32cubeide/plugins/com.st.stm32cube.ide.mcu.externaltools.gnu-tools-for-stm32.7-2018-q2-update.win32_1.4.0.202007081208/tools/bin/../lib/gcc/arm-none-eabi/7.3.1/thumb/v7e-m/fpv4-sp/hard/crtbegin.o
 *(.init)
 .init          0x00000000080064bc        0x4 c:/st/stm32cubeide_1.4.0/stm32cubeide/plugins/com.st.stm32cube.ide.mcu.externaltools.gnu-tools-for-stm32.7-2018-q2-update.win32_1.4.0.202007081208/tools/bin/../lib/gcc/arm-none-eabi/7.3.1/thumb/v7e-m/fpv4-sp/hard/crti.o
                0x00000000080064bc                _init
 .init          0x00000000080064c0        0x8 c:/st/stm32cubeide_1.4.0/stm32cubeide/plugins/com.st.stm32cube.ide.mcu.externaltools.gnu-tools-for-stm32.7-2018-q2-update.win32_1.4.0.202007081208/tools/bin/../lib/gcc/arm-none-eabi/7.3.1/thumb/v7e-m/fpv4-sp/hard/crtn.o
 *(.fini)
 .fini          0x00000000080064c8        0x4 c:/st/stm32cubeide_1.4.0/stm32cubeide/plugins/com.st.stm32cube.ide.mcu.externaltools.gnu-tools-for-stm32.7-2018-q2-update.win32_1.4.0.202007081208/tools/bin/../lib/gcc/arm-none-eabi/7.3.1/thumb/v7e-m/fpv4-sp/hard/crti.o
                0x00000000080064c8                _fini
 .fini          0x00000000080064cc        0x8 c:/st/stm32cubeide_1.4.0/stm32cubeide/plugins/com.st.stm32cube.ide.mcu.externaltools.gnu-tools-for-stm32.7-2018-q2-update.win32_1.4.0.202007081208/tools/bin/../lib/gcc/arm-none-eabi/7.3.1/thumb/v7e-m/fpv4-sp/hard/crtn.o
                0x00000000080064d4                . = ALIGN (0x4)
                0x00000000080064d4                _etext = .

.vfp11_veneer   0x00000000080064d4        0x0
 .vfp11_veneer  0x00000000080064d4        0x0 linker stubs

.v4_bx          0x00000000080064d4        0x0
 .v4_bx         0x00000000080064d4        0x0 linker stubs

.iplt           0x00000000080064d4        0x0
 .iplt          0x00000000080064d4        0x0 c:/st/stm32cubeide_1.4.0/stm32cubeide/plugins/com.st.stm32cube.ide.mcu.externaltools.gnu-tools-for-stm32.7-2018-q2-update.win32_1.4.0.202007081208/tools/bin/../lib/gcc/arm-none-eabi/7.3.1/thumb/v7e-m/fpv4-sp/hard/crtbegin.o

.rodata         0x00000000080064d4       0xd8
                0x00000000080064d4                . = ALIGN (0x4)
 *(.rodata)
 .rodata        0x00000000080064d4       0x98 Core/Src/main.o
 .rodata        0x000000000800656c        0x5 Middlewares/Third_Party/FreeRTOS/Source/tasks.o
 *(.rodata*)
 *fill*         0x0000000008006571        0x3 
 .rodata.AHBPrescTable
                0x0000000008006574       0x10 Core/Src/system_stm32f3xx.o
                0x0000000008006574                AHBPrescTable
 .rodata.APBPrescTable
                0x0000000008006584        0x8 Core/Src/system_stm32f3xx.o
                0x0000000008006584                APBPrescTable
 .rodata.aPLLMULFactorTable
                0x000000000800658c       0x10 Drivers/STM32F3xx_HAL_Driver/Src/stm32f3xx_hal_rcc.o
                0x000000000800658c                aPLLMULFactorTable
 .rodata.aPredivFactorTable
                0x000000000800659c       0x10 Drivers/STM32F3xx_HAL_Driver/Src/stm32f3xx_hal_rcc.o
                0x000000000800659c                aPredivFactorTable
                0x00000000080065ac                . = ALIGN (0x4)

.rel.dyn        0x00000000080065ac        0x0
 .rel.iplt      0x00000000080065ac        0x0 c:/st/stm32cubeide_1.4.0/stm32cubeide/plugins/com.st.stm32cube.ide.mcu.externaltools.gnu-tools-for-stm32.7-2018-q2-update.win32_1.4.0.202007081208/tools/bin/../lib/gcc/arm-none-eabi/7.3.1/thumb/v7e-m/fpv4-sp/hard/crtbegin.o

.ARM.extab      0x00000000080065ac        0x0
                0x00000000080065ac                . = ALIGN (0x4)
 *(.ARM.extab* .gnu.linkonce.armextab.*)
                0x00000000080065ac                . = ALIGN (0x4)

.ARM            0x00000000080065ac        0x0
                0x00000000080065ac                . = ALIGN (0x4)
                0x00000000080065ac                __exidx_start = .
 *(.ARM.exidx*)
                0x00000000080065ac                __exidx_end = .
                0x00000000080065ac                . = ALIGN (0x4)

.preinit_array  0x00000000080065ac        0x0
                0x00000000080065ac                . = ALIGN (0x4)
                0x00000000080065ac                PROVIDE (__preinit_array_start = .)
 *(.preinit_array*)
                0x00000000080065ac                PROVIDE (__preinit_array_end = .)
                0x00000000080065ac                . = ALIGN (0x4)

.init_array     0x00000000080065ac        0x4
                0x00000000080065ac                . = ALIGN (0x4)
                0x00000000080065ac                PROVIDE (__init_array_start = .)
 *(SORT_BY_NAME(.init_array.*))
 *(.init_array*)
 .init_array    0x00000000080065ac        0x4 c:/st/stm32cubeide_1.4.0/stm32cubeide/plugins/com.st.stm32cube.ide.mcu.externaltools.gnu-tools-for-stm32.7-2018-q2-update.win32_1.4.0.202007081208/tools/bin/../lib/gcc/arm-none-eabi/7.3.1/thumb/v7e-m/fpv4-sp/hard/crtbegin.o
                0x00000000080065b0                PROVIDE (__init_array_end = .)
                0x00000000080065b0                . = ALIGN (0x4)

.fini_array     0x00000000080065b0        0x4
                0x00000000080065b0                . = ALIGN (0x4)
                [!provide]                        PROVIDE (__fini_array_start = .)
 *(SORT_BY_NAME(.fini_array.*))
 *(.fini_array*)
 .fini_array    0x00000000080065b0        0x4 c:/st/stm32cubeide_1.4.0/stm32cubeide/plugins/com.st.stm32cube.ide.mcu.externaltools.gnu-tools-for-stm32.7-2018-q2-update.win32_1.4.0.202007081208/tools/bin/../lib/gcc/arm-none-eabi/7.3.1/thumb/v7e-m/fpv4-sp/hard/crtbegin.o
                [!provide]                        PROVIDE (__fini_array_end = .)
                0x00000000080065b4                . = ALIGN (0x4)
                0x00000000080065b4                _sidata = LOADADDR (.data)

.data           0x0000000020000000       0x10 load address 0x00000000080065b4
                0x0000000020000000                . = ALIGN (0x4)
                0x0000000020000000                _sdata = .
 *(.data)
 *(.data*)
 .data.SystemCoreClock
                0x0000000020000000        0x4 Core/Src/system_stm32f3xx.o
                0x0000000020000000                SystemCoreClock
 .data.uwTickPrio
                0x0000000020000004        0x4 Drivers/STM32F3xx_HAL_Driver/Src/stm32f3xx_hal.o
                0x0000000020000004                uwTickPrio
 .data.uwTickFreq
                0x0000000020000008        0x1 Drivers/STM32F3xx_HAL_Driver/Src/stm32f3xx_hal.o
                0x0000000020000008                uwTickFreq
 *fill*         0x0000000020000009        0x3 
 .data.uxCriticalNesting
                0x000000002000000c        0x4 Middlewares/Third_Party/FreeRTOS/Source/portable/GCC/ARM_CM4F/port.o
                0x0000000020000010                . = ALIGN (0x4)
                0x0000000020000010                _edata = .

.igot.plt       0x0000000020000010        0x0 load address 0x00000000080065c4
 .igot.plt      0x0000000020000010        0x0 c:/st/stm32cubeide_1.4.0/stm32cubeide/plugins/com.st.stm32cube.ide.mcu.externaltools.gnu-tools-for-stm32.7-2018-q2-update.win32_1.4.0.202007081208/tools/bin/../lib/gcc/arm-none-eabi/7.3.1/thumb/v7e-m/fpv4-sp/hard/crtbegin.o
                0x0000000020000010                . = ALIGN (0x4)

.bss            0x0000000020000010     0x1078 load address 0x00000000080065c4
                0x0000000020000010                _sbss = .
                0x0000000020000010                __bss_start__ = _sbss
 *(.bss)
 .bss           0x0000000020000010       0x1c c:/st/stm32cubeide_1.4.0/stm32cubeide/plugins/com.st.stm32cube.ide.mcu.externaltools.gnu-tools-for-stm32.7-2018-q2-update.win32_1.4.0.202007081208/tools/bin/../lib/gcc/arm-none-eabi/7.3.1/thumb/v7e-m/fpv4-sp/hard/crtbegin.o
 *(.bss*)
 .bss.xIdleTaskTCBBuffer
                0x000000002000002c       0x54 Core/Src/freertos.o
 .bss.xIdleStack
                0x0000000020000080      0x200 Core/Src/freertos.o
 .bss.contEncA  0x0000000020000280        0x4 Core/Src/main.o
                0x0000000020000280                contEncA
 .bss.contEncB  0x0000000020000284        0x4 Core/Src/main.o
                0x0000000020000284                contEncB
 .bss.MotorA_speed
                0x0000000020000288        0x4 Core/Src/main.o
                0x0000000020000288                MotorA_speed
 .bss.pxCurrentTCB
                0x000000002000028c        0x4 Middlewares/Third_Party/FreeRTOS/Source/tasks.o
                0x000000002000028c                pxCurrentTCB
 .bss.pxReadyTasksLists
                0x0000000020000290       0x8c Middlewares/Third_Party/FreeRTOS/Source/tasks.o
 .bss.xDelayedTaskList1
                0x000000002000031c       0x14 Middlewares/Third_Party/FreeRTOS/Source/tasks.o
 .bss.xDelayedTaskList2
                0x0000000020000330       0x14 Middlewares/Third_Party/FreeRTOS/Source/tasks.o
 .bss.pxDelayedTaskList
                0x0000000020000344        0x4 Middlewares/Third_Party/FreeRTOS/Source/tasks.o
 .bss.pxOverflowDelayedTaskList
                0x0000000020000348        0x4 Middlewares/Third_Party/FreeRTOS/Source/tasks.o
 .bss.xPendingReadyList
                0x000000002000034c       0x14 Middlewares/Third_Party/FreeRTOS/Source/tasks.o
 .bss.xTasksWaitingTermination
                0x0000000020000360       0x14 Middlewares/Third_Party/FreeRTOS/Source/tasks.o
 .bss.uxDeletedTasksWaitingCleanUp
                0x0000000020000374        0x4 Middlewares/Third_Party/FreeRTOS/Source/tasks.o
 .bss.xSuspendedTaskList
                0x0000000020000378       0x14 Middlewares/Third_Party/FreeRTOS/Source/tasks.o
 .bss.uxCurrentNumberOfTasks
                0x000000002000038c        0x4 Middlewares/Third_Party/FreeRTOS/Source/tasks.o
 .bss.xTickCount
                0x0000000020000390        0x4 Middlewares/Third_Party/FreeRTOS/Source/tasks.o
 .bss.uxTopReadyPriority
                0x0000000020000394        0x4 Middlewares/Third_Party/FreeRTOS/Source/tasks.o
 .bss.xSchedulerRunning
                0x0000000020000398        0x4 Middlewares/Third_Party/FreeRTOS/Source/tasks.o
 .bss.uxPendedTicks
                0x000000002000039c        0x4 Middlewares/Third_Party/FreeRTOS/Source/tasks.o
 .bss.xYieldPending
                0x00000000200003a0        0x4 Middlewares/Third_Party/FreeRTOS/Source/tasks.o
 .bss.xNumOfOverflows
                0x00000000200003a4        0x4 Middlewares/Third_Party/FreeRTOS/Source/tasks.o
 .bss.uxTaskNumber
                0x00000000200003a8        0x4 Middlewares/Third_Party/FreeRTOS/Source/tasks.o
 .bss.xNextTaskUnblockTime
                0x00000000200003ac        0x4 Middlewares/Third_Party/FreeRTOS/Source/tasks.o
 .bss.xIdleTaskHandle
                0x00000000200003b0        0x4 Middlewares/Third_Party/FreeRTOS/Source/tasks.o
 .bss.uxSchedulerSuspended
                0x00000000200003b4        0x4 Middlewares/Third_Party/FreeRTOS/Source/tasks.o
 .bss.ucMaxSysCallPriority
                0x00000000200003b8        0x1 Middlewares/Third_Party/FreeRTOS/Source/portable/GCC/ARM_CM4F/port.o
 *fill*         0x00000000200003b9        0x3 
 .bss.ulMaxPRIGROUPValue
                0x00000000200003bc        0x4 Middlewares/Third_Party/FreeRTOS/Source/portable/GCC/ARM_CM4F/port.o
 .bss.ucHeap    0x00000000200003c0      0xc00 Middlewares/Third_Party/FreeRTOS/Source/portable/MemMang/heap_4.o
 .bss.xStart    0x0000000020000fc0        0x8 Middlewares/Third_Party/FreeRTOS/Source/portable/MemMang/heap_4.o
 .bss.pxEnd     0x0000000020000fc8        0x4 Middlewares/Third_Party/FreeRTOS/Source/portable/MemMang/heap_4.o
 .bss.xFreeBytesRemaining
                0x0000000020000fcc        0x4 Middlewares/Third_Party/FreeRTOS/Source/portable/MemMang/heap_4.o
 .bss.xMinimumEverFreeBytesRemaining
                0x0000000020000fd0        0x4 Middlewares/Third_Party/FreeRTOS/Source/portable/MemMang/heap_4.o
 .bss.xBlockAllocatedBit
                0x0000000020000fd4        0x4 Middlewares/Third_Party/FreeRTOS/Source/portable/MemMang/heap_4.o
 *(COMMON)
 COMMON         0x0000000020000fd8       0x60 Core/Src/main.o
                0x0000000020000fd8                binSem1Handle
                0x0000000020000fdc                htim3
                0x0000000020001028                readMotorSpeedHandle
                0x000000002000102c                Task1Handle
                0x0000000020001030                TaskPWMHandle
                0x0000000020001034                Task2Handle
 COMMON         0x0000000020001038       0x4c Core/Src/stm32f3xx_hal_timebase_tim.o
                0x0000000020001038                htim6
 COMMON         0x0000000020001084        0x4 Drivers/STM32F3xx_HAL_Driver/Src/stm32f3xx_hal.o
                0x0000000020001084                uwTick
                0x0000000020001088                . = ALIGN (0x4)
                0x0000000020001088                _ebss = .
                0x0000000020001088                __bss_end__ = _ebss

._user_heap_stack
                0x0000000020001088      0x600 load address 0x00000000080065c4
                0x0000000020001088                . = ALIGN (0x8)
                [!provide]                        PROVIDE (end = .)
                0x0000000020001088                PROVIDE (_end = .)
                0x0000000020001288                . = (. + _Min_Heap_Size)
 *fill*         0x0000000020001088      0x200 
                0x0000000020001688                . = (. + _Min_Stack_Size)
 *fill*         0x0000000020001288      0x400 
                0x0000000020001688                . = ALIGN (0x8)

/DISCARD/
 libc.a(*)
 libm.a(*)
 libgcc.a(*)

.ARM.attributes
                0x0000000000000000       0x30
 *(.ARM.attributes)
 .ARM.attributes
                0x0000000000000000       0x22 c:/st/stm32cubeide_1.4.0/stm32cubeide/plugins/com.st.stm32cube.ide.mcu.externaltools.gnu-tools-for-stm32.7-2018-q2-update.win32_1.4.0.202007081208/tools/bin/../lib/gcc/arm-none-eabi/7.3.1/thumb/v7e-m/fpv4-sp/hard/crti.o
 .ARM.attributes
                0x0000000000000022       0x34 c:/st/stm32cubeide_1.4.0/stm32cubeide/plugins/com.st.stm32cube.ide.mcu.externaltools.gnu-tools-for-stm32.7-2018-q2-update.win32_1.4.0.202007081208/tools/bin/../lib/gcc/arm-none-eabi/7.3.1/thumb/v7e-m/fpv4-sp/hard/crtbegin.o
 .ARM.attributes
                0x0000000000000056       0x39 Core/Src/freertos.o
 .ARM.attributes
                0x000000000000008f       0x39 Core/Src/main.o
 .ARM.attributes
                0x00000000000000c8       0x39 Core/Src/stm32f3xx_hal_msp.o
 .ARM.attributes
                0x0000000000000101       0x39 Core/Src/stm32f3xx_hal_timebase_tim.o
 .ARM.attributes
                0x000000000000013a       0x39 Core/Src/stm32f3xx_it.o
 .ARM.attributes
                0x0000000000000173       0x39 Core/Src/system_stm32f3xx.o
 .ARM.attributes
                0x00000000000001ac       0x21 Core/Startup/startup_stm32f303retx.o
 .ARM.attributes
                0x00000000000001cd       0x39 Drivers/STM32F3xx_HAL_Driver/Src/stm32f3xx_hal.o
 .ARM.attributes
                0x0000000000000206       0x39 Drivers/STM32F3xx_HAL_Driver/Src/stm32f3xx_hal_cortex.o
 .ARM.attributes
                0x000000000000023f       0x39 Drivers/STM32F3xx_HAL_Driver/Src/stm32f3xx_hal_gpio.o
 .ARM.attributes
                0x0000000000000278       0x39 Drivers/STM32F3xx_HAL_Driver/Src/stm32f3xx_hal_rcc.o
 .ARM.attributes
                0x00000000000002b1       0x39 Drivers/STM32F3xx_HAL_Driver/Src/stm32f3xx_hal_rcc_ex.o
 .ARM.attributes
                0x00000000000002ea       0x39 Drivers/STM32F3xx_HAL_Driver/Src/stm32f3xx_hal_tim.o
 .ARM.attributes
                0x0000000000000323       0x39 Drivers/STM32F3xx_HAL_Driver/Src/stm32f3xx_hal_tim_ex.o
 .ARM.attributes
                0x000000000000035c       0x39 Middlewares/Third_Party/FreeRTOS/Source/CMSIS_RTOS/cmsis_os.o
 .ARM.attributes
                0x0000000000000395       0x39 Middlewares/Third_Party/FreeRTOS/Source/list.o
 .ARM.attributes
                0x00000000000003ce       0x39 Middlewares/Third_Party/FreeRTOS/Source/queue.o
 .ARM.attributes
                0x0000000000000407       0x39 Middlewares/Third_Party/FreeRTOS/Source/tasks.o
 .ARM.attributes
                0x0000000000000440       0x39 Middlewares/Third_Party/FreeRTOS/Source/portable/GCC/ARM_CM4F/port.o
 .ARM.attributes
                0x0000000000000479       0x39 Middlewares/Third_Party/FreeRTOS/Source/portable/MemMang/heap_4.o
 .ARM.attributes
                0x00000000000004b2       0x34 c:/st/stm32cubeide_1.4.0/stm32cubeide/plugins/com.st.stm32cube.ide.mcu.externaltools.gnu-tools-for-stm32.7-2018-q2-update.win32_1.4.0.202007081208/tools/bin/../lib/gcc/arm-none-eabi/7.3.1/../../../../arm-none-eabi/lib/thumb/v7e-m/fpv4-sp/hard\libc_nano.a(lib_a-init.o)
 .ARM.attributes
                0x00000000000004e6       0x34 c:/st/stm32cubeide_1.4.0/stm32cubeide/plugins/com.st.stm32cube.ide.mcu.externaltools.gnu-tools-for-stm32.7-2018-q2-update.win32_1.4.0.202007081208/tools/bin/../lib/gcc/arm-none-eabi/7.3.1/../../../../arm-none-eabi/lib/thumb/v7e-m/fpv4-sp/hard\libc_nano.a(lib_a-memcpy-stub.o)
 .ARM.attributes
                0x000000000000051a       0x34 c:/st/stm32cubeide_1.4.0/stm32cubeide/plugins/com.st.stm32cube.ide.mcu.externaltools.gnu-tools-for-stm32.7-2018-q2-update.win32_1.4.0.202007081208/tools/bin/../lib/gcc/arm-none-eabi/7.3.1/../../../../arm-none-eabi/lib/thumb/v7e-m/fpv4-sp/hard\libc_nano.a(lib_a-memset.o)
 .ARM.attributes
                0x000000000000054e       0x22 c:/st/stm32cubeide_1.4.0/stm32cubeide/plugins/com.st.stm32cube.ide.mcu.externaltools.gnu-tools-for-stm32.7-2018-q2-update.win32_1.4.0.202007081208/tools/bin/../lib/gcc/arm-none-eabi/7.3.1/thumb/v7e-m/fpv4-sp/hard/crtn.o
OUTPUT(RTOS_002.elf elf32-littlearm)

.debug_info     0x0000000000000000    0x13117
 .debug_info    0x0000000000000000      0x347 Core/Src/freertos.o
 .debug_info    0x0000000000000347     0x15a1 Core/Src/main.o
 .debug_info    0x00000000000018e8      0x9a0 Core/Src/stm32f3xx_hal_msp.o
 .debug_info    0x0000000000002288      0xac6 Core/Src/stm32f3xx_hal_timebase_tim.o
 .debug_info    0x0000000000002d4e      0x793 Core/Src/stm32f3xx_it.o
 .debug_info    0x00000000000034e1      0x45c Core/Src/system_stm32f3xx.o
 .debug_info    0x000000000000393d       0x22 Core/Startup/startup_stm32f303retx.o
 .debug_info    0x000000000000395f      0x812 Drivers/STM32F3xx_HAL_Driver/Src/stm32f3xx_hal.o
 .debug_info    0x0000000000004171      0xdc9 Drivers/STM32F3xx_HAL_Driver/Src/stm32f3xx_hal_cortex.o
 .debug_info    0x0000000000004f3a      0x7c1 Drivers/STM32F3xx_HAL_Driver/Src/stm32f3xx_hal_gpio.o
 .debug_info    0x00000000000056fb     0x181f Drivers/STM32F3xx_HAL_Driver/Src/stm32f3xx_hal_rcc.o
 .debug_info    0x0000000000006f1a      0x708 Drivers/STM32F3xx_HAL_Driver/Src/stm32f3xx_hal_rcc_ex.o
 .debug_info    0x0000000000007622     0x2901 Drivers/STM32F3xx_HAL_Driver/Src/stm32f3xx_hal_tim.o
 .debug_info    0x0000000000009f23     0x144c Drivers/STM32F3xx_HAL_Driver/Src/stm32f3xx_hal_tim_ex.o
 .debug_info    0x000000000000b36f     0x1e5d Middlewares/Third_Party/FreeRTOS/Source/CMSIS_RTOS/cmsis_os.o
 .debug_info    0x000000000000d1cc      0xac5 Middlewares/Third_Party/FreeRTOS/Source/list.o
 .debug_info    0x000000000000dc91     0x1f2d Middlewares/Third_Party/FreeRTOS/Source/queue.o
 .debug_info    0x000000000000fbbe     0x243c Middlewares/Third_Party/FreeRTOS/Source/tasks.o
 .debug_info    0x0000000000011ffa      0x533 Middlewares/Third_Party/FreeRTOS/Source/portable/GCC/ARM_CM4F/port.o
 .debug_info    0x000000000001252d      0xbea Middlewares/Third_Party/FreeRTOS/Source/portable/MemMang/heap_4.o

.debug_abbrev   0x0000000000000000     0x295a
 .debug_abbrev  0x0000000000000000      0x109 Core/Src/freertos.o
 .debug_abbrev  0x0000000000000109      0x258 Core/Src/main.o
 .debug_abbrev  0x0000000000000361      0x1b7 Core/Src/stm32f3xx_hal_msp.o
 .debug_abbrev  0x0000000000000518      0x19d Core/Src/stm32f3xx_hal_timebase_tim.o
 .debug_abbrev  0x00000000000006b5      0x15a Core/Src/stm32f3xx_it.o
 .debug_abbrev  0x000000000000080f      0x12b Core/Src/system_stm32f3xx.o
 .debug_abbrev  0x000000000000093a       0x12 Core/Startup/startup_stm32f303retx.o
 .debug_abbrev  0x000000000000094c      0x1c7 Drivers/STM32F3xx_HAL_Driver/Src/stm32f3xx_hal.o
 .debug_abbrev  0x0000000000000b13      0x2fa Drivers/STM32F3xx_HAL_Driver/Src/stm32f3xx_hal_cortex.o
 .debug_abbrev  0x0000000000000e0d      0x1c0 Drivers/STM32F3xx_HAL_Driver/Src/stm32f3xx_hal_gpio.o
 .debug_abbrev  0x0000000000000fcd      0x28c Drivers/STM32F3xx_HAL_Driver/Src/stm32f3xx_hal_rcc.o
 .debug_abbrev  0x0000000000001259      0x219 Drivers/STM32F3xx_HAL_Driver/Src/stm32f3xx_hal_rcc_ex.o
 .debug_abbrev  0x0000000000001472      0x230 Drivers/STM32F3xx_HAL_Driver/Src/stm32f3xx_hal_tim.o
 .debug_abbrev  0x00000000000016a2      0x236 Drivers/STM32F3xx_HAL_Driver/Src/stm32f3xx_hal_tim_ex.o
 .debug_abbrev  0x00000000000018d8      0x379 Middlewares/Third_Party/FreeRTOS/Source/CMSIS_RTOS/cmsis_os.o
 .debug_abbrev  0x0000000000001c51      0x1cf Middlewares/Third_Party/FreeRTOS/Source/list.o
 .debug_abbrev  0x0000000000001e20      0x354 Middlewares/Third_Party/FreeRTOS/Source/queue.o
 .debug_abbrev  0x0000000000002174      0x338 Middlewares/Third_Party/FreeRTOS/Source/tasks.o
 .debug_abbrev  0x00000000000024ac      0x210 Middlewares/Third_Party/FreeRTOS/Source/portable/GCC/ARM_CM4F/port.o
 .debug_abbrev  0x00000000000026bc      0x29e Middlewares/Third_Party/FreeRTOS/Source/portable/MemMang/heap_4.o

.debug_aranges  0x0000000000000000      0xfb0
 .debug_aranges
                0x0000000000000000       0x20 Core/Src/freertos.o
 .debug_aranges
                0x0000000000000020       0x78 Core/Src/main.o
 .debug_aranges
                0x0000000000000098       0x38 Core/Src/stm32f3xx_hal_msp.o
 .debug_aranges
                0x00000000000000d0       0x30 Core/Src/stm32f3xx_hal_timebase_tim.o
 .debug_aranges
                0x0000000000000100       0x60 Core/Src/stm32f3xx_it.o
 .debug_aranges
                0x0000000000000160       0x28 Core/Src/system_stm32f3xx.o
 .debug_aranges
                0x0000000000000188       0x28 Core/Startup/startup_stm32f303retx.o
 .debug_aranges
                0x00000000000001b0       0xe0 Drivers/STM32F3xx_HAL_Driver/Src/stm32f3xx_hal.o
 .debug_aranges
                0x0000000000000290      0x118 Drivers/STM32F3xx_HAL_Driver/Src/stm32f3xx_hal_cortex.o
 .debug_aranges
                0x00000000000003a8       0x58 Drivers/STM32F3xx_HAL_Driver/Src/stm32f3xx_hal_gpio.o
 .debug_aranges
                0x0000000000000400       0x88 Drivers/STM32F3xx_HAL_Driver/Src/stm32f3xx_hal_rcc.o
 .debug_aranges
                0x0000000000000488       0x38 Drivers/STM32F3xx_HAL_Driver/Src/stm32f3xx_hal_rcc_ex.o
 .debug_aranges
                0x00000000000004c0      0x3e0 Drivers/STM32F3xx_HAL_Driver/Src/stm32f3xx_hal_tim.o
 .debug_aranges
                0x00000000000008a0      0x178 Drivers/STM32F3xx_HAL_Driver/Src/stm32f3xx_hal_tim_ex.o
 .debug_aranges
                0x0000000000000a18      0x1d8 Middlewares/Third_Party/FreeRTOS/Source/CMSIS_RTOS/cmsis_os.o
 .debug_aranges
                0x0000000000000bf0       0x40 Middlewares/Third_Party/FreeRTOS/Source/list.o
 .debug_aranges
                0x0000000000000c30      0x108 Middlewares/Third_Party/FreeRTOS/Source/queue.o
 .debug_aranges
                0x0000000000000d38      0x1a8 Middlewares/Third_Party/FreeRTOS/Source/tasks.o
 .debug_aranges
                0x0000000000000ee0       0x80 Middlewares/Third_Party/FreeRTOS/Source/portable/GCC/ARM_CM4F/port.o
 .debug_aranges
                0x0000000000000f60       0x50 Middlewares/Third_Party/FreeRTOS/Source/portable/MemMang/heap_4.o

.debug_ranges   0x0000000000000000      0xe78
 .debug_ranges  0x0000000000000000       0x10 Core/Src/freertos.o
 .debug_ranges  0x0000000000000010       0x68 Core/Src/main.o
 .debug_ranges  0x0000000000000078       0x28 Core/Src/stm32f3xx_hal_msp.o
 .debug_ranges  0x00000000000000a0       0x20 Core/Src/stm32f3xx_hal_timebase_tim.o
 .debug_ranges  0x00000000000000c0       0x50 Core/Src/stm32f3xx_it.o
 .debug_ranges  0x0000000000000110       0x18 Core/Src/system_stm32f3xx.o
 .debug_ranges  0x0000000000000128       0x20 Core/Startup/startup_stm32f303retx.o
 .debug_ranges  0x0000000000000148       0xd0 Drivers/STM32F3xx_HAL_Driver/Src/stm32f3xx_hal.o
 .debug_ranges  0x0000000000000218      0x108 Drivers/STM32F3xx_HAL_Driver/Src/stm32f3xx_hal_cortex.o
 .debug_ranges  0x0000000000000320       0x48 Drivers/STM32F3xx_HAL_Driver/Src/stm32f3xx_hal_gpio.o
 .debug_ranges  0x0000000000000368       0x78 Drivers/STM32F3xx_HAL_Driver/Src/stm32f3xx_hal_rcc.o
 .debug_ranges  0x00000000000003e0       0x28 Drivers/STM32F3xx_HAL_Driver/Src/stm32f3xx_hal_rcc_ex.o
 .debug_ranges  0x0000000000000408      0x3d0 Drivers/STM32F3xx_HAL_Driver/Src/stm32f3xx_hal_tim.o
 .debug_ranges  0x00000000000007d8      0x168 Drivers/STM32F3xx_HAL_Driver/Src/stm32f3xx_hal_tim_ex.o
 .debug_ranges  0x0000000000000940      0x1c8 Middlewares/Third_Party/FreeRTOS/Source/CMSIS_RTOS/cmsis_os.o
 .debug_ranges  0x0000000000000b08       0x30 Middlewares/Third_Party/FreeRTOS/Source/list.o
 .debug_ranges  0x0000000000000b38       0xf8 Middlewares/Third_Party/FreeRTOS/Source/queue.o
 .debug_ranges  0x0000000000000c30      0x198 Middlewares/Third_Party/FreeRTOS/Source/tasks.o
 .debug_ranges  0x0000000000000dc8       0x70 Middlewares/Third_Party/FreeRTOS/Source/portable/GCC/ARM_CM4F/port.o
 .debug_ranges  0x0000000000000e38       0x40 Middlewares/Third_Party/FreeRTOS/Source/portable/MemMang/heap_4.o

.debug_macro    0x0000000000000000    0x21120
 .debug_macro   0x0000000000000000      0x23a Core/Src/freertos.o
 .debug_macro   0x000000000000023a      0xa5a Core/Src/freertos.o
 .debug_macro   0x0000000000000c94      0x174 Core/Src/freertos.o
 .debug_macro   0x0000000000000e08       0x22 Core/Src/freertos.o
 .debug_macro   0x0000000000000e2a       0x8e Core/Src/freertos.o
 .debug_macro   0x0000000000000eb8       0x51 Core/Src/freertos.o
 .debug_macro   0x0000000000000f09       0xef Core/Src/freertos.o
 .debug_macro   0x0000000000000ff8       0x6a Core/Src/freertos.o
 .debug_macro   0x0000000000001062      0x1df Core/Src/freertos.o
 .debug_macro   0x0000000000001241       0xd6 Core/Src/freertos.o
 .debug_macro   0x0000000000001317      0x15a Core/Src/freertos.o
 .debug_macro   0x0000000000001471       0xd7 Core/Src/freertos.o
 .debug_macro   0x0000000000001548       0x10 Core/Src/freertos.o
 .debug_macro   0x0000000000001558       0x1f Core/Src/freertos.o
 .debug_macro   0x0000000000001577      0x4b7 Core/Src/freertos.o
 .debug_macro   0x0000000000001a2e       0xb5 Core/Src/freertos.o
 .debug_macro   0x0000000000001ae3       0x8c Core/Src/freertos.o
 .debug_macro   0x0000000000001b6f      0x151 Core/Src/freertos.o
 .debug_macro   0x0000000000001cc0       0x2e Core/Src/freertos.o
 .debug_macro   0x0000000000001cee       0x28 Core/Src/freertos.o
 .debug_macro   0x0000000000001d16       0x1c Core/Src/freertos.o
 .debug_macro   0x0000000000001d32       0x22 Core/Src/freertos.o
 .debug_macro   0x0000000000001d54       0xdf Core/Src/freertos.o
 .debug_macro   0x0000000000001e33     0x102d Core/Src/freertos.o
 .debug_macro   0x0000000000002e60      0x11f Core/Src/freertos.o
 .debug_macro   0x0000000000002f7f    0x15353 Core/Src/freertos.o
 .debug_macro   0x00000000000182d2       0x43 Core/Src/freertos.o
 .debug_macro   0x0000000000018315     0x35e9 Core/Src/freertos.o
 .debug_macro   0x000000000001b8fe       0x55 Core/Src/freertos.o
 .debug_macro   0x000000000001b953      0x954 Core/Src/freertos.o
 .debug_macro   0x000000000001c2a7      0x84a Core/Src/freertos.o
 .debug_macro   0x000000000001caf1      0x12f Core/Src/freertos.o
 .debug_macro   0x000000000001cc20      0x23a Core/Src/freertos.o
 .debug_macro   0x000000000001ce5a      0x1ea Core/Src/freertos.o
 .debug_macro   0x000000000001d044      0x1bc Core/Src/freertos.o
 .debug_macro   0x000000000001d200       0x30 Core/Src/freertos.o
 .debug_macro   0x000000000001d230       0x3c Core/Src/freertos.o
 .debug_macro   0x000000000001d26c      0x236 Core/Src/freertos.o
 .debug_macro   0x000000000001d4a2       0xc5 Core/Src/freertos.o
 .debug_macro   0x000000000001d567      0x21d Core/Src/freertos.o
 .debug_macro   0x000000000001d784      0x22c Core/Src/freertos.o
 .debug_macro   0x000000000001d9b0       0x5b Core/Src/freertos.o
 .debug_macro   0x000000000001da0b       0xa5 Core/Src/freertos.o
 .debug_macro   0x000000000001dab0       0x81 Core/Src/freertos.o
 .debug_macro   0x000000000001db31       0xd3 Core/Src/freertos.o
 .debug_macro   0x000000000001dc04      0xa3d Core/Src/freertos.o
 .debug_macro   0x000000000001e641       0xbb Core/Src/freertos.o
 .debug_macro   0x000000000001e6fc      0x347 Core/Src/freertos.o
 .debug_macro   0x000000000001ea43       0x9a Core/Src/freertos.o
 .debug_macro   0x000000000001eadd      0x285 Core/Src/main.o
 .debug_macro   0x000000000001ed62       0xd6 Core/Src/main.o
 .debug_macro   0x000000000001ee38       0x91 Core/Src/main.o
 .debug_macro   0x000000000001eec9       0x8d Core/Src/main.o
 .debug_macro   0x000000000001ef56       0x7e Core/Src/main.o
 .debug_macro   0x000000000001efd4       0x19 Core/Src/main.o
 .debug_macro   0x000000000001efed       0xf2 Core/Src/main.o
 .debug_macro   0x000000000001f0df      0x1d2 Core/Src/stm32f3xx_hal_msp.o
 .debug_macro   0x000000000001f2b1      0x1c3 Core/Src/stm32f3xx_hal_timebase_tim.o
 .debug_macro   0x000000000001f474      0x1dc Core/Src/stm32f3xx_it.o
 .debug_macro   0x000000000001f650      0x1c3 Core/Src/system_stm32f3xx.o
 .debug_macro   0x000000000001f813      0x1e7 Drivers/STM32F3xx_HAL_Driver/Src/stm32f3xx_hal.o
 .debug_macro   0x000000000001f9fa      0x1c3 Drivers/STM32F3xx_HAL_Driver/Src/stm32f3xx_hal_cortex.o
 .debug_macro   0x000000000001fbbd      0x1fb Drivers/STM32F3xx_HAL_Driver/Src/stm32f3xx_hal_gpio.o
 .debug_macro   0x000000000001fdb8      0x1e7 Drivers/STM32F3xx_HAL_Driver/Src/stm32f3xx_hal_rcc.o
 .debug_macro   0x000000000001ff9f      0x1c3 Drivers/STM32F3xx_HAL_Driver/Src/stm32f3xx_hal_rcc_ex.o
 .debug_macro   0x0000000000020162      0x1c4 Drivers/STM32F3xx_HAL_Driver/Src/stm32f3xx_hal_tim.o
 .debug_macro   0x0000000000020326      0x1c3 Drivers/STM32F3xx_HAL_Driver/Src/stm32f3xx_hal_tim_ex.o
 .debug_macro   0x00000000000204e9      0x1f1 Middlewares/Third_Party/FreeRTOS/Source/CMSIS_RTOS/cmsis_os.o
 .debug_macro   0x00000000000206da       0x10 Middlewares/Third_Party/FreeRTOS/Source/CMSIS_RTOS/cmsis_os.o
 .debug_macro   0x00000000000206ea       0x20 Middlewares/Third_Party/FreeRTOS/Source/CMSIS_RTOS/cmsis_os.o
 .debug_macro   0x000000000002070a       0xc7 Middlewares/Third_Party/FreeRTOS/Source/CMSIS_RTOS/cmsis_os.o
 .debug_macro   0x00000000000207d1      0x17a Middlewares/Third_Party/FreeRTOS/Source/list.o
 .debug_macro   0x000000000002094b      0x205 Middlewares/Third_Party/FreeRTOS/Source/queue.o
 .debug_macro   0x0000000000020b50       0x16 Middlewares/Third_Party/FreeRTOS/Source/queue.o
 .debug_macro   0x0000000000020b66      0x273 Middlewares/Third_Party/FreeRTOS/Source/tasks.o
 .debug_macro   0x0000000000020dd9       0x10 Middlewares/Third_Party/FreeRTOS/Source/tasks.o
 .debug_macro   0x0000000000020de9      0x196 Middlewares/Third_Party/FreeRTOS/Source/portable/GCC/ARM_CM4F/port.o
 .debug_macro   0x0000000000020f7f      0x1a1 Middlewares/Third_Party/FreeRTOS/Source/portable/MemMang/heap_4.o

.debug_line     0x0000000000000000     0xe000
 .debug_line    0x0000000000000000      0x7b3 Core/Src/freertos.o
 .debug_line    0x00000000000007b3      0x9b0 Core/Src/main.o
 .debug_line    0x0000000000001163      0x6f9 Core/Src/stm32f3xx_hal_msp.o
 .debug_line    0x000000000000185c      0x6ed Core/Src/stm32f3xx_hal_timebase_tim.o
 .debug_line    0x0000000000001f49      0x760 Core/Src/stm32f3xx_it.o
 .debug_line    0x00000000000026a9      0x6d8 Core/Src/system_stm32f3xx.o
 .debug_line    0x0000000000002d81       0x88 Core/Startup/startup_stm32f303retx.o
 .debug_line    0x0000000000002e09      0x894 Drivers/STM32F3xx_HAL_Driver/Src/stm32f3xx_hal.o
 .debug_line    0x000000000000369d      0x9c9 Drivers/STM32F3xx_HAL_Driver/Src/stm32f3xx_hal_cortex.o
 .debug_line    0x0000000000004066      0x86f Drivers/STM32F3xx_HAL_Driver/Src/stm32f3xx_hal_gpio.o
 .debug_line    0x00000000000048d5      0xe0f Drivers/STM32F3xx_HAL_Driver/Src/stm32f3xx_hal_rcc.o
 .debug_line    0x00000000000056e4      0xa37 Drivers/STM32F3xx_HAL_Driver/Src/stm32f3xx_hal_rcc_ex.o
 .debug_line    0x000000000000611b     0x27f7 Drivers/STM32F3xx_HAL_Driver/Src/stm32f3xx_hal_tim.o
 .debug_line    0x0000000000008912     0x14ed Drivers/STM32F3xx_HAL_Driver/Src/stm32f3xx_hal_tim_ex.o
 .debug_line    0x0000000000009dff      0xcc0 Middlewares/Third_Party/FreeRTOS/Source/CMSIS_RTOS/cmsis_os.o
 .debug_line    0x000000000000aabf      0x66c Middlewares/Third_Party/FreeRTOS/Source/list.o
 .debug_line    0x000000000000b12b      0xf6d Middlewares/Third_Party/FreeRTOS/Source/queue.o
 .debug_line    0x000000000000c098     0x1173 Middlewares/Third_Party/FreeRTOS/Source/tasks.o
 .debug_line    0x000000000000d20b      0x6a3 Middlewares/Third_Party/FreeRTOS/Source/portable/GCC/ARM_CM4F/port.o
 .debug_line    0x000000000000d8ae      0x752 Middlewares/Third_Party/FreeRTOS/Source/portable/MemMang/heap_4.o

.debug_str      0x0000000000000000    0xcce63
 .debug_str     0x0000000000000000    0xc1d0d Core/Src/freertos.o
                                      0xc23e4 (size before relaxing)
 .debug_str     0x00000000000c1d0d     0x320a Core/Src/main.o
                                      0xc57b4 (size before relaxing)
 .debug_str     0x00000000000c4f17       0x76 Core/Src/stm32f3xx_hal_msp.o
                                      0xbeee0 (size before relaxing)
 .debug_str     0x00000000000c4f8d       0xaa Core/Src/stm32f3xx_hal_timebase_tim.o
                                      0xbf140 (size before relaxing)
 .debug_str     0x00000000000c5037       0xba Core/Src/stm32f3xx_it.o
                                      0xbee77 (size before relaxing)
 .debug_str     0x00000000000c50f1       0xbd Core/Src/system_stm32f3xx.o
                                      0xbe73d (size before relaxing)
 .debug_str     0x00000000000c51ae       0x36 Core/Startup/startup_stm32f303retx.o
                                         0x6b (size before relaxing)
 .debug_str     0x00000000000c51e4      0x2cc Drivers/STM32F3xx_HAL_Driver/Src/stm32f3xx_hal.o
                                      0xbef44 (size before relaxing)
 .debug_str     0x00000000000c54b0      0x3ab Drivers/STM32F3xx_HAL_Driver/Src/stm32f3xx_hal_cortex.o
                                      0xbf052 (size before relaxing)
 .debug_str     0x00000000000c585b      0x26d Drivers/STM32F3xx_HAL_Driver/Src/stm32f3xx_hal_gpio.o
                                      0xbea1b (size before relaxing)
 .debug_str     0x00000000000c5ac8      0x2f2 Drivers/STM32F3xx_HAL_Driver/Src/stm32f3xx_hal_rcc.o
                                      0xbebaf (size before relaxing)
 .debug_str     0x00000000000c5dba       0xd8 Drivers/STM32F3xx_HAL_Driver/Src/stm32f3xx_hal_rcc_ex.o
                                      0xbe9f9 (size before relaxing)
 .debug_str     0x00000000000c5e92      0xd97 Drivers/STM32F3xx_HAL_Driver/Src/stm32f3xx_hal_tim.o
                                      0xbfaf9 (size before relaxing)
 .debug_str     0x00000000000c6c29      0x579 Drivers/STM32F3xx_HAL_Driver/Src/stm32f3xx_hal_tim_ex.o
                                      0xbf326 (size before relaxing)
 .debug_str     0x00000000000c71a2     0x36a2 Middlewares/Third_Party/FreeRTOS/Source/CMSIS_RTOS/cmsis_os.o
                                       0xdd97 (size before relaxing)
 .debug_str     0x00000000000ca844      0x225 Middlewares/Third_Party/FreeRTOS/Source/list.o
                                       0xa4df (size before relaxing)
 .debug_str     0x00000000000caa69      0x7d3 Middlewares/Third_Party/FreeRTOS/Source/queue.o
                                       0xbb93 (size before relaxing)
 .debug_str     0x00000000000cb23c     0x11ca Middlewares/Third_Party/FreeRTOS/Source/tasks.o
                                       0xc6cc (size before relaxing)
 .debug_str     0x00000000000cc406      0x803 Middlewares/Third_Party/FreeRTOS/Source/portable/GCC/ARM_CM4F/port.o
                                       0x81d8 (size before relaxing)
 .debug_str     0x00000000000ccc09      0x25a Middlewares/Third_Party/FreeRTOS/Source/portable/MemMang/heap_4.o
                                       0xac02 (size before relaxing)

.comment        0x0000000000000000       0x7b
 .comment       0x0000000000000000       0x7b Core/Src/freertos.o
                                         0x7c (size before relaxing)
 .comment       0x000000000000007b       0x7c Core/Src/main.o
 .comment       0x000000000000007b       0x7c Core/Src/stm32f3xx_hal_msp.o
 .comment       0x000000000000007b       0x7c Core/Src/stm32f3xx_hal_timebase_tim.o
 .comment       0x000000000000007b       0x7c Core/Src/stm32f3xx_it.o
 .comment       0x000000000000007b       0x7c Core/Src/system_stm32f3xx.o
 .comment       0x000000000000007b       0x7c Drivers/STM32F3xx_HAL_Driver/Src/stm32f3xx_hal.o
 .comment       0x000000000000007b       0x7c Drivers/STM32F3xx_HAL_Driver/Src/stm32f3xx_hal_cortex.o
 .comment       0x000000000000007b       0x7c Drivers/STM32F3xx_HAL_Driver/Src/stm32f3xx_hal_gpio.o
 .comment       0x000000000000007b       0x7c Drivers/STM32F3xx_HAL_Driver/Src/stm32f3xx_hal_rcc.o
 .comment       0x000000000000007b       0x7c Drivers/STM32F3xx_HAL_Driver/Src/stm32f3xx_hal_rcc_ex.o
 .comment       0x000000000000007b       0x7c Drivers/STM32F3xx_HAL_Driver/Src/stm32f3xx_hal_tim.o
 .comment       0x000000000000007b       0x7c Drivers/STM32F3xx_HAL_Driver/Src/stm32f3xx_hal_tim_ex.o
 .comment       0x000000000000007b       0x7c Middlewares/Third_Party/FreeRTOS/Source/CMSIS_RTOS/cmsis_os.o
 .comment       0x000000000000007b       0x7c Middlewares/Third_Party/FreeRTOS/Source/list.o
 .comment       0x000000000000007b       0x7c Middlewares/Third_Party/FreeRTOS/Source/queue.o
 .comment       0x000000000000007b       0x7c Middlewares/Third_Party/FreeRTOS/Source/tasks.o
 .comment       0x000000000000007b       0x7c Middlewares/Third_Party/FreeRTOS/Source/portable/GCC/ARM_CM4F/port.o
 .comment       0x000000000000007b       0x7c Middlewares/Third_Party/FreeRTOS/Source/portable/MemMang/heap_4.o

.debug_frame    0x0000000000000000     0x40a0
 .debug_frame   0x0000000000000000       0x38 Core/Src/freertos.o
 .debug_frame   0x0000000000000038      0x1c0 Core/Src/main.o
 .debug_frame   0x00000000000001f8       0xac Core/Src/stm32f3xx_hal_msp.o
 .debug_frame   0x00000000000002a4       0x74 Core/Src/stm32f3xx_hal_timebase_tim.o
 .debug_frame   0x0000000000000318      0x104 Core/Src/stm32f3xx_it.o
 .debug_frame   0x000000000000041c       0x58 Core/Src/system_stm32f3xx.o
 .debug_frame   0x0000000000000474      0x334 Drivers/STM32F3xx_HAL_Driver/Src/stm32f3xx_hal.o
 .debug_frame   0x00000000000007a8      0x498 Drivers/STM32F3xx_HAL_Driver/Src/stm32f3xx_hal_cortex.o
 .debug_frame   0x0000000000000c40      0x14c Drivers/STM32F3xx_HAL_Driver/Src/stm32f3xx_hal_gpio.o
 .debug_frame   0x0000000000000d8c      0x214 Drivers/STM32F3xx_HAL_Driver/Src/stm32f3xx_hal_rcc.o
 .debug_frame   0x0000000000000fa0       0xb4 Drivers/STM32F3xx_HAL_Driver/Src/stm32f3xx_hal_rcc_ex.o
 .debug_frame   0x0000000000001054     0x121c Drivers/STM32F3xx_HAL_Driver/Src/stm32f3xx_hal_tim.o
 .debug_frame   0x0000000000002270      0x688 Drivers/STM32F3xx_HAL_Driver/Src/stm32f3xx_hal_tim_ex.o
 .debug_frame   0x00000000000028f8      0x80c Middlewares/Third_Party/FreeRTOS/Source/CMSIS_RTOS/cmsis_os.o
 .debug_frame   0x0000000000003104       0xd8 Middlewares/Third_Party/FreeRTOS/Source/list.o
 .debug_frame   0x00000000000031dc      0x46c Middlewares/Third_Party/FreeRTOS/Source/queue.o
 .debug_frame   0x0000000000003648      0x734 Middlewares/Third_Party/FreeRTOS/Source/tasks.o
 .debug_frame   0x0000000000003d7c      0x1a8 Middlewares/Third_Party/FreeRTOS/Source/portable/GCC/ARM_CM4F/port.o
 .debug_frame   0x0000000000003f24      0x108 Middlewares/Third_Party/FreeRTOS/Source/portable/MemMang/heap_4.o
 .debug_frame   0x000000000000402c       0x2c c:/st/stm32cubeide_1.4.0/stm32cubeide/plugins/com.st.stm32cube.ide.mcu.externaltools.gnu-tools-for-stm32.7-2018-q2-update.win32_1.4.0.202007081208/tools/bin/../lib/gcc/arm-none-eabi/7.3.1/../../../../arm-none-eabi/lib/thumb/v7e-m/fpv4-sp/hard\libc_nano.a(lib_a-init.o)
 .debug_frame   0x0000000000004058       0x28 c:/st/stm32cubeide_1.4.0/stm32cubeide/plugins/com.st.stm32cube.ide.mcu.externaltools.gnu-tools-for-stm32.7-2018-q2-update.win32_1.4.0.202007081208/tools/bin/../lib/gcc/arm-none-eabi/7.3.1/../../../../arm-none-eabi/lib/thumb/v7e-m/fpv4-sp/hard\libc_nano.a(lib_a-memcpy-stub.o)
 .debug_frame   0x0000000000004080       0x20 c:/st/stm32cubeide_1.4.0/stm32cubeide/plugins/com.st.stm32cube.ide.mcu.externaltools.gnu-tools-for-stm32.7-2018-q2-update.win32_1.4.0.202007081208/tools/bin/../lib/gcc/arm-none-eabi/7.3.1/../../../../arm-none-eabi/lib/thumb/v7e-m/fpv4-sp/hard\libc_nano.a(lib_a-memset.o)
