main.c:92:5:main	192	static
main.c:199:6:SystemClock_Config	160	static
main.c:248:13:MX_TIM1_Init	56	static
main.c:312:13:MX_TIM3_Init	64	static
main.c:376:13:MX_USART2_UART_Init	8	static
main.c:411:13:MX_GPIO_Init	48	static
main.c:444:6:set_PWM	40	static
main.c:459:6:HAL_TIM_IC_CaptureCallback	16	static
main.c:515:6:HAL_GPIO_EXTI_Callback	16	static
main.c:532:6:Task1_App	16	static
main.c:554:6:Task2_App	16	static
main.c:574:6:TaskPWM_App	104	static
main.c:624:6:readMotorSpeed_App	24	static
main.c:684:6:uartSend_App	40	static
main.c:717:6:HAL_TIM_PeriodElapsedCallback	16	static
main.c:737:6:Error_Handler	4	static
